2019 12:21:46

rst:0xï¿½     : 40MHz[0m
[0;32mI (44) boot.esp32: SPI Mode       : DIO[0m
[0;32mI (49) boot.esp32: SPI Flash Size : 4MB[0m
[0;32mI (53) boot: Enabling RNG early entropy source...[0m
[0;32mI (59)ï¿½ets Jul 29 2019 12:21:46

rst:0x1 (POWERON_RESET),boot:0x13 (SPI_FAST_FLASH_BOOT)
configsip: 0, SPIWP:0xee
clk_drv:0x00,q_drv:0x00,d_drv:0x00,cs0_drv:0x00,hd_drv:0x00,wp_drv:0x00
mode:DIO, clock div:2
load:0x3fff0030,len:7176
load:0x40078000,len:15564
ho 0 tail 12 room 4
load:0x40080400,len:4
load:0x40080404,len:3904
entry 0x40080640
[0;32mI (31) boot: ESP-IDF v5.3.1-dirty 2nd stage bootloader[0m
[0;32mI (31) boot: compile time Jan  3 2025 20:09:16[0m
[0;32mI (31) boot: Multicore bootloader[0m
[0;32mI (36) boot: chip revision: v3.0[0m
[0;32mI (40) boot.esp32: SPI Speed      : 40MHz[0m
[0;32mI (44) boot.esp32: SPI Mode       : DIO[0m
[0;32mI (49) boot.esp32: SPI Flash Size : 4MB[0m
[0;32mI (53) boot: Enabling RNG early entropy source...[0m
[0;32mI (59) boot: Partition Table:[0m
[0;32mI (62) boot: ## Label            Usage          Type ST Offset   Length[0m
[0;32mI (70) boot:  0 nvs              WiFi data        01 02 00009000 00006000[0m
[0;32mI (77) boot:  1 phy_init         RF data          01 01 0000f000 00001000[0m
[0;32mI (85) boot:  2 factory          factory app      00 00 00010000 00100000[0m
[0;32mI (92) boot: End of partition table[0m
[0;32mI (96) esp_image: segment 0: paddr=00010020 vaddr=3f400020 size=2a998h (174488) map[0m
[0;32mI (165) esp_image: segment 1: paddr=0003a9c0 vaddr=3ffb0000 size=03f98h ( 16280) load[0m
[0;32mI (171) esp_image: segment 2: paddr=0003e960 vaddr=40080000 size=016b8h (  5816) load[0m
[0;32mI (173) esp_image: segment 3: paddr=00040020 vaddr=400d0020 size=b5ca8h (744616) map[0m
[0;32mI (434) esp_image: segment 4: paddr=000f5cd0 vaddr=400816b8 size=17c80h ( 97408) load[0m
[0;32mI (485) boot: Loaded app from partition at offset 0x10000[0m
[0;32mI (485) boot: Disabling RNG early entropy source...[0m
[0;32mI (497) cpu_start: Multicore app[0m
[0;32mI (505) cpu_start: Pro cpu start user code[0m
[0;32mI (505) cpu_start: cpu freq: 160000000 Hz[0m
[0;32mI (506) app_init: Application information:[0m
[0;32mI (508) app_init: Project name:     Measure_Power_AC[0m
[0;32mI (514) app_init: App version:      6cc6703-dirty[0m
[0;32mI (519) app_init: Compile time:     Jan  3 2025 20:09:10[0m
[0;32mI (525) app_init: ELF file SHA256:  e4dcb2657...[0m
[0;32mI (531) app_init: ESP-IDF:          v5.3.1-dirty[0m
[0;32mI (536) efuse_init: Min chip rev:     v0.0[0m
[0;32mI (541) efuse_init: Max chip rev:     v3.99 [0m
[0;32mI (546) efuse_init: Chip rev:         v3.0[0m
[0;32mI (551) heap_init: Initializing. RAM available for dynamic allocation:[0m
[0;32mI (558) heap_init: At 3FFAE6E0 len 00001920 (6 KiB): DRAM[0m
[0;32mI (564) heap_init: At 3FFB9B60 len 000264A0 (153 KiB): DRAM[0m
[0;32mI (570) heap_init: At 3FFE0440 len 00003AE0 (14 KiB): D/IRAM[0m
[0;32mI (576) heap_init: At 3FFE4350 len 0001BCB0 (111 KiB): D/IRAM[0m
[0;32mI (583) heap_init: At 40099338 len 00006CC8 (27 KiB): IRAM[0m
[0;32mI (591) spi_flash: detected chip: generic[0m
[0;32mI (594) spi_flash: flash io: dio[0m
[0;33mW (598) i2c: This driver is an old driver, please migrate your application code to adapt `driver/i2c_master.h`[0m
[0;32mI (609) main_task: Started on CPU0[0m
[0;32mI (613) main_task: Calling app_main()[0m
RTC is running. Reading current data...
[0;32mI (651) gpio: GPIO[13]| InputEn: 1| OutputEn: 0| OpenDrain: 0| Pullup: 1| Pulldown: 0| Intr:3 [0m
[0;32mI (653) uart: queue free spaces: 10[0m
[0;32mI (661) main_task: Returned from app_main()[0m
I (662) wifi:wifi driver task: 3ffcbd64, prio:23, stack:6656, core=0
I (669) wifi:wifi firmware version: ccaebfa
I (671) wifi:wifi certification version: v7.0
I (675) wifi:config NVS flash: disabled
I (679) wifi:config nano formating: disabled
I (683) wifi:Init data frame dynamic rx buffer num: 32
I (688) wifi:Init static rx mgmt buffer num: 5
I (692) wifi:Init management short buffer num: 32
I (696) wifi:Init dynamic tx buffer num: 32
I (700) wifi:Init static rx buffer size: 1600
I (704) wifi:Init static rx buffer num: 10
I (708) wifi:Init dynamic rx buffer num: 32
[0;32mI (713) wifi_init: rx ba win: 6[0m
[0;32mI (716) wifi_init: accept mbox: 6[0m
[0;32mI (720) wifi_init: tcpip mbox: 32[0m
[0;32mI (724) wifi_init: udp mbox: 6[0m
[0;32mI (727) wifi_init: tcp mbox: 6[0m
[0;32mI (731) wifi_init: tcp tx win: 5760[0m
[0;32mI (735) wifi_init: tcp rx win: 5760[0m
[0;32mI (740) wifi_init: tcp mss: 1440[0m
[0;32mI (743) wifi_init: WiFi IRAM OP enabled[0m
[0;32mI (748) wifi_init: WiFi RX IRAM OP enabled[0m
[0;32mI (754) phy_init: phy_version 4830,54550f7,Jun 20 2024,14:22:08[0m
I (837) wifi:mode : sta (b8:d6:1a:6a:3d:0c)
I (838) wifi:enable tsf
E (840) wifi:NAN WiFi stop
I (841) wifi:flush txq
I (841) wifi:stop sw txq
I (841) wifi:lmac stop hw txq
I (845) wifi:mode : sta (b8:d6:1a:6a:3d:0c)
I (846) wifi:enable tsf
Starting WiFi Scan Round 1
Starting WiFi Scan Round 2
Starting WiFi Scan Round 3
[0;32mI (8359) scan: SSID 		ABC[0m
[0;32mI (8359) scan: RSSI 		-57[0m
[0;32mI (8359) scan: Authmode 	WIFI_AUTH_WPA2_PSK[0m
[0;32mI (8360) scan: Pairwise Cipher 	WIFI_CIPHER_TYPE_CCMP[0m
[0;32mI (8365) scan: Group Cipher 	WIFI_CIPHER_TYPE_CCMP[0m
[0;32mI (8371) scan: Channel 		6
[0m
[0;32mI (8374) scan: SSID 		ABCD[0m
[0;32mI (8378) scan: RSSI 		-59[0m
[0;32mI (8381) scan: Authmode 	WIFI_AUTH_WPA_WPA2_PSK[0m
[0;32mI (8386) scan: Pairwise Cipher 	WIFI_CIPHER_TYPE_TKIP_CCMP[0m
[0;32mI (8393) scan: Group Cipher 	WIFI_CIPHER_TYPE_TKIP[0m
[0;32mI (8398) scan: Channel 		11
[0m
[0;32mI (8402) scan: SSID 		Tiger[0m
[0;32mI (8405) scan: RSSI 		-59[0m
[0;32mI (8408) scan: Authmode 	WIFI_AUTH_WPA2_PSK[0m
[0;32mI (8413) scan: Pairwise Cipher 	WIFI_CIPHER_TYPE_CCMP[0m
[0;32mI (8419) scan: Group Cipher 	WIFI_CIPHER_TYPE_CCMP[0m
[0;32mI (8424) scan: Channel 		11
[0m
[0;32mI (8428) scan: SSID 		Ngoi Nha Nho[0m
[0;32mI (8432) scan: RSSI 		-68[0m
[0;32mI (8435) scan: Authmode 	WIFI_AUTH_WPA_WPA2_PSK[0m
[0;32mI (8441) scan: Pairwise Cipher 	WIFI_CIPHER_TYPE_TKIP_CCMP[0m
[0;32mI (8447) scan: Group Cipher 	WIFI_CIPHER_TYPE_TKIP[0m
[0;32mI (8452) scan: Channel 		11
[0m
[0;32mI (8456) scan: SSID 		Dung Xai Ke[0m
[0;32mI (8460) scan: RSSI 		-70[0m
[0;32mI (8463) scan: Authmode 	WIFI_AUTH_WPA_WPA2_PSK[0m
[0;32mI (8468) scan: Pairwise Cipher 	WIFI_CIPHER_TYPE_TKIP_CCMP[0m
[0;32mI (8475) scan: Group Cipher 	WIFI_CIPHER_TYPE_TKIP[0m
[0;32mI (8480) scan: Channel 		11
[0m
[0;32mI (8484) scan: SSID 		Nhan House[0m
[0;32mI (8488) scan: RSSI 		-71[0m
[0;32mI (8491) scan: Authmode 	WIFI_AUTH_WPA_WPA2_PSK[0m
[0;32mI (8496) scan: Pairwise Cipher 	WIFI_CIPHER_TYPE_TKIP_CCMP[0m
[0;32mI (8502) scan: Group Cipher 	WIFI_CIPHER_TYPE_TKIP[0m
[0;32mI (8508) scan: Channel 		3
[0m
[0;32mI (8511) scan: SSID 		MAI[0m
[0;32mI (8515) scan: RSSI 		-79[0m
[0;32mI (8518) scan: Authmode 	WIFI_AUTH_WPA_WPA2_PSK[0m
[0;32mI (8523) scan: Pairwise Cipher 	WIFI_CIPHER_TYPE_CCMP[0m
[0;32mI (8529) scan: Group Cipher 	WIFI_CIPHER_TYPE_CCMP[0m
[0;32mI (8534) scan: Channel 		1
[0m
[0;32mI (8538) scan: SSID 		Phuc Messi[0m
[0;32mI (8542) scan: RSSI 		-79[0m
[0;32mI (8545) scan: Authmode 	WIFI_AUTH_WPA2_PSK[0m
[0;32mI (8550) scan: Pairwise Cipher 	WIFI_CIPHER_TYPE_CCMP[0m
[0;32mI (8556) scan: Group Cipher 	WIFI_CIPHER_TYPE_CCMP[0m
[0;32mI (8561) scan: Channel 		6
[0m
[0;32mI (8565) scan: SSID 		Tan Phuc[0m
[0;32mI (8568) scan: RSSI 		-81[0m
[0;32mI (8572) scan: Authmode 	WIFI_AUTH_WPA2_PSK[0m
[0;32mI (8577) scan: Pairwise Cipher 	WIFI_CIPHER_TYPE_CCMP[0m
[0;32mI (8582) scan: Group Cipher 	WIFI_CIPHER_TYPE_CCMP[0m
[0;32mI (8588) scan: Channel 		2
[0m
[0;32mI (8591) scan: SSID 		Tuong Ly[0m
[0;32mI (8595) scan: RSSI 		-82[0m
[0;32mI (8598) scan: Authmode 	WIFI_AUTH_WPA_WPA2_PSK[0m
[0;32mI (8604) scan: Pairwise Cipher 	WIFI_CIPHER_TYPE_CCMP[0m
[0;32mI (8609) scan: Group Cipher 	WIFI_CIPHER_TYPE_CCMP[0m
[0;32mI (8615) scan: Channel 		11
[0m
Check matching Ssid
8
opening NVS Read handle Done 
opening NVS Read handle Done 
opening NVS Read handle Done 
opening NVS Read handle Done 
opening NVS Read handle Done 
opening NVS Read handle Done 
opening NVS Read handle Done 
opening NVS Read handle Done 
Check matching Ssid
8
opening NVS Read handle Done 
opening NVS Read handle Done 
opening NVS Read handle Done 
opening NVS Read handle Done 
opening NVS Read handle Done 
opening NVS Read handle Done 
opening NVS Read handle Done 
opening NVS Read handle Done 
Check matching Ssid
8
opening NVS Read handle Done 
opening NVS Read handle Done 
opening NVS Read handle Done 
opening NVS Read handle Done 
opening NVS Read handle Done 
opening NVS Read handle Done 
opening NVS Read handle Done 
opening NVS Read handle Done 
Check matching Ssid
8
opening NVS Read handle Done 
opening NVS Read handle Done 
opening NVS Read handle Done 
opening NVS Read handle Done 
opening NVS Read handle Done 
opening NVS Read handle Done 
opening NVS Read handle Done 
opening NVS Read handle Done 
Check matching Ssid
8
opening NVS Read handle Done 
opening NVS Read handle Done 
opening NVS Read handle Done 
opening NVS Read handle Done 
opening NVS Read handle Done 
opening NVS Read handle Done 
opening NVS Read handle Done 
opening NVS Read handle Done 
Check matching Ssid
8
opening NVS Read handle Done 
opening NVS Read handle Done 
opening NVS Read handle Done 
opening NVS Read handle Done 
opening NVS Read handle Done 
opening NVS Read handle Done 
opening NVS Read handle Done 
opening NVS Read handle Done 
Check matching Ssid
8
opening NVS Read handle Done 
opening NVS Read handle Done 
opening NVS Read handle Done 
opening NVS Read handle Done 
opening NVS Read handle Done 
opening NVS Read handle Done 
opening NVS Read handle Done 
opening NVS Read handle Done 
Check matching Ssid
8
opening NVS Read handle Done 
opening NVS Read handle Done 
opening NVS Read handle Done 
opening NVS Read handle Done 
opening NVS Read handle Done 
opening NVS Read handle Done 
opening NVS Read handle Done 
opening NVS Read handle Done 
Check matching Ssid
8
opening NVS Read handle Done 
opening NVS Read handle Done 
opening NVS Read handle Done 
opening NVS Read handle Done 
opening NVS Read handle Done 
opening NVS Read handle Done 
opening NVS Read handle Done 
opening NVS Read handle Done 
Check matching Ssid
8
opening NVS Read handle Done 
opening NVS Read handle Done 
opening NVS Read handle Done 
opening NVS Read handle Done 
opening NVS Read handle Done 
opening NVS Read handle Done 
opening NVS Read handle Done 
opening NVS Read handle Done 
Check matching Ssid
8
opening NVS Read handle Done 
opening NVS Read handle Done 
opening NVS Read handle Done 
opening NVS Read handle Done 
opening NVS Read handle Done 
opening NVS Read handle Done 
opening NVS Read handle Done 
opening NVS Read handle Done 
return -1
I (8940) smartconfig: SC version: V3.0.1
I (13783) wifi:ic_enable_sniffer
I (13785) smartconfig: Start to find channel...
[0;32mI (13786) smartconfig: Scan done[0m
ets Jul 29 2019 12:21:46

rst:0x1 (POWERON_RESET),boot:0x13 (SPI_FAST_FLASH_BOOT)
configsip: 0, SPIWP:0xee
clk_drv:0x00,q_drv:0x00,d_drv:0x00,cs0_drv:0x00,hd_drv:0x00,wp_drv:0x00
mode:DIO, clock div:2
load:0x3fff0030,len:7176
load:0x40078000,len:15564
ho 0 tail 12 room 4
load:0x40080400,len:4
load:0x40080404,len:3904
entry 0x40080640
[0;32mI (31) boot: ESP-IDF v5.3.1-dirty 2nd stage bootloader[0m
[0;32mI (31) boot: compile time Jan  3 2025 20:09:16[0m
[0;32mI (31) boot: Multicore bootloader[0m
[0;32mI (36) boot: chip revision: v3.0[0m
[0;32mI (40) boot.esp32: SPI Speed      : 40MHz[0m
[0;32mI (44) boot.esp32: SPI Mode       : DIO[0m
[0;32mI (49) boot.esp32: SPI Flash Size : 4MB[0m
[0;32mI (53) boot: Enabling RNG early entropy source...[0m
[0;32mI (59) boot: Partition Table:[0m
[0;32mI (62) boot: ## Label            Usage          Type ST Offset   Length[0m
[0;32mI (70) boot:  0 nvs              WiFi data        01 02 00009000 00006000[0m
[0;32mI (77) boot:  1 phy_init         RF data          01 01 0000f000 00001000[0m
[0;32mI (85) boot:  2 factory          factory app      00 00 00010000 00100000[0m
[0;32mI (92) boot: End of partition table[0m
[0;32mI (96) esp_image: segment 0: paddr=00010020 vaddr=3f400020 size=2a998h (174488) map[0m
[0;32mI (165) esp_image: segment 1: paddr=0003a9c0 vaddr=3ffb0000 size=03f98h ( 16280) load[0m
[0;32mI (171) esp_image: segment 2: paddr=0003e960 vaddr=40080000 size=016b8h (  5816) load[0m
[0;32mI (173) esp_image: segment 3: paddr=00040020 vaddr=400d0020 size=b5ca8h (744616) map[0m
[0;32mI (434) esp_image: segment 4: paddr=000f5cd0 vaddr=400816b8 size=17c80h ( 97408) load[0m
[0;32mI (485) boot: Loaded app from partition at offset 0x10000[0m
[0;32mI (485) boot: Disabling RNG early entropy source...[0m
[0;32mI (497) cpu_start: Multicore app[0m
[0;32mI (505) cpu_start: Pro cpu start user code[0m
[0;32mI (505) cpu_start: cpu freq: 160000000 Hz[0m
[0;32mI (506) app_init: Application information:[0m
[0;32mI (508) app_init: Project name:     Measure_Power_AC[0m
[0;32mI (514) app_init: App version:      6cc6703-dirty[0m
[0;32mI (519) app_init: Compile time:     Jan  3 2025 20:09:10[0m
[0;32mI (525) app_init: ELF file SHA256:  e4dcb2657...[0m
[0;32mI (531) app_init: ESP-IDF:          v5.3.1-dirty[0m
[0;32mI (536) efuse_init: Min chip rev:     v0.0[0m
[0;32mI (541) efuse_init: Max chip rev:     v3.99 [0m
[0;32mI (546) efuse_init: Chip rev:         v3.0[0m
[0;32mI (551) heap_init: Initializing. RAM available for dynamic allocation:[0m
[0;32mI (558) heap_init: At 3FFAE6E0 len 00001920 (6 KiB): DRAM[0m
[0;32mI (564) heap_init: At 3FFB9B60 len 000264A0 (153 KiB): DRAM[0m
[0;32mI (570) heap_init: At 3FFE0440 len 00003AE0 (14 KiB): D/IRAM[0m
[0;32mI (576) heap_init: At 3FFE4350 len 0001BCB0 (111 KiB): D/IRAM[0m
[0;32mI (583) heap_init: At 40099338 len 00006CC8 (27 KiB): IRAM[0m
[0;32mI (591) spi_flash: detected chip: generic[0m
[0;32mI (594) spi_flash: flash io: dio[0m
[0;33mW (598) i2c: This driver is an old driver, please migrate your application code to adapt `driver/i2c_master.h`[0m
[0;32mI (609) main_task: Started on CPU0[0m
[0;32mI (613) main_task: Calling app_main()[0m
RTC is running. Reading current data...
[0;32mI (649) gpio: GPIO[13]| InputEn: 1| OutputEn: 0| OpenDrain: 0| Pullup: 1| Pulldown: 0| Intr:3 [0m
[0;32mI (651) uart: queue free spaces: 10[0m
[0;32mI (659) main_task: Returned from app_main()[0m
I (660) wifi:wifi driver task: 3ffcbd64, prio:23, stack:6656, core=0
I (667) wifi:wifi firmware version: ccaebfa
I (669) wifi:wifi certification version: v7.0
I (673) wifi:config NVS flash: disabled
I (676) wifi:config nano formating: disabled
I (681) wifi:Init data frame dynamic rx buffer num: 32
I (686) wifi:Init static rx mgmt buffer num: 5
I (689) wifi:Init management short buffer num: 32
I (694) wifi:Init dynamic tx buffer num: 32
I (698) wifi:Init static rx buffer size: 1600
I (702) wifi:Init static rx buffer num: 10
I (706) wifi:Init dynamic rx buffer num: 32
[0;32mI (711) wifi_init: rx ba win: 6[0m
[0;32mI (713) wifi_init: accept mbox: 6[0m
[0;32mI (717) wifi_init: tcpip mbox: 32[0m
[0;32mI (721) wifi_init: udp mbox: 6[0m
[0;32mI (725) wifi_init: tcp mbox: 6[0m
[0;32mI (729) wifi_init: tcp tx win: 5760[0m
[0;32mI (733) wifi_init: tcp rx win: 5760[0m
[0;32mI (737) wifi_init: tcp mss: 1440[0m
[0;32mI (741) wifi_init: WiFi IRAM OP enabled[0m
[0;32mI (746) wifi_init: WiFi RX IRAM OP enabled[0m
[0;32mI (751) phy_init: phy_version 4830,54550f7,Jun 20 2024,14:22:08[0m
I (834) wifi:mode : sta (b8:d6:1a:6a:3d:0c)
I (835) wifi:enable tsf
E (838) wifi:NAN WiFi stop
I (839) wifi:flush txq
I (839) wifi:stop sw txq
I (839) wifi:lmac stop hw txq
I (843) wifi:mode : sta (b8:d6:1a:6a:3d:0c)
I (844) wifi:enable tsf
Starting WiFi Scan Round 1
Starting WiFi Scan Round 2
Starting WiFi Scan Round 3
[0;32mI (8355) scan: SSID 		QUOCTHANG[0m
[0;32mI (8356) scan: RSSI 		-50[0m
[0;32mI (8356) scan: Authmode 	WIFI_AUTH_WPA2_PSK[0m
[0;32mI (8357) scan: Pairwise Cipher 	WIFI_CIPHER_TYPE_CCMP[0m
[0;32mI (8363) scan: Group Cipher 	WIFI_CIPHER_TYPE_CCMP[0m
[0;32mI (8368) scan: Channel 		11
[0m
[0;32mI (8372) scan: SSID 		Tiger[0m
[0;32mI (8376) scan: RSSI 		-53[0m
[0;32mI (8379) scan: Authmode 	WIFI_AUTH_WPA2_PSK[0m
[0;32mI (8384) scan: Pairwise Cipher 	WIFI_CIPHER_TYPE_CCMP[0m
[0;32mI (8389) scan: Group Cipher 	WIFI_CIPHER_TYPE_CCMP[0m
[0;32mI (8395) scan: Channel 		11
[0m
[0;32mI (8399) scan: SSID 		Nhan House[0m
[0;32mI (8402) scan: RSSI 		-59[0m
[0;32mI (8406) scan: Authmode 	WIFI_AUTH_WPA_WPA2_PSK[0m
[0;32mI (8411) scan: Pairwise Cipher 	WIFI_CIPHER_TYPE_TKIP_CCMP[0m
[0;32mI (8417) scan: Group Cipher 	WIFI_CIPHER_TYPE_TKIP[0m
[0;32mI (8423) scan: Channel 		3
[0m
[0;32mI (8426) scan: SSID 		ABCD[0m
[0;32mI (8430) scan: RSSI 		-62[0m
[0;32mI (8433) scan: Authmode 	WIFI_AUTH_WPA_WPA2_PSK[0m
[0;32mI (8438) scan: Pairwise Cipher 	WIFI_CIPHER_TYPE_TKIP_CCMP[0m
[0;32mI (8444) scan: Group Cipher 	WIFI_CIPHER_TYPE_TKIP[0m
[0;32mI (8450) scan: Channel 		11
[0m
[0;32mI (8453) scan: SSID 		ABC[0m
[0;32mI (8457) scan: RSSI 		-66[0m
[0;32mI (8460) scan: Authmode 	WIFI_AUTH_WPA2_PSK[0m
[0;32mI (8465) scan: Pairwise Cipher 	WIFI_CIPHER_TYPE_CCMP[0m
[0;32mI (8470) scan: Group Cipher 	WIFI_CIPHER_TYPE_CCMP[0m
[0;32mI (8476) scan: Channel 		6
[0m
[0;32mI (8480) scan: SSID 		Ngoi Nha Nho[0m
[0;32mI (8484) scan: RSSI 		-72[0m
[0;32mI (8487) scan: Authmode 	WIFI_AUTH_WPA_WPA2_PSK[0m
[0;32mI (8492) scan: Pairwise Cipher 	WIFI_CIPHER_TYPE_TKIP_CCMP[0m
[0;32mI (8498) scan: Group Cipher 	WIFI_CIPHER_TYPE_TKIP[0m
[0;32mI (8504) scan: Channel 		11
[0m
[0;32mI (8507) scan: SSID 		MAI[0m
[0;32mI (8511) scan: RSSI 		-77[0m
[0;32mI (8514) scan: Authmode 	WIFI_AUTH_WPA_WPA2_PSK[0m
[0;32mI (8519) scan: Pairwise Cipher 	WIFI_CIPHER_TYPE_CCMP[0m
[0;32mI (8525) scan: Group Cipher 	WIFI_CIPHER_TYPE_CCMP[0m
[0;32mI (8530) scan: Channel 		1
[0m
[0;32mI (8534) scan: SSID 		SEA[0m
[0;32mI (8537) scan: RSSI 		-82[0m
[0;32mI (8541) scan: Authmode 	WIFI_AUTH_WPA2_PSK[0m
[0;32mI (8545) scan: Pairwise Cipher 	WIFI_CIPHER_TYPE_CCMP[0m
[0;32mI (8551) scan: Group Cipher 	WIFI_CIPHER_TYPE_CCMP[0m
[0;32mI (8557) scan: Channel 		4
[0m
Check matching Ssid
8
opening NVS Read handle Done 
opening NVS Read handle Done 
opening NVS Read handle Done 
opening NVS Read handle Done 
opening NVS Read handle Done 
opening NVS Read handle Done 
opening NVS Read handle Done 
opening NVS Read handle Done 
2
return 1
MatchingWIFIScan
E (8589) wifi:NAN WiFi stop
I (8590) wifi:flush txq
I (8592) wifi:stop sw txq
I (8595) wifi:lmac stop hw txq
I (8601) wifi:mode : sta (b8:d6:1a:6a:3d:0c)
I (8602) wifi:enable tsf
[0;32mI (8604) scan: Wifi_init_station finished.[0m
I (10116) wifi:new:<11,2>, old:<1,0>, ap:<255,255>, sta:<11,2>, prof:1, snd_ch_cfg:0x0
I (10118) wifi:state: init -> auth (0xb0)
I (10127) wifi:state: auth -> assoc (0x0)
I (10136) wifi:state: assoc -> run (0x10)
I (12040) wifi:<ba-add>idx:0 (ifx:0, 3e:0a:f3:11:8e:7b), tid:0, ssn:4, winSize:64
I (20137) wifi:state: run -> init (0xcc00)
I (20140) wifi:<ba-del>idx:0, tid:0
I (20141) wifi:new:<11,0>, old:<11,2>, ap:<255,255>, sta:<11,2>, prof:1, snd_ch_cfg:0x0
[0;32mI (20146) scan: retry to connect to the AP[0m
[0;31mE (20146) scan: connect to the AP fail[0m
[0;32mI (22560) scan: retry to connect to the AP[0m
[0;31mE (22561) scan: connect to the AP fail[0m
I (22570) wifi:new:<11,2>, old:<11,0>, ap:<255,255>, sta:<11,2>, prof:1, snd_ch_cfg:0x0
I (22572) wifi:state: init -> auth (0xb0)
I (22580) wifi:state: auth -> assoc (0x0)
I (22588) wifi:state: assoc -> run (0x10)
I (22634) wifi:connected with QUOCTHANG, aid = 11, channel 11, 40D, bssid = 3e:0a:f3:11:8e:7b
I (22635) wifi:security: WPA2-PSK, phy: bgn, rssi: -41
I (22637) wifi:pm start, type: 1

I (22640) wifi:dp: 1, bi: 102400, li: 3, scale listen interval from 307200 us to 307200 us
I (22658) wifi:AP's beacon interval = 102400 us, DTIM period = 1
I (24770) wifi:<ba-add>idx:0 (ifx:0, 3e:0a:f3:11:8e:7b), tid:0, ssn:4, winSize:64
[0;32mI (25654) esp_netif_handlers: sta ip: 192.168.137.67, mask: 255.255.255.0, gw: 192.168.137.1[0m
[0;32mI (25655) scan: Connected to ap SSID:QUOCTHANG password:17122003[0m
Connect OK_WIFICONECT
Send energy
Send energy
Send energy
Send energy
Send energy
Send energy
Send energy
Send energy
Send energy
Send energy
Send energy
Send energy
Send energy
Send energy
Send energy
Send energy
Send energy
Send energy
Send energy
Send energy
Send energy
Send energy
Send energy
Send energy
Send energy
Send energy
Send energy
Send energy
Send energy
Send energy
Send energy
Send energy
Send energy
Send energy
Send energy
Send energy
Send energy
Send energy
Send energy
Send energy
[0;31mE (71306) transport_base: poll_read select error 104, errno = Connection reset by peer, fd = 54[0m
[0;31mE (71307) mqtt_client: Poll read error: 119, aborting connection[0m
Send energy
Send energy
Send energy
Send energy
Send energy
Send energy
Send energy
Send energy
