sip: 0, SPIW[Cï¿½ï¿½+Úšï¿½j%ï¿½(49) boot.esp32: SPI Flash Size : 4MB[0m
[0;32mI (53) boot: Enabling ï¿½ets Jul 29 2019 12:21:46

rst:0x1 (POWERON_RESET),boot:0x13 (SPI_FAST_FLASH_BOOT)
configsip: 0, SPIWP:0xee
clk_drv:0x00,q_drv:0x00,d_drv:0x00,cs0_drv:0x00,hd_drv:0x00,wp_drv:0x00
mode:DIO, clock div:2
load:0x3fff0030,len:7176
load:0x40078000,len:15564
ho 0 tail 12 room 4
load:0x40080400,len:4
load:0x40080404,len:3904
entry 0x40080640
[0;32mI (31) boot: ESP-IDF v5.3.1-dirty 2nd stage bootloader[0m
[0;32mI (31) boot: compile time Jan  3 2025 20:09:16[0m
[0;32mI (31) boot: Multicore bootloader[0m
[0;32mI (36) boot: chip revision: v3.0[0m
[0;32mI (40) boot.esp32: SPI Speed      : 40MHz[0m
[0;32mI (44) boot.esp32: SPI Mode       : DIO[0m
[0;32mI (49) boot.esp32: SPI Flash Size : 4MB[0m
[0;32mI (53) boot: Enabling RNG early entropy source...[0m
[0;32mI (59) boot: Partition Table:[0m
[0;32mI (62) boot: ## Label            Usage          Type ST Offset   Length[0m
[0;32mI (70) boot:  0 nvs              WiFi data        01 02 00009000 00006000[0m
[0;32mI (77) boot:  1 phy_init         RF data          01 01 0000f000 00001000[0m
[0;32mI (85) boot:  2 factory          factory app      00 00 00010000 00100000[0m
[0;32mI (92) boot: End of partition table[0m
[0;32mI (96) esp_image: segment 0: paddr=00010020 vaddr=3f400020 size=29f60h (171872) map[0m
[0;32mI (164) esp_image: segment 1: paddr=00039f88 vaddr=3ffb0000 size=03f98h ( 16280) load[0m
[0;32mI (170) esp_image: segment 2: paddr=0003df28 vaddr=40080000 size=020f0h (  8432) load[0m
[0;32mI (174) esp_image: segment 3: paddr=00040020 vaddr=400d0020 size=b4760h (739168) map[0m
[0;32mI (431) esp_image: segment 4: paddr=000f4788 vaddr=400820f0 size=17248h ( 94792) load[0m
[0;32mI (481) boot: Loaded app from partition at offset 0x10000[0m
[0;32mI (481) boot: Disabling RNG early entropy source...[0m
[0;32mI (493) cpu_start: Multicore app[0m
[0;32mI (502) cpu_start: Pro cpu start user code[0m
[0;32mI (502) cpu_start: cpu freq: 160000000 Hz[0m
[0;32mI (502) app_init: Application information:[0m
[0;32mI (505) app_init: Project name:     Measure_Power_AC[0m
[0;32mI (510) app_init: App version:      6cc6703-dirty[0m
[0;32mI (516) app_init: Compile time:     Jan  3 2025 23:33:51[0m
[0;32mI (522) app_init: ELF file SHA256:  e0d642039...[0m
[0;32mI (527) app_init: ESP-IDF:          v5.3.1-dirty[0m
[0;32mI (532) efuse_init: Min chip rev:     v0.0[0m
[0;32mI (537) efuse_init: Max chip rev:     v3.99 [0m
[0;32mI (542) efuse_init: Chip rev:         v3.0[0m
[0;32mI (547) heap_init: Initializing. RAM available for dynamic allocation:[0m
[0;32mI (554) heap_init: At 3FFAE6E0 len 00001920 (6 KiB): DRAM[0m
[0;32mI (560) heap_init: At 3FFB9B50 len 000264B0 (153 KiB): DRAM[0m
[0;32mI (566) heap_init: At 3FFE0440 len 00003AE0 (14 KiB): D/IRAM[0m
[0;32mI (573) heap_init: At 3FFE4350 len 0001BCB0 (111 KiB): D/IRAM[0m
[0;32mI (579) heap_init: At 40099338 len 00006CC8 (27 KiB): IRAM[0m
[0;32mI (587) spi_flash: detected chip: generic[0m
[0;32mI (590) spi_flash: flash io: dio[0m
[0;33mW (594) i2c: This driver is an old driver, please migrate your application code to adapt `driver/i2c_master.h`[0m
[0;32mI (605) main_task: Started on CPU0[0m
[0;32mI (609) main_task: Calling app_main()[0m
RTC is running. Reading current data...
[0;32mI (646) gpio: GPIO[13]| InputEn: 1| OutputEn: 0| OpenDrain: 0| Pullup: 1| Pulldown: 0| Intr:3 [0m
[0;32mI (648) gpio: GPIO[2]| InputEn: 0| OutputEn: 1| OpenDrain: 0| Pullup: 0| Pulldown: 0| Intr:0 [0m
[0;32mI (657) uart: queue free spaces: 10[0m
Count: 0
[0;32mI (663) main_task: Returned from app_main()[0m
I (666) wifi:wifi driver task: 3ffcb250, prio:23, stack:6656, core=1
I (674) wifi:wifi firmware version: ccaebfa
I (676) wifi:wifi certification version: v7.0
I (680) wifi:config NVS flash: disabled
I (684) wifi:config nano formating: disabled
I (688) wifi:Init data frame dynamic rx buffer num: 32
I (693) wifi:Init static rx mgmt buffer num: 5
I (697) wifi:Init management short buffer num: 32
I (701) wifi:Init dynamic tx buffer num: 32
I (705) wifi:Init static rx buffer size: 1600
I (709) wifi:Init static rx buffer num: 15
I (713) wifi:Init dynamic rx buffer num: 32
[0;32mI (718) wifi_init: rx ba win: 6[0m
[0;32mI (721) wifi_init: accept mbox: 6[0m
[0;32mI (725) wifi_init: tcpip mbox: 32[0m
[0;32mI (729) wifi_init: udp mbox: 6[0m
[0;32mI (732) wifi_init: tcp mbox: 6[0m
[0;32mI (736) wifi_init: tcp tx win: 5760[0m
[0;32mI (740) wifi_init: tcp rx win: 5760[0m
[0;32mI (745) wifi_init: tcp mss: 1440[0m
[0;32mI (748) wifi_init: WiFi IRAM OP enabled[0m
[0;32mI (753) wifi_init: WiFi RX IRAM OP enabled[0m
[0;32mI (758) phy_init: phy_version 4830,54550f7,Jun 20 2024,14:22:08[0m
I (845) wifi:mode : sta (b8:d6:1a:6a:3d:0c)
I (846) wifi:enable tsf
E (849) wifi:NAN WiFi stop
I (850) wifi:flush txq
I (850) wifi:stop sw txq
I (850) wifi:lmac stop hw txq
I (853) wifi:mode : sta (b8:d6:1a:6a:3d:0c)
I (854) wifi:enable tsf
Starting WiFi Scan Round 1
Starting WiFi Scan Round 2
Starting WiFi Scan Round 3
[0;32mI (8364) scan: SSID 		Tiger[0m
[0;32mI (8364) scan: RSSI 		-45[0m
[0;32mI (8364) scan: Authmode 	WIFI_AUTH_WPA2_PSK[0m
[0;32mI (8366) scan: Pairwise Cipher 	WIFI_CIPHER_TYPE_CCMP[0m
[0;32mI (8371) scan: Group Cipher 	WIFI_CIPHER_TYPE_CCMP[0m
[0;32mI (8377) scan: Channel 		11
[0m
[0;32mI (8380) scan: SSID 		Nhan House[0m
[0;32mI (8384) scan: RSSI 		-51[0m
[0;32mI (8388) scan: Authmode 	WIFI_AUTH_WPA_WPA2_PSK[0m
[0;32mI (8393) scan: Pairwise Cipher 	WIFI_CIPHER_TYPE_TKIP_CCMP[0m
[0;32mI (8399) scan: Group Cipher 	WIFI_CIPHER_TYPE_TKIP[0m
[0;32mI (8404) scan: Channel 		4
[0m
[0;32mI (8408) scan: SSID 		ABCD[0m
[0;32mI (8411) scan: RSSI 		-58[0m
[0;32mI (8415) scan: Authmode 	WIFI_AUTH_WPA_WPA2_PSK[0m
[0;32mI (8420) scan: Pairwise Cipher 	WIFI_CIPHER_TYPE_TKIP_CCMP[0m
[0;32mI (8426) scan: Group Cipher 	WIFI_CIPHER_TYPE_TKIP[0m
[0;32mI (8432) scan: Channel 		11
[0m
[0;32mI (8435) scan: SSID 		ABC[0m
[0;32mI (8438) scan: RSSI 		-61[0m
[0;32mI (8442) scan: Authmode 	WIFI_AUTH_WPA2_PSK[0m
[0;32mI (8447) scan: Pairwise Cipher 	WIFI_CIPHER_TYPE_CCMP[0m
[0;32mI (8452) scan: Group Cipher 	WIFI_CIPHER_TYPE_CCMP[0m
[0;32mI (8458) scan: Channel 		6
[0m
[0;32mI (8461) scan: SSID 		Dung Xai Ke[0m
[0;32mI (8465) scan: RSSI 		-67[0m
[0;32mI (8469) scan: Authmode 	WIFI_AUTH_WPA_WPA2_PSK[0m
[0;32mI (8474) scan: Pairwise Cipher 	WIFI_CIPHER_TYPE_TKIP_CCMP[0m
[0;32mI (8480) scan: Group Cipher 	WIFI_CIPHER_TYPE_TKIP[0m
[0;32mI (8486) scan: Channel 		11
[0m
[0;32mI (8489) scan: SSID 		Ngoi Nha Nho[0m
[0;32mI (8493) scan: RSSI 		-73[0m
[0;32mI (8497) scan: Authmode 	WIFI_AUTH_WPA_WPA2_PSK[0m
[0;32mI (8502) scan: Pairwise Cipher 	WIFI_CIPHER_TYPE_TKIP_CCMP[0m
[0;32mI (8508) scan: Group Cipher 	WIFI_CIPHER_TYPE_TKIP[0m
[0;32mI (8513) scan: Channel 		11
[0m
[0;32mI (8517) scan: SSID 		MAI[0m
[0;32mI (8520) scan: RSSI 		-79[0m
[0;32mI (8524) scan: Authmode 	WIFI_AUTH_WPA_WPA2_PSK[0m
[0;32mI (8529) scan: Pairwise Cipher 	WIFI_CIPHER_TYPE_CCMP[0m
[0;32mI (8535) scan: Group Cipher 	WIFI_CIPHER_TYPE_CCMP[0m
[0;32mI (8540) scan: Channel 		1
[0m
[0;32mI (8544) scan: SSID 		Phuc Messi[0m
[0;32mI (8547) scan: RSSI 		-81[0m
[0;32mI (8551) scan: Authmode 	WIFI_AUTH_WPA2_PSK[0m
[0;32mI (8556) scan: Pairwise Cipher 	WIFI_CIPHER_TYPE_CCMP[0m
[0;32mI (8561) scan: Group Cipher 	WIFI_CIPHER_TYPE_CCMP[0m
[0;32mI (8567) scan: Channel 		6
[0m
[0;32mI (8570) scan: SSID 		Tuong Ly[0m
[0;32mI (8574) scan: RSSI 		-83[0m
[0;32mI (8577) scan: Authmode 	WIFI_AUTH_WPA_WPA2_PSK[0m
[0;32mI (8583) scan: Pairwise Cipher 	WIFI_CIPHER_TYPE_CCMP[0m
[0;32mI (8588) scan: Group Cipher 	WIFI_CIPHER_TYPE_CCMP[0m
[0;32mI (8594) scan: Channel 		11
[0m
[0;32mI (8597) scan: SSID 		Chan Hao[0m
[0;32mI (8601) scan: RSSI 		-87[0m
[0;32mI (8605) scan: Authmode 	WIFI_AUTH_WPA_WPA2_PSK[0m
[0;32mI (8610) scan: Pairwise Cipher 	WIFI_CIPHER_TYPE_CCMP[0m
[0;32mI (8615) scan: Group Cipher 	WIFI_CIPHER_TYPE_CCMP[0m
[0;32mI (8621) scan: Channel 		11
[0m
Check matching Ssid
1
opening NVS Read handle Done 
opening NVS Read handle Done 
2
return 1
Found Matching SSID and Password
E (8638) wifi:NAN WiFi stop
I (8639) wifi:flush txq
I (8641) wifi:stop sw txq
I (8644) wifi:lmac stop hw txq
I (8650) wifi:mode : sta (b8:d6:1a:6a:3d:0c)
I (8651) wifi:enable tsf
[0;32mI (8653) scan: Wifi_init_station finished.[0m
I (10127) wifi:new:<11,0>, old:<1,0>, ap:<255,255>, sta:<11,0>, prof:1, snd_ch_cfg:0x0
I (10129) wifi:state: init -> auth (0xb0)
I (10133) wifi:state: auth -> init (0x8a0)
I (10134) wifi:new:<11,0>, old:<11,0>, ap:<255,255>, sta:<11,0>, prof:1, snd_ch_cfg:0x0
[0;32mI (10143) scan: retry to connect to the AP[0m
[0;31mE (10145) scan: connect to the AP fail[0m
[0;32mI (12557) scan: retry to connect to the AP[0m
[0;31mE (12557) scan: connect to the AP fail[0m
I (12567) wifi:new:<11,0>, old:<11,0>, ap:<255,255>, sta:<11,0>, prof:1, snd_ch_cfg:0x0
I (12568) wifi:state: init -> auth (0xb0)
I (12580) wifi:state: auth -> assoc (0x0)
I (12612) wifi:state: assoc -> run (0x10)
I (12642) wifi:connected with Tiger, aid = 2, channel 11, BW20, bssid = 5c:18:dd:52:64:69
I (12642) wifi:security: WPA2-PSK, phy: bgn, rssi: -44
I (12644) wifi:pm start, type: 1

I (12647) wifi:dp: 1, bi: 102400, li: 3, scale listen interval from 307200 us to 307200 us
I (12658) wifi:AP's beacon interval = 102400 us, DTIM period = 1
I (12668) wifi:<ba-add>idx:0 (ifx:0, 5c:18:dd:52:64:69), tid:7, ssn:0, winSize:64
[0;32mI (13658) esp_netif_handlers: sta ip: 192.168.100.87, mask: 255.255.255.0, gw: 192.168.100.1[0m
[0;32mI (13659) scan: Connected to ap SSID:Tiger password:thanhTRI1972[0m
Connect Wifi
1
I (13676) wifi:<ba-add>idx:1 (ifx:0, 5c:18:dd:52:64:69), tid:6, ssn:2, winSize:64
I (13732) wifi:<ba-del>idx:1, tid:6
I (13734) wifi:<ba-add>idx:1 (ifx:0, 5c:18:dd:52:64:69), tid:0, ssn:0, winSize:64
