0x1 (POWERON_RESET),boot:0x13 (SPI_FAST_FLASH_BOOT)
configsip: 0, SPIWP:0xï¿½ets Jul 29 2019 12:21:46

rst:0x1 (POWERON_RESET),boot:0x13 (SPI_FAST_FLASH_BOOT)
configsip: 0, SPIWP:0xee
clk_drv:0x00,q_drv:0x00,d_drv:0x00,cs0_drv:0x00,hd_drv:0x00,wp_drv:0x00
mode:DIO, clock div:2
load:0x3fff0030,len:7116
ho 0 tail 12 room 4
load:0x40078000,len:15624
ho 0 tail 12 room 4
load:0x40080400,len:4
load:0x40080404,len:3876
entry 0x4008064c
[0;32mI (33) boot: ESP-IDF v5.1.5-dirty 2nd stage bootloader[0m
[0;32mI (33) boot: compile time Jan  8 2025 15:17:36[0m
[0;32mI (33) boot: Multicore bootloader[0m
[0;32mI (38) boot: chip revision: v3.1[0m
[0;32mI (42) boot.esp32: SPI Speed      : 40MHz[0m
[0;32mI (46) boot.esp32: SPI Mode       : DIO[0m
[0;32mI (51) boot.esp32: SPI Flash Size : 4MB[0m
[0;32mI (55) boot: Enabling RNG early entropy source...[0m
[0;32mI (61) boot: Partition Table:[0m
[0;32mI (64) boot: ## Label            Usage          Type ST Offset   Length[0m
[0;32mI (72) boot:  0 nvs              WiFi data        01 02 00009000 00006000[0m
[0;32mI (79) boot:  1 phy_init         RF data          01 01 0000f000 00001000[0m
[0;32mI (86) boot:  2 factory          factory app      00 00 00010000 00100000[0m
[0;32mI (94) boot: End of partition table[0m
[0;32mI (98) esp_image: segment 0: paddr=00010020 vaddr=3f400020 size=29cbch (171196) map[0m
[0;32mI (168) esp_image: segment 1: paddr=00039ce4 vaddr=3ffb0000 size=03cb8h ( 15544) load[0m
[0;32mI (175) esp_image: segment 2: paddr=0003d9a4 vaddr=40080000 size=02674h (  9844) load[0m
[0;32mI (179) esp_image: segment 3: paddr=00040020 vaddr=400d0020 size=b6ed8h (749272) map[0m
[0;32mI (453) esp_image: segment 4: paddr=000f6f00 vaddr=40082674 size=15db8h ( 89528) load[0m
[0;32mI (503) boot: Loaded app from partition at offset 0x10000[0m
[0;32mI (503) boot: Disabling RNG early entropy source...[0m
[0;32mI (514) cpu_start: Multicore app[0m
[0;32mI (515) cpu_start: Pro cpu up.[0m
[0;32mI (515) cpu_start: Starting app cpu, entry point is 0x40081528[0m
[0;32mI (0) cpu_start: App cpu up.[0m
[0;32mI (532) cpu_start: Pro cpu start user code[0m
[0;32mI (532) cpu_start: cpu freq: 240000000 Hz[0m
[0;32mI (533) cpu_start: Application information:[0m
[0;32mI (537) cpu_start: Project name:     Measure_Power_AC[0m
[0;32mI (543) cpu_start: App version:      4dfe763-dirty[0m
[0;32mI (548) cpu_start: Compile time:     Jan  8 2025 15:17:32[0m
[0;32mI (555) cpu_start: ELF file SHA256:  79faf658...[0m
[0;32mI (560) cpu_start: ESP-IDF:          v5.1.5-dirty[0m
[0;32mI (565) cpu_start: Min chip rev:     v0.0[0m
[0;32mI (570) cpu_start: Max chip rev:     v3.99 [0m
[0;32mI (575) cpu_start: Chip rev:         v3.1[0m
[0;32mI (580) heap_init: Initializing. RAM available for dynamic allocation:[0m
[0;32mI (587) heap_init: At 3FFAE6E0 len 00001920 (6 KiB): DRAM[0m
[0;32mI (593) heap_init: At 3FFB96C0 len 00026940 (154 KiB): DRAM[0m
[0;32mI (599) heap_init: At 3FFE0440 len 00003AE0 (14 KiB): D/IRAM[0m
[0;32mI (605) heap_init: At 3FFE4350 len 0001BCB0 (111 KiB): D/IRAM[0m
[0;32mI (612) heap_init: At 4009842C len 00007BD4 (30 KiB): IRAM[0m
[0;32mI (619) spi_flash: detected chip: generic[0m
[0;32mI (623) spi_flash: flash io: dio[0m
[0;32mI (627) app_start: Starting scheduler on CPU0[0m
[0;32mI (632) app_start: Starting scheduler on CPU1[0m
[0;32mI (632) main_task: Started on CPU0[0m
[0;32mI (642) main_task: Calling app_main()[0m
RTC is running. Reading current data...
[0;32mI (655) gpio: GPIO[13]| InputEn: 1| OutputEn: 0| OpenDrain: 0| Pullup: 1| Pulldown: 0| Intr:3 [0m
[0;32mI (658) gpio: GPIO[12]| InputEn: 0| OutputEn: 1| OpenDrain: 0| Pullup: 0| Pulldown: 0| Intr:0 [0m
[0;32mI (670) main_task: Returned from app_main()[0m
[0;32mI (674) wifi:wifi driver task: 3ffdbeec, prio:23, stack:6656, core=1[0m
[0;32mI (680) wifi:wifi firmware version: bbd58fc31[0m
[0;32mI (682) wifi:wifi certification version: v7.0[0m
[0;32mI (686) wifi:config NVS flash: disabled[0m
[0;32mI (690) wifi:config nano formating: disabled[0m
[0;32mI (694) wifi:Init data frame dynamic rx buffer num: 32[0m
[0;32mI (699) wifi:Init static rx mgmt buffer num: 5[0m
[0;32mI (703) wifi:Init management short buffer num: 32[0m
[0;32mI (707) wifi:Init dynamic tx buffer num: 32[0m
[0;32mI (711) wifi:Init static rx buffer size: 1600[0m
[0;32mI (715) wifi:Init static rx buffer num: 15[0m
[0;32mI (719) wifi:Init dynamic rx buffer num: 32[0m
[0;32mI (724) wifi_init: rx ba win: 6[0m
[0;32mI (727) wifi_init: tcpip mbox: 32[0m
[0;32mI (731) wifi_init: udp mbox: 6[0m
[0;32mI (734) wifi_init: tcp mbox: 6[0m
[0;32mI (738) wifi_init: tcp tx win: 5760[0m
[0;32mI (742) wifi_init: tcp rx win: 5760[0m
[0;32mI (747) wifi_init: tcp mss: 1440[0m
[0;32mI (750) wifi_init: WiFi IRAM OP enabled[0m
[0;32mI (755) wifi_init: WiFi RX IRAM OP enabled[0m
[0;32mI (760) phy_init: phy_version 4840,02e0d70,Sep  2 2024,19:39:07[0m
[0;32mI (843) wifi:mode : sta (08:a6:f7:1d:a1:60)[0m
[0;32mI (844) wifi:enable tsf[0m
[1;31mE (846) wifi:NAN WiFi stop[0m
[0;32mI (847) wifi:flush txq[0m
[0;32mI (847) wifi:stop sw txq[0m
[0;32mI (848) wifi:lmac stop hw txq[0m
[0;32mI (850) wifi:mode : sta (08:a6:f7:1d:a1:60)[0m
[0;32mI (852) wifi:enable tsf[0m
Starting WiFi Scan Round 1
Starting WiFi Scan Round 2
Starting WiFi Scan Round 3
[0;32mI (8362) scan: SSID 		PIF_CLUB[0m
[0;32mI (8362) scan: RSSI 		-33[0m
[0;32mI (8362) scan: Authmode 	WIFI_AUTH_WPA_WPA2_PSK[0m
[0;32mI (8364) scan: Pairwise Cipher 	WIFI_CIPHER_TYPE_CCMP[0m
[0;32mI (8370) scan: Group Cipher 	WIFI_CIPHER_TYPE_CCMP[0m
[0;32mI (8375) scan: Channel 		10
[0m
[0;32mI (8379) scan: SSID 		PIF_Client[0m
[0;32mI (8383) scan: RSSI 		-33[0m
[0;32mI (8386) scan: Authmode 	WIFI_AUTH_WPA_WPA2_PSK[0m
[0;32mI (8391) scan: Pairwise Cipher 	WIFI_CIPHER_TYPE_CCMP[0m
[0;32mI (8397) scan: Group Cipher 	WIFI_CIPHER_TYPE_CCMP[0m
[0;32mI (8403) scan: Channel 		10
[0m
[0;32mI (8406) scan: SSID 		HCMUT04[0m
[0;32mI (8410) scan: RSSI 		-62[0m
[0;32mI (8413) scan: Authmode 	WIFI_AUTH_WPA_WPA2_PSK[0m
[0;32mI (8418) scan: Pairwise Cipher 	WIFI_CIPHER_TYPE_CCMP[0m
[0;32mI (8424) scan: Group Cipher 	WIFI_CIPHER_TYPE_CCMP[0m
[0;32mI (8430) scan: Channel 		10
[0m
[0;32mI (8433) scan: SSID 		Four-Faith[0m
[0;32mI (8437) scan: RSSI 		-65[0m
[0;32mI (8440) scan: Authmode 	WIFI_AUTH_WPA2_PSK[0m
[0;32mI (8445) scan: Pairwise Cipher 	WIFI_CIPHER_TYPE_CCMP[0m
[0;32mI (8451) scan: Group Cipher 	WIFI_CIPHER_TYPE_CCMP[0m
[0;32mI (8457) scan: Channel 		13
[0m
[0;32mI (8460) scan: SSID 		HCMUT02[0m
[0;32mI (8464) scan: RSSI 		-66[0m
[0;32mI (8467) scan: Authmode 	WIFI_AUTH_OPEN[0m
[0;32mI (8472) scan: Pairwise Cipher 	WIFI_CIPHER_TYPE_NONE[0m
[0;32mI (8477) scan: Group Cipher 	WIFI_CIPHER_TYPE_NONE[0m
[0;32mI (8483) scan: Channel 		6
[0m
[0;32mI (8486) scan: SSID 		HCMUT01[0m
[0;32mI (8490) scan: RSSI 		-66[0m
[0;32mI (8493) scan: Authmode 	WIFI_AUTH_ENTERPRISE[0m
[0;32mI (8498) scan: Pairwise Cipher 	WIFI_CIPHER_TYPE_CCMP[0m
[0;32mI (8504) scan: Group Cipher 	WIFI_CIPHER_TYPE_CCMP[0m
[0;32mI (8510) scan: Channel 		6
[0m
[0;32mI (8513) scan: SSID 		BMTD_LECS[0m
[0;32mI (8517) scan: RSSI 		-80[0m
[0;32mI (8520) scan: Authmode 	WIFI_AUTH_WPA2_PSK[0m
[0;32mI (8525) scan: Pairwise Cipher 	WIFI_CIPHER_TYPE_CCMP[0m
[0;32mI (8531) scan: Group Cipher 	WIFI_CIPHER_TYPE_CCMP[0m
[0;32mI (8536) scan: Channel 		6
[0m
[0;32mI (8540) scan: SSID 		Telecom-Admin[0m
[0;32mI (8544) scan: RSSI 		-83[0m
[0;32mI (8547) scan: Authmode 	WIFI_AUTH_WPA2_PSK[0m
[0;32mI (8552) scan: Pairwise Cipher 	WIFI_CIPHER_TYPE_CCMP[0m
[0;32mI (8558) scan: Group Cipher 	WIFI_CIPHER_TYPE_CCMP[0m
[0;32mI (8563) scan: Channel 		8
[0m
[0;32mI (8567) scan: SSID 		Paragon.com.vn L8[0m
[0;32mI (8571) scan: RSSI 		-87[0m
[0;32mI (8575) scan: Authmode 	WIFI_AUTH_WPA2_PSK[0m
[0;32mI (8580) scan: Pairwise Cipher 	WIFI_CIPHER_TYPE_CCMP[0m
[0;32mI (8585) scan: Group Cipher 	WIFI_CIPHER_TYPE_CCMP[0m
[0;32mI (8591) scan: Channel 		11
[0m
Check matching Ssid
1
opening NVS Read handle Done 
opening NVS Read handle Done 
2
return 1
Found Matching SSID and Password
[1;31mE (8608) wifi:NAN WiFi stop[0m
[0;32mI (8609) wifi:flush txq[0m
[0;32mI (8611) wifi:stop sw txq[0m
[0;32mI (8614) wifi:lmac stop hw txq[0m
[0;32mI (8620) wifi:mode : sta (08:a6:f7:1d:a1:60)[0m
[0;32mI (8621) wifi:enable tsf[0m
[0;32mI (8623) scan: Wifi_init_station finished.[0m
[0;32mI (9884) wifi:new:<10,0>, old:<1,0>, ap:<255,255>, sta:<10,0>, prof:1[0m
[0;32mI (9885) wifi:state: init -> auth (b0)[0m
[0;32mI (9889) wifi:state: auth -> assoc (0)[0m
[0;32mI (9894) wifi:state: assoc -> run (10)[0m
[0;33mW (9896) wifi:[ADDBA]rx delba, code:39, delete tid:0[0m
[0;33mW (9896) wifi:[ADDBA]rx delba, code:39, delete tid:0[0m
[0;33mW (9899) wifi:[ADDBA]rx delba, code:39, delete tid:6[0m
[0;32mI (10000) wifi:connected with PIF_CLUB, aid = 6, channel 10, BW20, bssid = 74:26:ff:ff:a8:4e[0m
[0;32mI (10001) wifi:security: WPA2-PSK, phy: bgn, rssi: -38[0m
[0;32mI (10003) wifi:pm start, type: 1[0m

[0;32mI (10006) wifi:dp: 1, bi: 102400, li: 3, scale listen interval from 307200 us to 307200 us[0m
[0;32mI (10081) wifi:AP's beacon interval = 102400 us, DTIM period = 1[0m
[0;32mI (12182) wifi:<ba-add>idx:0 (ifx:0, 74:26:ff:ff:a8:4e), tid:0, ssn:0, winSize:64[0m
[0;32mI (12520) wifi:<ba-add>idx:1 (ifx:0, 74:26:ff:ff:a8:4e), tid:6, ssn:2, winSize:64[0m
[0;32mI (13017) esp_netif_handlers: sta ip: 192.168.10.30, mask: 255.255.255.0, gw: 192.168.10.1[0m
[0;32mI (13019) scan: Connected to ap SSID:PIF_CLUB password:chinsochin[0m
Connect Wifi
