46

rst:0x1 (POWERON_RESET),boot:0x13 (SPI_FAST_FLASH_BOOT)
configsip: 0, SPIW5
[0;32mI (49) boot.esp32: SPI Flash Size : 4MB[0m
[0;32mI (53) boot: Enabling RNG early eï¿½ets Jul 29 2019 12:21:46

rst:0x1 (POWERON_RESET),boot:0x13 (SPI_FAST_FLASH_BOOT)
configsip: 0, SPIWP:0xee
clk_drv:0x00,q_drv:0x00,d_drv:0x00,cs0_drv:0x00,hd_drv:0x00,wp_drv:0x00
mode:DIO, clock div:2
load:0x3fff0030,len:7176
load:0x40078000,len:15564
ho 0 tail 12 room 4
load:0x40080400,len:4
load:0x40080404,len:3904
entry 0x40080640
[0;32mI (31) boot: ESP-IDF v5.3.1-dirty 2nd stage bootloader[0m
[0;32mI (31) boot: compile time Jan  3 2025 20:09:16[0m
[0;32mI (31) boot: Multicore bootloader[0m
[0;32mI (36) boot: chip revision: v3.0[0m
[0;32mI (40) boot.esp32: SPI Speed      : 40MHz[0m
[0;32mI (44) boot.esp32: SPI Mode       : DIO[0m
[0;32mI (49) boot.esp32: SPI Flash Size : 4MB[0m
[0;32mI (53) boot: Enabling RNG early entropy source...[0m
[0;32mI (59) boot: Partition Table:[0m
[0;32mI (62) boot: ## Label            Usage          Type ST Offset   Length[0m
[0;32mI (70) boot:  0 nvs              WiFi data        01 02 00009000 00006000[0m
[0;32mI (77) boot:  1 phy_init         RF data          01 01 0000f000 00001000[0m
[0;32mI (85) boot:  2 factory          factory app      00 00 00010000 00100000[0m
[0;32mI (92) boot: End of partition table[0m
[0;32mI (96) esp_image: segment 0: paddr=00010020 vaddr=3f400020 size=29f80h (171904) map[0m
[0;32mI (164) esp_image: segment 1: paddr=00039fa8 vaddr=3ffb0000 size=03f98h ( 16280) load[0m
[0;32mI (170) esp_image: segment 2: paddr=0003df48 vaddr=40080000 size=020d0h (  8400) load[0m
[0;32mI (174) esp_image: segment 3: paddr=00040020 vaddr=400d0020 size=b47d0h (739280) map[0m
[0;32mI (431) esp_image: segment 4: paddr=000f47f8 vaddr=400820d0 size=17268h ( 94824) load[0m
[0;32mI (481) boot: Loaded app from partition at offset 0x10000[0m
[0;32mI (481) boot: Disabling RNG early entropy source...[0m
[0;32mI (493) cpu_start: Multicore app[0m
[0;32mI (502) cpu_start: Pro cpu start user code[0m
[0;32mI (502) cpu_start: cpu freq: 160000000 Hz[0m
[0;32mI (502) app_init: Application information:[0m
[0;32mI (505) app_init: Project name:     Measure_Power_AC[0m
[0;32mI (510) app_init: App version:      6cc6703-dirty[0m
[0;32mI (516) app_init: Compile time:     Jan  3 2025 23:33:51[0m
[0;32mI (522) app_init: ELF file SHA256:  7fb706657...[0m
[0;32mI (527) app_init: ESP-IDF:          v5.3.1-dirty[0m
[0;32mI (532) efuse_init: Min chip rev:     v0.0[0m
[0;32mI (537) efuse_init: Max chip rev:     v3.99 [0m
[0;32mI (542) efuse_init: Chip rev:         v3.0[0m
[0;32mI (547) heap_init: Initializing. RAM available for dynamic allocation:[0m
[0;32mI (554) heap_init: At 3FFAE6E0 len 00001920 (6 KiB): DRAM[0m
[0;32mI (560) heap_init: At 3FFB9B50 len 000264B0 (153 KiB): DRAM[0m
[0;32mI (566) heap_init: At 3FFE0440 len 00003AE0 (14 KiB): D/IRAM[0m
[0;32mI (573) heap_init: At 3FFE4350 len 0001BCB0 (111 KiB): D/IRAM[0m
[0;32mI (579) heap_init: At 40099338 len 00006CC8 (27 KiB): IRAM[0m
[0;32mI (587) spi_flash: detected chip: generic[0m
[0;32mI (590) spi_flash: flash io: dio[0m
[0;33mW (594) i2c: This driver is an old driver, please migrate your application code to adapt `driver/i2c_master.h`[0m
[0;32mI (605) main_task: Started on CPU0[0m
[0;32mI (609) main_task: Calling app_main()[0m
RTC is running. Reading current data...
[0;32mI (646) gpio: GPIO[13]| InputEn: 1| OutputEn: 0| OpenDrain: 0| Pullup: 1| Pulldown: 0| Intr:3 [0m
[0;32mI (648) gpio: GPIO[2]| InputEn: 0| OutputEn: 1| OpenDrain: 0| Pullup: 0| Pulldown: 0| Intr:0 [0m
[0;32mI (657) uart: queue free spaces: 10[0m
[0;32mI (665) main_task: Returned from app_main()[0m
I (666) wifi:wifi driver task: 3ffcb650, prio:23, stack:6656, core=1
I (674) wifi:wifi firmware version: ccaebfa
I (675) wifi:wifi certification version: v7.0
I (679) wifi:config NVS flash: disabled
I (683) wifi:config nano formating: disabled
I (687) wifi:Init data frame dynamic rx buffer num: 32
I (692) wifi:Init static rx mgmt buffer num: 5
I (696) wifi:Init management short buffer num: 32
I (700) wifi:Init dynamic tx buffer num: 32
I (705) wifi:Init static rx buffer size: 1600
I (709) wifi:Init static rx buffer num: 15
I (712) wifi:Init dynamic rx buffer num: 32
[0;32mI (717) wifi_init: rx ba win: 6[0m
[0;32mI (720) wifi_init: accept mbox: 6[0m
[0;32mI (724) wifi_init: tcpip mbox: 32[0m
[0;32mI (728) wifi_init: udp mbox: 6[0m
[0;32mI (732) wifi_init: tcp mbox: 6[0m
[0;32mI (735) wifi_init: tcp tx win: 5760[0m
[0;32mI (740) wifi_init: tcp rx win: 5760[0m
[0;32mI (744) wifi_init: tcp mss: 1440[0m
[0;32mI (748) wifi_init: WiFi IRAM OP enabled[0m
[0;32mI (752) wifi_init: WiFi RX IRAM OP enabled[0m
Count: 100
[0;32mI (758) phy_init: phy_version 4830,54550f7,Jun 20 2024,14:22:08[0m
State: 0
I (841) wifi:mode : sta (b8:d6:1a:6a:3d:0c)
I (842) wifi:enable tsf
E (845) wifi:NAN WiFi stop
I (846) wifi:flush txq
I (846) wifi:stop sw txq
I (847) wifi:lmac stop hw txq
I (849) wifi:mode : sta (b8:d6:1a:6a:3d:0c)
I (851) wifi:enable tsf
Count: 200
State: 0
Count: 300
State: 0
Count: 400
State: 0
Count: 500
State: 0
LED Status: ON
Count: 600
State: 0
Count: 700
State: 0
Count: 800
State: 0
Count: 900
State: 0
Count: 1000
State: 0
LED Status: OFF
Count: 1100
State: 0
Count: 1200
State: 0
Count: 1300
State: 0
Count: 1400
State: 0
Count: 1500
State: 0
LED Status: ON
Count: 1600
State: 0
Count: 1700
State: 0
Count: 1800
State: 0
Count: 1900
State: 0
Count: 2000
State: 0
LED Status: OFF
Count: 2100
State: 0
Count: 2200
State: 0
Count: 2300
State: 0
Count: 2400
State: 0
Count: 2500
State: 0
LED Status: ON
Count: 2600
State: 0
Starting WiFi Scan Round 1
Count: 2700
State: 0
Count: 2800
State: 0
Count: 2900
State: 0
Count: 3000
State: 0
LED Status: OFF
Count: 3100
State: 0
Count: 3200
State: 0
Count: 3300
State: 0
Count: 3400
State: 0
Count: 3500
State: 0
LED Status: ON
Count: 3600
State: 0
Count: 3700
State: 0
Count: 3800
State: 0
Count: 3900
State: 0
Count: 4000
State: 0
LED Status: OFF
Count: 4100
State: 0
Count: 4200
State: 0
Count: 4300
State: 0
Count: 4400
State: 0
Count: 4500
State: 0
LED Status: ON
Count: 4600
State: 0
Count: 4700
State: 0
Count: 4800
State: 0
Count: 4900
State: 0
Count: 5000
State: 0
LED Status: OFF
Count: 5100
State: 0
Count: 5200
State: 0
Starting WiFi Scan Round 2
Count: 5300
State: 0
Count: 5400
State: 0
Count: 5500
State: 0
LED Status: ON
Count: 5600
State: 0
Count: 5700
State: 0
Count: 5800
State: 0
Count: 5900
State: 0
Count: 6000
State: 0
LED Status: OFF
Count: 6100
State: 0
Count: 6200
State: 0
