RESET),boot:0x13 (SPI_Fï¿½ë‹¹esp32: SPI Mode       : DIO[0m
[0;32mI (49) boot.esp32: SPI Flash Size : 4MBets Jul 29 2019 12:21:46

rst:0x1 (POWERON_RESET),boot:0x13 (SPI_FAST_FLASH_BOOT)
configsip: 0, SPIWP:0xee
clk_drv:0x00,q_drv:0x00,d_drv:0x00,cs0_drv:0x00,hd_drv:0x00,wp_drv:0x00
mode:DIO, clock div:2
load:0x3fff0030,len:7176
load:0x40078000,len:15564
ho 0 tail 12 room 4
load:0x40080400,len:4
load:0x40080404,len:3904
entry 0x40080640
[0;32mI (31) boot: ESP-IDF v5.3.1-dirty 2nd stage bootloader[0m
[0;32mI (31) boot: compile time Jan  3 2025 20:09:16[0m
[0;32mI (31) boot: Multicore bootloader[0m
[0;32mI (36) boot: chip revision: v3.0[0m
[0;32mI (40) boot.esp32: SPI Speed      : 40MHz[0m
[0;32mI (44) boot.esp32: SPI Mode       : DIO[0m
[0;32mI (49) boot.esp32: SPI Flash Size : 4MB[0m
[0;32mI (53) boot: Enabling RNG early entropy source...[0m
[0;32mI (59) boot: Partition Table:[0m
[0;32mI (62) boot: ## Label            Usage          Type ST Offset   Length[0m
[0;32mI (70) boot:  0 nvs              WiFi data        01 02 00009000 00006000[0m
[0;32mI (77) boot:  1 phy_init         RF data          01 01 0000f000 00001000[0m
[0;32mI (85) boot:  2 factory          factory app      00 00 00010000 00100000[0m
[0;32mI (92) boot: End of partition table[0m
[0;32mI (96) esp_image: segment 0: paddr=00010020 vaddr=3f400020 size=2aac0h (174784) map[0m
[0;32mI (165) esp_image: segment 1: paddr=0003aae8 vaddr=3ffb0000 size=03f98h ( 16280) load[0m
[0;32mI (171) esp_image: segment 2: paddr=0003ea88 vaddr=40080000 size=01590h (  5520) load[0m
[0;32mI (173) esp_image: segment 3: paddr=00040020 vaddr=400d0020 size=b5f78h (745336) map[0m
[0;32mI (434) esp_image: segment 4: paddr=000f5fa0 vaddr=40081590 size=17e0ch ( 97804) load[0m
[0;32mI (485) boot: Loaded app from partition at offset 0x10000[0m
[0;32mI (485) boot: Disabling RNG early entropy source...[0m
[0;32mI (497) cpu_start: Multicore app[0m
[0;32mI (506) cpu_start: Pro cpu start user code[0m
[0;32mI (506) cpu_start: cpu freq: 160000000 Hz[0m
[0;32mI (506) app_init: Application information:[0m
[0;32mI (509) app_init: Project name:     Measure_Power_AC[0m
[0;32mI (515) app_init: App version:      6cc6703-dirty[0m
[0;32mI (520) app_init: Compile time:     Jan  3 2025 20:09:10[0m
[0;32mI (526) app_init: ELF file SHA256:  3eebb4dcb...[0m
[0;32mI (531) app_init: ESP-IDF:          v5.3.1-dirty[0m
[0;32mI (536) efuse_init: Min chip rev:     v0.0[0m
[0;32mI (541) efuse_init: Max chip rev:     v3.99 [0m
[0;32mI (546) efuse_init: Chip rev:         v3.0[0m
[0;32mI (551) heap_init: Initializing. RAM available for dynamic allocation:[0m
[0;32mI (558) heap_init: At 3FFAE6E0 len 00001920 (6 KiB): DRAM[0m
[0;32mI (564) heap_init: At 3FFB9B60 len 000264A0 (153 KiB): DRAM[0m
[0;32mI (571) heap_init: At 3FFE0440 len 00003AE0 (14 KiB): D/IRAM[0m
[0;32mI (577) heap_init: At 3FFE4350 len 0001BCB0 (111 KiB): D/IRAM[0m
[0;32mI (583) heap_init: At 4009939C len 00006C64 (27 KiB): IRAM[0m
[0;32mI (591) spi_flash: detected chip: generic[0m
[0;32mI (594) spi_flash: flash io: dio[0m
[0;33mW (598) i2c: This driver is an old driver, please migrate your application code to adapt `driver/i2c_master.h`[0m
[0;32mI (610) main_task: Started on CPU0[0m
[0;32mI (614) main_task: Calling app_main()[0m
RTC is running. Reading current data...
[0;32mI (652) gpio: GPIO[13]| InputEn: 1| OutputEn: 0| OpenDrain: 0| Pullup: 1| Pulldown: 0| Intr:3 [0m
[0;32mI (653) uart: queue free spaces: 10[0m
I (662) wifi:wifi driver task: 3ffcbde4, prio:23, stack:6656, core=0
I (665) wifi:wifi firmware version: ccaebfa
I (667) wifi:wifi certification version: v7.0
I (671) wifi:config NVS flash: disabled
I (674) wifi:config nano formating: disabled
[0;31mE (675) FreeRTOS: FreeRTOS Task "data_rec" should not return, Aborting now![0m

abort() was called at PC 0x4008b813 on core 1


Backtrace: 0x40081bee:0x3ffce600 0x4008ab09:0x3ffce620 0x40093031:0x3ffce640 0x4008b813:0x3ffce6b0




ELF file SHA256: 3eebb4dcb

Rebooting...
ets Jul 29 2019 12:21:46

rst:0xc (SW_CPU_RESET),boot:0x13 (SPI_FAST_FLASH_BOOT)
configsip: 0, SPIWP:0xee
clk_drv:0x00,q_drv:0x00,d_drv:0x00,cs0_drv:0x00,hd_drv:0x00,wp_drv:0x00
mode:DIO, clock div:2
load:0x3fff0030,len:7176
load:0x40078000,len:15564
ho 0 tail 12 room 4
load:0x40080400,len:4
load:0x40080404,len:3904
entry 0x40080640
[0;32mI (31) boot: ESP-IDF v5.3.1-dirty 2nd stage bootloader[0m
[0;32mI (31) boot: compile time Jan  3 2025 20:09:16[0m
[0;32mI (31) boot: Multicore bootloader[0m
[0;32mI (36) boot: chip revision: v3.0[0m
[0;32mI (40) boot.esp32: SPI Speed      : 40MHz[0m
[0;32mI (44) boot.esp32: SPI Mode       : DIO[0m
[0;32mI (49) boot.esp32: SPI Flash Size : 4MB[0m
[0;32mI (53) boot: Enabling RNG early entropy source...[0m
[0;32mI (59) boot: Partition Table:[0m
[0;32mI (62) boot: ## Label            Usage          Type ST Offset   Length[0m
[0;32mI (70) boot:  0 nvs              WiFi data        01 02 00009000 00006000[0m
[0;32mI (77) boot:  1 phy_init         RF data          01 01 0000f000 00001000[0m
[0;32mI (85) boot:  2 factory          factory app      00 00 00010000 00100000[0m
[0;32mI (92) boot: End of partition table[0m
[0;32mI (96) esp_image: segment 0: paddr=00010020 vaddr=3f400020 size=2aac0h (174784) map[0m
[0;32mI (165) esp_image: segment 1: paddr=0003aae8 vaddr=3ffb0000 size=03f98h ( 16280) load[0m
[0;32mI (171) esp_image: segment 2: paddr=0003ea88 vaddr=40080000 size=01590h (  5520) load[0m
[0;32mI (173) esp_image: segment 3: paddr=00040020 vaddr=400d0020 size=b5f78h (745336) map[0m
[0;32mI (434) esp_image: segment 4: paddr=000f5fa0 vaddr=40081590 size=17e0ch ( 97804) load[0m
[0;32mI (485) boot: Loaded app from partition at offset 0x10000[0m
[0;32mI (485) boot: Disabling RNG early entropy source...[0m
[0;32mI (497) cpu_start: Multicore app[0m
[0;32mI (506) cpu_start: Pro cpu start user code[0m
[0;32mI (506) cpu_start: cpu freq: 160000000 Hz[0m
[0;32mI (506) app_init: Application information:[0m
[0;32mI (509) app_init: Project name:     Measure_Power_AC[0m
[0;32mI (514) app_init: App version:      6cc6703-dirty[0m
[0;32mI (520) app_init: Compile time:     Jan  3 2025 20:09:10[0m
[0;32mI (526) app_init: ELF file SHA256:  3eebb4dcb...[0m
[0;32mI (531) app_init: ESP-IDF:          v5.3.1-dirty[0m
[0;32mI (536) efuse_init: Min chip rev:     v0.0[0m
[0;32mI (541) efuse_init: Max chip rev:     v3.99 [0m
[0;32mI (546) efuse_init: Chip rev:         v3.0[0m
[0;32mI (551) heap_init: Initializing. RAM available for dynamic allocation:[0m
[0;32mI (558) heap_init: At 3FFAE6E0 len 00001920 (6 KiB): DRAM[0m
[0;32mI (564) heap_init: At 3FFB9B60 len 000264A0 (153 KiB): DRAM[0m
[0;32mI (570) heap_init: At 3FFE0440 len 00003AE0 (14 KiB): D/IRAM[0m
[0;32mI (577) heap_init: At 3FFE4350 len 0001BCB0 (111 KiB): D/IRAM[0m
[0;32mI (583) heap_init: At 4009939C len 00006C64 (27 KiB): IRAM[0m
[0;32mI (591) spi_flash: detected chip: generic[0m
[0;32mI (594) spi_flash: flash io: dio[0m
[0;33mW (598) i2c: This driver is an old driver, please migrate your application code to adapt `driver/i2c_master.h`[0m
[0;32mI (610) main_task: Started on CPU0[0m
[0;32mI (614) main_task: Calling app_main()[0m
RTC is running. Reading current data...
[0;32mI (652) gpio: GPIO[13]| InputEn: 1| OutputEn: 0| OpenDrain: 0| Pullup: 1| Pulldown: 0| Intr:3 [0m
[0;32mI (653) uart: queue free spaces: 10[0m
[0;32mI (660) main_task: Returned from app_main()[0m
I (663) wifi:wifi driver task: 3ffbb5ac, prio:23, stack:6656, core=0
[0;31mE (665) FreeRTOS: FreeRTOS Task "data_rec" should not return, Aborting now![0m

abort() was called at PC 0x4008b813 on core 1


Backtrace: 0x40081bee:0x3ffcaf50 0x4008ab09:0x3ffcaf70 0x40093031:0x3ffcaf90 0x4008b813:0x3ffcb000




ELF file SHA256: 3eebb4dcb

Rebooting...
ets Jul 29 2019 12:21:46

rst:0xc (SW_CPU_RESET),boot:0x13 (SPI_FAST_FLASH_BOOT)
configsip: 0, SPIWP:0xee
clk_drv:0x00,q_drv:0x00,d_drv:0x00,cs0_drv:0x00,hd_drv:0x00,wp_drv:0x00
mode:DIO, clock div:2
load:0x3fff0030,len:7176
load:0x40078000,len:15564
ho 0 tail 12 room 4
load:0x40080400,len:4
load:0x40080404,len:3904
entry 0x40080640
[0;32mI (31) boot: ESP-IDF v5.3.1-dirty 2nd stage bootloader[0m
[0;32mI (31) boot: compile time Jan  3 2025 20:09:16[0m
[0;32mI (31) boot: Multicore bootloader[0m
[0;32mI (36) boot: chip revision: v3.0[0m
[0;32mI (40) boot.esp32: SPI Speed      : 40MHz[0m
[0;32mI (44) boot.esp32: SPI Mode       : DIO[0m
[0;32mI (49) boot.esp32: SPI Flash Size : 4MB[0m
[0;32mI (53) boot: Enabling RNG early entropy source...[0m
[0;32mI (59) boot: Partition Table:[0m
[0;32mI (62) boot: ## Label            Usage          Type ST Offset   Length[0m
[0;32mI (70) boot:  0 nvs              WiFi data        01 02 00009000 00006000[0m
[0;32mI (77) boot:  1 phy_init         RF data          01 01 0000f000 00001000[0m
[0;32mI (85) boot:  2 factory          factory app      00 00 00010000 00100000[0m
[0;32mI (92) boot: End of partition table[0m
[0;32mI (96) esp_image: segment 0: paddr=00010020 vaddr=3f400020 size=2aac0h (174784) map[0m
[0;32mI (165) esp_image: segment 1: paddr=0003aae8 vaddr=3ffb0000 size=03f98h ( 16280) load[0m
[0;32mI (171) esp_image: segment 2: paddr=0003ea88 vaddr=40080000 size=01590h (  5520) load[0m
[0;32mI (173) esp_image: segment 3: paddr=00040020 vaddr=400d0020 size=b5f78h (745336) map[0m
[0;32mI (434) esp_image: segment 4: paddr=000f5fa0 vaddr=40081590 size=17e0ch ( 97804) load[0m
