:46

rst:0x1 (POWERON_RESET),boot:0x13 (SPI_FAST_FLASH_BOOT)
configsip: 0, SPIj5
[0;32mI (49) boot.esp32: SPI Flash Size : 4MB[0m
[0;32mI (53) boot: Enabling RNG early ï¿½ets Jul 29 2019 12:21:46

rst:0x1 (POWERON_RESET),boot:0x13 (SPI_FAST_FLASH_BOOT)
configsip: 0, SPIWP:0xee
clk_drv:0x00,q_drv:0x00,d_drv:0x00,cs0_drv:0x00,hd_drv:0x00,wp_drv:0x00
mode:DIO, clock div:2
load:0x3fff0030,len:7176
load:0x40078000,len:15564
ho 0 tail 12 room 4
load:0x40080400,len:4
load:0x40080404,len:3904
entry 0x40080640
[0;32mI (31) boot: ESP-IDF v5.3.1-dirty 2nd stage bootloader[0m
[0;32mI (31) boot: compile time Nov 27 2024 17:40:25[0m
[0;32mI (31) boot: Multicore bootloader[0m
[0;32mI (36) boot: chip revision: v3.0[0m
[0;32mI (40) boot.esp32: SPI Speed      : 40MHz[0m
[0;32mI (44) boot.esp32: SPI Mode       : DIO[0m
[0;32mI (49) boot.esp32: SPI Flash Size : 4MB[0m
[0;32mI (53) boot: Enabling RNG early entropy source...[0m
[0;32mI (59) boot: Partition Table:[0m
[0;32mI (62) boot: ## Label            Usage          Type ST Offset   Length[0m
[0;32mI (70) boot:  0 nvs              WiFi data        01 02 00009000 00006000[0m
[0;32mI (77) boot:  1 phy_init         RF data          01 01 0000f000 00001000[0m
[0;32mI (85) boot:  2 factory          factory app      00 00 00010000 00100000[0m
[0;32mI (92) boot: End of partition table[0m
[0;32mI (96) esp_image: segment 0: paddr=00010020 vaddr=3f400020 size=2151ch (136476) map[0m
[0;32mI (152) esp_image: segment 1: paddr=00031544 vaddr=3ffb0000 size=03f00h ( 16128) load[0m
[0;32mI (158) esp_image: segment 2: paddr=0003544c vaddr=40080000 size=0abcch ( 43980) load[0m
[0;32mI (175) esp_image: segment 3: paddr=00040020 vaddr=400d0020 size=8ee64h (585316) map[0m
[0;32mI (376) esp_image: segment 4: paddr=000cee8c vaddr=4008abcc size=0c770h ( 51056) load[0m
[0;32mI (408) boot: Loaded app from partition at offset 0x10000[0m
[0;32mI (408) boot: Disabling RNG early entropy source...[0m
[0;32mI (420) cpu_start: Multicore app[0m
[0;32mI (428) cpu_start: Pro cpu start user code[0m
[0;32mI (428) cpu_start: cpu freq: 160000000 Hz[0m
[0;32mI (429) app_init: Application information:[0m
[0;32mI (431) app_init: Project name:     Measure_Power_AC[0m
[0;32mI (437) app_init: App version:      ff67116-dirty[0m
[0;32mI (442) app_init: Compile time:     Nov 27 2024 17:40:18[0m
[0;32mI (448) app_init: ELF file SHA256:  9992db54c...[0m
[0;32mI (454) app_init: ESP-IDF:          v5.3.1-dirty[0m
[0;32mI (459) efuse_init: Min chip rev:     v0.0[0m
[0;32mI (464) efuse_init: Max chip rev:     v3.99 [0m
[0;32mI (469) efuse_init: Chip rev:         v3.0[0m
[0;32mI (474) heap_init: Initializing. RAM available for dynamic allocation:[0m
[0;32mI (481) heap_init: At 3FFAE6E0 len 00001920 (6 KiB): DRAM[0m
[0;32mI (487) heap_init: At 3FFB8890 len 00027770 (157 KiB): DRAM[0m
[0;32mI (493) heap_init: At 3FFE0440 len 00003AE0 (14 KiB): D/IRAM[0m
[0;32mI (499) heap_init: At 3FFE4350 len 0001BCB0 (111 KiB): D/IRAM[0m
[0;32mI (506) heap_init: At 4009733C len 00008CC4 (35 KiB): IRAM[0m
[0;32mI (514) spi_flash: detected chip: generic[0m
[0;32mI (517) spi_flash: flash io: dio[0m
[0;32mI (522) main_task: Started on CPU0[0m
[0;32mI (526) main_task: Calling app_main()[0m
[0;32mI (545) wifi:wifi driver task: 3ffc07c4, prio:23, stack:6656, core=0[0m
[0;32mI (548) wifi:wifi firmware version: ccaebfa[0m
[0;32mI (548) wifi:wifi certification version: v7.0[0m
[0;32mI (548) wifi:config NVS flash: disabled[0m
[0;32mI (552) wifi:config nano formating: disabled[0m
[0;32mI (556) wifi:Init data frame dynamic rx buffer num: 32[0m
[0;32mI (561) wifi:Init static rx mgmt buffer num: 5[0m
[0;32mI (565) wifi:Init management short buffer num: 32[0m
[0;32mI (569) wifi:Init dynamic tx buffer num: 32[0m
[0;32mI (573) wifi:Init static rx buffer size: 1600[0m
[0;32mI (577) wifi:Init static rx buffer num: 10[0m
[0;32mI (581) wifi:Init dynamic rx buffer num: 32[0m
[0;32mI (586) wifi_init: rx ba win: 6[0m
[0;32mI (589) wifi_init: accept mbox: 6[0m
[0;32mI (593) wifi_init: tcpip mbox: 32[0m
[0;32mI (597) wifi_init: udp mbox: 6[0m
[0;32mI (601) wifi_init: tcp mbox: 6[0m
[0;32mI (604) wifi_init: tcp tx win: 5760[0m
[0;32mI (608) wifi_init: tcp rx win: 5760[0m
[0;32mI (613) wifi_init: tcp mss: 1440[0m
[0;32mI (617) wifi_init: WiFi IRAM OP enabled[0m
[0;32mI (621) wifi_init: WiFi RX IRAM OP enabled[0m
[0;32mI (627) phy_init: phy_version 4830,54550f7,Jun 20 2024,14:22:08[0m
[0;32mI (709) wifi:mode : sta (b8:d6:1a:6a:3d:0c)[0m
[0;32mI (710) wifi:enable tsf[0m
[1;31mE (715) wifi:NAN WiFi stop[0m
[0;32mI (716) wifi:flush txq[0m
[0;32mI (716) wifi:stop sw txq[0m
[0;32mI (717) wifi:lmac stop hw txq[0m
[0;32mI (720) wifi:mode : sta (b8:d6:1a:6a:3d:0c)[0m
[0;32mI (721) wifi:enable tsf[0m
[0;32mI (725) main_task: Returned from app_main()[0m
[0;32mI (776) smartconfig: SC version: V3.0.1[0m
[0;32mI (824) WIFI CONNECT: SSID 		AIRFRESH VIETNAM[0m
[0;32mI (824) WIFI CONNECT: RSSI 		-64[0m
[0;32mI (825) WIFI CONNECT: Authmode 	WIFI_AUTH_WPA2_PSK[0m
[0;32mI (828) WIFI CONNECT: Pairwise Cipher 	WIFI_CIPHER_TYPE_CCMP[0m
[0;32mI (834) WIFI CONNECT: Group Cipher 	WIFI_CIPHER_TYPE_CCMP[0m
[0;32mI (840) WIFI CONNECT: Channel 		1
[0m
[0;32mI (5615) wifi:ic_enable_sniffer[0m
[0;32mI (5617) smartconfig: Start to find channel...[0m
[0;32mI (9277) smartconfig: TYPE: ESPTOUCH[0m
[0;32mI (9278) smartconfig: T|AP MAC: 0c:01:4b:19:5c:12[0m
[0;32mI (9279) smartconfig: Found channel on 9-1. Start to get ssid and password...[0m
[0;32mI (13273) smartconfig: T|pswd: thuyenxinchao[0m
[0;32mI (13273) smartconfig: T|ssid: thuyencafe[0m
[0;32mI (13273) wifi:ic_disable_sniffer[0m
[0;33mW (13276) wifi:Password length matches WPA2 standards, authmode threshold changes from OPEN to WPA2[0m

assert failed: xQueueReceive queue.c:1531 (( pxQueue ))


Backtrace: 0x40081a42:0x3ffd0a10 0x400894b9:0x3ffd0a30 0x40091251:0x3ffd0a50 0x40089c9b:0x3ffd0b70 0x400d6dca:0x3ffd0bb0 0x40089fc5:0x3ffd0be0




ELF file SHA256: 9992db54c

Rebooting...
ets Jul 29 2019 12:21:46

rst:0xc (SW_CPU_RESET),boot:0x13 (SPI_FAST_FLASH_BOOT)
configsip: 0, SPIWP:0xee
clk_drv:0x00,q_drv:0x00,d_drv:0x00,cs0_drv:0x00,hd_drv:0x00,wp_drv:0x00
mode:DIO, clock div:2
load:0x3fff0030,len:7176
load:0x40078000,len:15564
ho 0 tail 12 room 4
load:0x40080400,len:4
load:0x40080404,len:3904
entry 0x40080640
[0;32mI (31) boot: ESP-IDF v5.3.1-dirty 2nd stage bootloader[0m
[0;32mI (31) boot: compile time Nov 27 2024 17:40:25[0m
[0;32mI (31) boot: Multicore bootloader[0m
[0;32mI (36) boot: chip revision: v3.0[0m
[0;32mI (40) boot.esp32: SPI Speed      : 40MHz[0m
[0;32mI (44) boot.esp32: SPI Mode       : DIO[0m
[0;32mI (49) boot.esp32: SPI Flash Size : 4MB[0m
[0;32mI (53) boot: Enabling RNG early entropy source...[0m
[0;32mI (59) boot: Partition Table:[0m
[0;32mI (62) boot: ## Label            Usage          Type ST Offset   Length[0m
[0;32mI (70) boot:  0 nvs              WiFi data        01 02 00009000 00006000[0m
[0;32mI (77) boot:  1 phy_init         RF data          01 01 0000f000 00001000[0m
[0;32mI (85) boot:  2 factory          factory app      00 00 00010000 00100000[0m
[0;32mI (92) boot: End of partition table[0m
[0;32mI (96) esp_image: segment 0: paddr=00010020 vaddr=3f400020 size=2151ch (136476) map[0m
[0;32mI (152) esp_image: segment 1: paddr=00031544 vaddr=3ffb0000 size=03f00h ( 16128) load[0m
[0;32mI (158) esp_image: segment 2: paddr=0003544c vaddr=40080000 size=0abcch ( 43980) load[0m
[0;32mI (175) esp_image: segment 3: paddr=00040020 vaddr=400d0020 size=8ee64h (585316) map[0m
[0;32mI (376) esp_image: segment 4: paddr=000cee8c vaddr=4008abcc size=0c770h ( 51056) load[0m
[0;32mI (408) boot: Loaded app from partition at offset 0x10000[0m
[0;32mI (408) boot: Disabling RNG early entropy source...[0m
[0;32mI (420) cpu_start: Multicore app[0m
[0;32mI (428) cpu_start: Pro cpu start user code[0m
[0;32mI (428) cpu_start: cpu freq: 160000000 Hz[0m
[0;32mI (428) app_init: Application information:[0m
[0;32mI (431) app_init: Project name:     Measure_Power_AC[0m
[0;32mI (437) app_init: App version:      ff67116-dirty[0m
[0;32mI (442) app_init: Compile time:     Nov 27 2024 17:40:18[0m
[0;32mI (448) app_init: ELF file SHA256:  9992db54c...[0m
[0;32mI (454) app_init: ESP-IDF:          v5.3.1-dirty[0m
[0;32mI (459) efuse_init: Min chip rev:     v0.0[0m
[0;32mI (464) efuse_init: Max chip rev:     v3.99 [0m
[0;32mI (469) efuse_init: Chip rev:         v3.0[0m
[0;32mI (474) heap_init: Initializing. RAM available for dynamic allocation:[0m
[0;32mI (481) heap_init: At 3FFAE6E0 len 00001920 (6 KiB): DRAM[0m
[0;32mI (487) heap_init: At 3FFB8890 len 00027770 (157 KiB): DRAM[0m
[0;32mI (493) heap_init: At 3FFE0440 len 00003AE0 (14 KiB): D/IRAM[0m
[0;32mI (499) heap_init: At 3FFE4350 len 0001BCB0 (111 KiB): D/IRAM[0m
[0;32mI (506) heap_init: At 4009733C len 00008CC4 (35 KiB): IRAM[0m
[0;32mI (514) spi_flash: detected chip: generic[0m
[0;32mI (517) spi_flash: flash io: dio[0m
[0;32mI (522) main_task: Started on CPU0[0m
[0;32mI (526) main_task: Calling app_main()[0m
[0;32mI (545) wifi:wifi driver task: 3ffc07c4, prio:23, stack:6656, core=0[0m
[0;32mI (548) wifi:wifi firmware version: ccaebfa[0m
[0;32mI (548) wifi:wifi certification version: v7.0[0m
[0;32mI (548) wifi:config NVS flash: disabled[0m
[0;32mI (552) wifi:config nano formating: disabled[0m
[0;32mI (556) wifi:Init data frame dynamic rx buffer num: 32[0m
[0;32mI (561) wifi:Init static rx mgmt buffer num: 5[0m
[0;32mI (565) wifi:Init management short buffer num: 32[0m
[0;32mI (569) wifi:Init dynamic tx buffer num: 32[0m
[0;32mI (573) wifi:Init static rx buffer size: 1600[0m
[0;32mI (577) wifi:Init static rx buffer num: 10[0m
[0;32mI (581) wifi:Init dynamic rx buffer num: 32[0m
[0;32mI (586) wifi_init: rx ba win: 6[0m
[0;32mI (589) wifi_init: accept mbox: 6[0m
[0;32mI (593) wifi_init: tcpip mbox: 32[0m
[0;32mI (597) wifi_init: udp mbox: 6[0m
[0;32mI (601) wifi_init: tcp mbox: 6[0m
[0;32mI (604) wifi_init: tcp tx win: 5760[0m
[0;32mI (608) wifi_init: tcp rx win: 5760[0m
[0;32mI (613) wifi_init: tcp mss: 1440[0m
[0;32mI (617) wifi_init: WiFi IRAM OP enabled[0m
[0;32mI (621) wifi_init: WiFi RX IRAM OP enabled[0m
[0;32mI (627) phy_init: phy_version 4830,54550f7,Jun 20 2024,14:22:08[0m
[0;32mI (713) wifi:mode : sta (b8:d6:1a:6a:3d:0c)[0m
[0;32mI (714) wifi:enable tsf[0m
[1;31mE (719) wifi:NAN WiFi stop[0m
[0;32mI (720) wifi:flush txq[0m
[0;32mI (720) wifi:stop sw txq[0m
[0;32mI (720) wifi:lmac stop hw txq[0m
[0;32mI (724) wifi:mode : sta (b8:d6:1a:6a:3d:0c)[0m
[0;32mI (725) wifi:enable tsf[0m
[0;32mI (729) main_task: Returned from app_main()[0m
[0;32mI (780) smartconfig: SC version: V3.0.1[0m
[0;32mI (828) WIFI CONNECT: SSID 		AIRFRESH VIETNAM[0m
[0;32mI (828) WIFI CONNECT: RSSI 		-69[0m
[0;32mI (829) WIFI CONNECT: Authmode 	WIFI_AUTH_WPA2_PSK[0m
[0;32mI (832) WIFI CONNECT: Pairwise Cipher 	WIFI_CIPHER_TYPE_CCMP[0m
[0;32mI (838) WIFI CONNECT: Group Cipher 	WIFI_CIPHER_TYPE_CCMP[0m
[0;32mI (844) WIFI CONNECT: Channel 		1
[0m
