2019 12:21:46

rst:0x	ï¿½ï¿½ï¿½j!ï¿½m[0m
[0;32mI (44) boot.esp32: SPI Mode       : DIO[0m
[0;32mI (49) boot.esp32: SPI Flash Size : 4MB[0m
[0;32mI (53) boot: Enabling RNG early eï¿½ets Jul 29 2019 12:21:46

rst:0x1 (POWERON_RESET),boot:0x13 (SPI_FAST_FLASH_BOOT)
configsip: 0, SPIWP:0xee
clk_drv:0x00,q_drv:0x00,d_drv:0x00,cs0_drv:0x00,hd_drv:0x00,wp_drv:0x00
mode:DIO, clock div:2
load:0x3fff0030,len:7176
load:0x40078000,len:15564
ho 0 tail 12 room 4
load:0x40080400,len:4
load:0x40080404,len:3904
entry 0x40080640
[0;32mI (31) boot: ESP-IDF v5.3.1-dirty 2nd stage bootloader[0m
[0;32mI (31) boot: compile time Jan  3 2025 20:09:16[0m
[0;32mI (31) boot: Multicore bootloader[0m
[0;32mI (36) boot: chip revision: v3.0[0m
[0;32mI (40) boot.esp32: SPI Speed      : 40MHz[0m
[0;32mI (44) boot.esp32: SPI Mode       : DIO[0m
[0;32mI (49) boot.esp32: SPI Flash Size : 4MB[0m
[0;32mI (53) boot: Enabling RNG early entropy source...[0m
[0;32mI (59) boot: Partition Table:[0m
[0;32mI (62) boot: ## Label            Usage          Type ST Offset   Length[0m
[0;32mI (70) boot:  0 nvs              WiFi data        01 02 00009000 00006000[0m
[0;32mI (77) boot:  1 phy_init         RF data          01 01 0000f000 00001000[0m
[0;32mI (85) boot:  2 factory          factory app      00 00 00010000 00100000[0m
[0;32mI (92) boot: End of partition table[0m
[0;32mI (96) esp_image: segment 0: paddr=00010020 vaddr=3f400020 size=2a148h (172360) map[0m
[0;32mI (164) esp_image: segment 1: paddr=0003a170 vaddr=3ffb0000 size=03f98h ( 16280) load[0m
[0;32mI (170) esp_image: segment 2: paddr=0003e110 vaddr=40080000 size=01f08h (  7944) load[0m
[0;32mI (174) esp_image: segment 3: paddr=00040020 vaddr=400d0020 size=b5018h (741400) map[0m
[0;32mI (432) esp_image: segment 4: paddr=000f5040 vaddr=40081f08 size=17494h ( 95380) load[0m
[0;32mI (482) boot: Loaded app from partition at offset 0x10000[0m
[0;32mI (482) boot: Disabling RNG early entropy source...[0m
[0;32mI (494) cpu_start: Multicore app[0m
[0;32mI (503) cpu_start: Pro cpu start user code[0m
[0;32mI (503) cpu_start: cpu freq: 160000000 Hz[0m
[0;32mI (503) app_init: Application information:[0m
[0;32mI (506) app_init: Project name:     Measure_Power_AC[0m
[0;32mI (511) app_init: App version:      6cc6703-dirty[0m
[0;32mI (517) app_init: Compile time:     Jan  3 2025 23:33:51[0m
[0;32mI (523) app_init: ELF file SHA256:  9d7eb53f0...[0m
[0;32mI (528) app_init: ESP-IDF:          v5.3.1-dirty[0m
[0;32mI (533) efuse_init: Min chip rev:     v0.0[0m
[0;32mI (538) efuse_init: Max chip rev:     v3.99 [0m
[0;32mI (543) efuse_init: Chip rev:         v3.0[0m
[0;32mI (548) heap_init: Initializing. RAM available for dynamic allocation:[0m
[0;32mI (555) heap_init: At 3FFAE6E0 len 00001920 (6 KiB): DRAM[0m
[0;32mI (561) heap_init: At 3FFB9B58 len 000264A8 (153 KiB): DRAM[0m
[0;32mI (567) heap_init: At 3FFE0440 len 00003AE0 (14 KiB): D/IRAM[0m
[0;32mI (574) heap_init: At 3FFE4350 len 0001BCB0 (111 KiB): D/IRAM[0m
[0;32mI (580) heap_init: At 4009939C len 00006C64 (27 KiB): IRAM[0m
[0;32mI (588) spi_flash: detected chip: generic[0m
[0;32mI (591) spi_flash: flash io: dio[0m
[0;33mW (595) i2c: This driver is an old driver, please migrate your application code to adapt `driver/i2c_master.h`[0m
[0;32mI (606) main_task: Started on CPU0[0m
[0;32mI (610) main_task: Calling app_main()[0m
RTC is running. Reading current data...
[0;32mI (647) gpio: GPIO[13]| InputEn: 1| OutputEn: 0| OpenDrain: 0| Pullup: 1| Pulldown: 0| Intr:3 [0m
[0;32mI (649) gpio: GPIO[2]| InputEn: 0| OutputEn: 1| OpenDrain: 0| Pullup: 0| Pulldown: 0| Intr:0 [0m
[0;32mI (658) uart: queue free spaces: 10[0m
State: 0
I (667) wifi:wifi driver task: 3ffcc7b4, prio:23, stack:6656, core=1
[0;32mI (670) main_task: Returned from app_main()[0m
I (671) wifi:wifi firmware version: ccaebfa
I (677) wifi:wifi certification version: v7.0
I (681) wifi:config NVS flash: disabled
I (685) wifi:config nano formating: disabled
I (689) wifi:Init data frame dynamic rx buffer num: 32
I (694) wifi:Init static rx mgmt buffer num: 5
I (698) wifi:Init management short buffer num: 32
I (702) wifi:Init dynamic tx buffer num: 32
I (706) wifi:Init static rx buffer size: 1600
I (711) wifi:Init static rx buffer num: 15
I (714) wifi:Init dynamic rx buffer num: 32
[0;32mI (719) wifi_init: rx ba win: 6[0m
[0;32mI (722) wifi_init: accept mbox: 6[0m
[0;32mI (726) wifi_init: tcpip mbox: 32[0m
[0;32mI (730) wifi_init: udp mbox: 6[0m
[0;32mI (734) wifi_init: tcp mbox: 6[0m
[0;32mI (737) wifi_init: tcp tx win: 5760[0m
[0;32mI (742) wifi_init: tcp rx win: 5760[0m
[0;32mI (746) wifi_init: tcp mss: 1440[0m
[0;32mI (750) wifi_init: WiFi IRAM OP enabled[0m
[0;32mI (754) wifi_init: WiFi RX IRAM OP enabled[0m
[0;32mI (760) phy_init: phy_version 4830,54550f7,Jun 20 2024,14:22:08[0m
State: 0
I (847) wifi:mode : sta (b8:d6:1a:6a:3d:0c)
I (848) wifi:enable tsf
E (851) wifi:NAN WiFi stop
I (852) wifi:flush txq
I (852) wifi:stop sw txq
I (852) wifi:lmac stop hw txq
I (855) wifi:mode : sta (b8:d6:1a:6a:3d:0c)
I (856) wifi:enable tsf
State: 0
LED Status: ON
State: 0
State: 0
State: 0
State: 0
State: 0
LED Status: OFF
State: 0
State: 0
State: 0
State: 0
State: 0
LED Status: ON
State: 0
State: 0
State: 0
State: 0
State: 0
LED Status: OFF
State: 0
State: 0
State: 0
State: 0
State: 0
LED Status: ON
State: 0
State: 0
State: 0
State: 0
Starting WiFi Scan Round 1
State: 0
LED Status: OFF
State: 0
State: 0
State: 0
State: 0
State: 0
LED Status: ON
State: 0
State: 0
State: 0
State: 0
State: 0
LED Status: OFF
State: 0
State: 0
State: 0
State: 0
State: 0
LED Status: ON
State: 0
State: 0
State: 0
State: 0
State: 0
LED Status: OFF
State: 0
State: 0
State: 0
State: 0
Starting WiFi Scan Round 2
State: 0
LED Status: ON
State: 0
State: 0
State: 0
State: 0
State: 0
LED Status: OFF
State: 0
State: 0
State: 0
State: 0
State: 0
LED Status: ON
State: 0
State: 0
State: 0
State: 0
State: 0
LED Status: OFF
State: 0
State: 0
State: 0
State: 0
State: 0
LED Status: ON
State: 0
State: 0
State: 0
State: 0
Starting WiFi Scan Round 3
State: 0
LED Status: OFF
[0;32mI (8366) scan: SSID 		PIF_CLUB[0m
[0;32mI (8366) scan: RSSI 		-49[0m
[0;32mI (8366) scan: Authmode 	WIFI_AUTH_WPA_WPA2_PSK[0m
[0;32mI (8370) scan: Pairwise Cipher 	WIFI_CIPHER_TYPE_CCMP[0m
[0;32mI (8376) scan: Group Cipher 	WIFI_CIPHER_TYPE_CCMP[0m
[0;32mI (8382) scan: Channel 		8
[0m
[0;32mI (8385) scan: SSID 		PIF_Client[0m
[0;32mI (8389) scan: RSSI 		-51[0m
[0;32mI (8392) scan: Authmode 	WIFI_AUTH_WPA_WPA2_PSK[0m
[0;32mI (8398) scan: Pairwise Cipher 	WIFI_CIPHER_TYPE_CCMP[0m
[0;32mI (8403) scan: Group Cipher 	WIFI_CIPHER_TYPE_CCMP[0m
[0;32mI (8409) scan: Channel 		8
[0m
[0;32mI (8412) scan: SSID 		HCMUT04[0m
[0;32mI (8416) scan: RSSI 		-60[0m
[0;32mI (8419) scan: Authmode 	WIFI_AUTH_WPA_WPA2_PSK[0m
[0;32mI (8425) scan: Pairwise Cipher 	WIFI_CIPHER_TYPE_CCMP[0m
[0;32mI (8430) scan: Group Cipher 	WIFI_CIPHER_TYPE_CCMP[0m
[0;32mI (8436) scan: Channel 		8
[0m
[0;32mI (8439) scan: SSID 		HCMUT02[0m
[0;32mI (8443) scan: RSSI 		-79[0m
[0;32mI (8446) scan: Authmode 	WIFI_AUTH_OPEN[0m
[0;32mI (8451) scan: Pairwise Cipher 	WIFI_CIPHER_TYPE_NONE[0m
[0;32mI (8457) scan: Group Cipher 	WIFI_CIPHER_TYPE_NONE[0m
[0;32mI (8462) scan: Channel 		6
[0m
[0;32mI (8466) scan: SSID 		HCMUT01[0m
[0;32mI (8469) scan: RSSI 		-81[0m
State: 0
[0;32mI (8472) scan: Authmode 	WIFI_AUTH_ENTERPRISE[0m
[0;32mI (8478) scan: Pairwise Cipher 	WIFI_CIPHER_TYPE_CCMP[0m
[0;32mI (8484) scan: Group Cipher 	WIFI_CIPHER_TYPE_CCMP[0m
[0;32mI (8490) scan: Channel 		6
[0m
[0;32mI (8493) scan: SSID 		Four-Faith[0m
[0;32mI (8497) scan: RSSI 		-82[0m
[0;32mI (8500) scan: Authmode 	WIFI_AUTH_WPA2_PSK[0m
[0;32mI (8505) scan: Pairwise Cipher 	WIFI_CIPHER_TYPE_CCMP[0m
[0;32mI (8511) scan: Group Cipher 	WIFI_CIPHER_TYPE_CCMP[0m
[0;32mI (8516) scan: Channel 		13
[0m
[0;32mI (8520) scan: SSID 		KindyCity-KT[0m
[0;32mI (8524) scan: RSSI 		-95[0m
[0;32mI (8527) scan: Authmode 	WIFI_AUTH_WPA_WPA2_PSK[0m
[0;32mI (8533) scan: Pairwise Cipher 	WIFI_CIPHER_TYPE_CCMP[0m
[0;32mI (8538) scan: Group Cipher 	WIFI_CIPHER_TYPE_CCMP[0m
[0;32mI (8544) scan: Channel 		9
[0m
[0;32mI (8547) scan: SSID 		Cam21[0m
[0;32mI (8551) scan: RSSI 		-96[0m
[0;32mI (8554) scan: Authmode 	WIFI_AUTH_WPA2_PSK[0m
[0;32mI (8559) scan: Pairwise Cipher 	WIFI_CIPHER_TYPE_CCMP[0m
[0;32mI (8565) scan: Group Cipher 	WIFI_CIPHER_TYPE_CCMP[0m
[0;32mI (8570) scan: Channel 		3
[0m
State: 0
[0;32mI (8574) scan: SSID 		Tenda_503060[0m
[0;32mI (8579) scan: RSSI 		-90[0m
[0;32mI (8582) scan: Authmode 	WIFI_AUTH_WPA_WPA2_PSK[0m
[0;32mI (8587) scan: Pairwise Cipher 	WIFI_CIPHER_TYPE_CCMP[0m
[0;32mI (8593) scan: Group Cipher 	WIFI_CIPHER_TYPE_CCMP[0m
[0;32mI (8598) scan: Channel 		2
[0m
[0;32mI (8602) scan: SSID 		cbv[0m
[0;32mI (8605) scan: RSSI 		-98[0m
[0;32mI (8609) scan: Authmode 	WIFI_AUTH_WPA_WPA2_PSK[0m
[0;32mI (8614) scan: Pairwise Cipher 	WIFI_CIPHER_TYPE_CCMP[0m
[0;32mI (8620) scan: Group Cipher 	WIFI_CIPHER_TYPE_CCMP[0m
[0;32mI (8625) scan: Channel 		8
[0m
Check matching Ssid
1
opening NVS Read handle Done 
opening NVS Read handle Done 
2
return 1
Found Matching SSID and Password
E (8642) wifi:NAN WiFi stop
I (8643) wifi:flush txq
I (8645) wifi:stop sw txq
I (8648) wifi:lmac stop hw txq
I (8654) wifi:mode : sta (b8:d6:1a:6a:3d:0c)
I (8655) wifi:enable tsf
[0;32mI (8657) scan: Wifi_init_station finished.[0m
State: 0
State: 0
State: 0
LED Status: ON
State: 0
State: 0
State: 0
State: 0
State: 0
LED Status: OFF
State: 0
State: 0
State: 0
I (9767) wifi:new:<8,0>, old:<1,0>, ap:<255,255>, sta:<8,0>, prof:1, snd_ch_cfg:0x0
I (9768) wifi:state: init -> auth (0xb0)
I (9772) wifi:state: auth -> assoc (0x0)
State: 0
I (9778) wifi:state: assoc -> run (0x10)
State: 0
LED Status: ON
I (9926) wifi:connected with PIF_CLUB, aid = 3, channel 8, BW20, bssid = 74:26:ff:ff:a8:4e
I (9927) wifi:security: WPA2-PSK, phy: bgn, rssi: -49
I (9929) wifi:pm start, type: 1

I (9931) wifi:dp: 1, bi: 102400, li: 3, scale listen interval from 307200 us to 307200 us
State: 0
I (9995) wifi:AP's beacon interval = 102400 us, DTIM period = 1
State: 0
I (10121) wifi:[ADDBA]RX DELBA, reason:39, delete tid:0, initiator:1(originator)
I (10122) wifi:[ADDBA]RX DELBA, reason:39, delete tid:0, initiator:0(recipient)
I (10125) wifi:[ADDBA]RX DELBA, reason:39, delete tid:6, initiator:1(originator)
State: 0
State: 0
State: 0
LED Status: OFF
State: 0
State: 0
State: 0
State: 0
State: 0
LED Status: ON
State: 0
State: 0
State: 0
State: 0
State: 0
LED Status: OFF
State: 0
State: 0
State: 0
State: 0
State: 0
LED Status: ON
State: 0
I (12050) wifi:<ba-add>idx:0 (ifx:0, 74:26:ff:ff:a8:4e), tid:0, ssn:0, winSize:64
State: 0
State: 0
State: 0
State: 0
LED Status: OFF
State: 0
State: 0
State: 0
State: 0
State: 0
LED Status: ON
[0;32mI (12943) esp_netif_handlers: sta ip: 192.168.10.15, mask: 255.255.255.0, gw: 192.168.10.1[0m
[0;32mI (12945) scan: Connected to ap SSID:PIF_CLUB password:chinsochin[0m
Connect Wifi
I (12968) wifi:<ba-add>idx:1 (ifx:0, 74:26:ff:ff:a8:4e), tid:6, ssn:3, winSize:64
State: 1
State: 1
State: 1
State: 1
State: 1
State: 1
State: 1
State: 1
State: 1
State: 1
State: 3
State: 3
State: 3
State: 3
State: 3
State: 3
State: 3
State: 3
State: 3
State: 3
State: 3
State: 3
State: 3
State: 3
State: 3
State: 3
State: 3
State: 3
State: 3
State: 3
State: 3
State: 3
State: 3
State: 3
State: 3
State: 3
State: 3
State: 3
State: 3
State: 3
State: 3
State: 3
State: 3
State: 3
State: 3
State: 3
State: 3
State: 3
State: 3
State: 3
State: 3
State: 3
State: 3
State: 3
State: 3
State: 3
State: 3
State: 3
State: 3
State: 3
State: 3
State: 3
State: 3
State: 3
State: 3
State: 3
State: 3
State: 3
State: 3
State: 3
State: 3
State: 3
State: 3
State: 3
State: 3
State: 3
State: 3
State: 3
State: 3
State: 3
State: 3
State: 3
State: 3
State: 3
State: 3
State: 3
State: 3
State: 3
State: 3
State: 3
State: 3
State: 3
State: 3
State: 3
State: 3
State: 3
State: 3
State: 3
State: 3
State: 3
State: 3
State: 3
State: 3
State: 3
State: 3
State: 3
State: 3
State: 3
State: 3
State: 3
State: 3
State: 3
State: 3
State: 3
State: 3
State: 3
State: 3
State: 3
State: 3
State: 3
State: 3
State: 3
State: 3
State: 3
State: 3
State: 3
State: 3
State: 3
State: 3
State: 3
State: 3
State: 3
State: 3
State: 3
State: 3
State: 3
State: 3
State: 3
State: 3
State: 3
State: 3
State: 3
State: 3
State: 3
State: 3
State: 3
State: 3
State: 3
State: 3
State: 3
State: 3
State: 3
State: 3
State: 3
State: 3
State: 3
State: 3
State: 3
State: 3
State: 3
State: 3
State: 3
State: 3
State: 3
State: 3
State: 3
State: 3
State: 3
State: 3
State: 3
State: 3
State: 3
State: 3
State: 3
State: 3
State: 3
State: 3
State: 3
State: 3
State: 3
State: 3
State: 3
State: 3
State: 3
State: 3
State: 3
State: 3
State: 3
State: 3
State: 3
State: 3
State: 3
State: 3
State: 3
State: 3
State: 3
State: 3
State: 3
State: 3
State: 3
State: 3
State: 3
State: 3
State: 3
State: 3
State: 3
State: 3
State: 3
State: 3
State: 3
State: 3
State: 3
State: 3
State: 3
State: 3
State: 3
State: 3
State: 3
State: 3
State: 3
State: 3
State: 3
State: 3
State: 3
State: 3
State: 3
State: 3
State: 3
State: 3
State: 3
State: 3
State: 3
State: 3
State: 3
State: 3
State: 3
State: 3
State: 3
State: 3
State: 3
State: 3
State: 3
State: 3
State: 3
State: 3
State: 3
State: 3
State: 3
State: 3
State: 3
State: 3
State: 3
State: 3
State: 3
State: 3
State: 3
State: 3
State: 3
State: 3
State: 3
State: 3
State: 3
State: 3
State: 3
State: 3
State: 3
State: 3
State: 3
State: 3
State: 3
State: 3
State: 3
State: 3
State: 3
State: 3
State: 3
State: 3
State: 3
State: 3
State: 3
State: 3
State: 3
State: 3
State: 3
State: 3
State: 3
State: 3
State: 3
State: 3
State: 3
State: 3
State: 3
State: 3
State: 3
State: 3
State: 3
State: 3
State: 3
State: 3
State: 3
State: 3
State: 3
State: 3
State: 3
State: 3
State: 3
State: 3
State: 3
State: 3
State: 3
State: 3
State: 3
State: 3
State: 3
State: 3
State: 3
State: 3
State: 3
State: 3
State: 3
State: 3
State: 3
State: 3
State: 3
State: 3
State: 3
State: 3
State: 3
State: 3
State: 3
State: 3
State: 3
State: 3
State: 3
State: 3
State: 3
State: 3
State: 3
State: 3
State: 3
State: 3
State: 3
State: 3
State: 3
State: 3
State: 3
State: 3
State: 3
State: 3
State: 3
State: 3
State: 3
State: 3
State: 3
State: 3
State: 3
State: 3
State: 3
State: 3
State: 3
State: 3
State: 3
State: 3
State: 3
State: 3
State: 3
State: 3
State: 3
State: 3
State: 3
State: 3
State: 3
State: 3
State: 3
State: 3
State: 3
State: 3
State: 3
State: 3
State: 3
State: 3
State: 3
State: 3
State: 3
State: 3
State: 3
State: 3
State: 3
State: 3
State: 3
State: 3
State: 3
State: 3
State: 3
State: 3
State: 3
State: 3
State: 3
State: 3
State: 3
State: 3
State: 3
State: 3
State: 3
State: 3
State: 3
State: 3
State: 3
State: 3
State: 3
State: 3
State: 3
State: 3
State: 3
State: 3
State: 3
State: 3
State: 3
State: 3
State: 3
State: 3
State: 3
State: 3
State: 3
State: 3
State: 3
State: 3
State: 3
State: 3
State: 3
State: 3
State: 3
State: 3
State: 3
State: 3
State: 3
State: 3
State: 3
State: 3
State: 3
State: 3
State: 3
State: 3
State: 3
State: 3
State: 3
State: 3
State: 3
State: 3
State: 3
State: 3
State: 3
State: 3
State: 3
State: 3
State: 3
State: 3
State: 3
State: 3
State: 3
State: 3
State: 3
State: 3
State: 3
State: 3
State: 3
State: 3
State: 3
State: 3
State: 3
State: 3
State: 3
State: 3
State: 3
State: 3
State: 3
State: 3
State: 3
State: 3
State: 3
State: 3
State: 3
State: 3
State: 3
State: 3
State: 3
State: 3
State: 3
State: 3
State: 3
State: 3
State: 3
State: 3
State: 3
State: 3
State: 3
State: 3
State: 3
State: 3
State: 3
State: 3
State: 3
State: 3
State: 3
State: 3
State: 3
State: 3
State: 3
State: 3
State: 3
State: 3
State: 3
State: 3
State: 3
State: 3
State: 3
State: 3
State: 3
State: 3
State: 3
State: 3
State: 3
State: 3
State: 3
State: 3
State: 3
State: 3
State: 3
State: 3
State: 3
State: 3
State: 3
State: 3
State: 3
State: 3
State: 3
State: 3
State: 3
State: 3
State: 3
State: 3
State: 3
State: 3
State: 3
State: 3
State: 3
State: 3
State: 3
State: 3
State: 3
State: 3
State: 3
State: 3
State: 3
State: 3
