2019 12:21:46

rst:0xï¿½ï¿½ï¿½j!ï¿½m[0m
[0;32mI (44) boot.esp32: SPI Mode       : DIO[0m
[0;32mI (49) boot.esp32: SPI Flash Size : 4MB[0m
[0;32mI (53) boot: Enabling ï¿½ets Jul 29 2019 12:21:46

rst:0x1 (POWERON_RESET),boot:0x13 (SPI_FAST_FLASH_BOOT)
configsip: 0, SPIWP:0xee
clk_drv:0x00,q_drv:0x00,d_drv:0x00,cs0_drv:0x00,hd_drv:0x00,wp_drv:0x00
mode:DIO, clock div:2
load:0x3fff0030,len:7176
load:0x40078000,len:15564
ho 0 tail 12 room 4
load:0x40080400,len:4
load:0x40080404,len:3904
entry 0x40080640
[0;32mI (31) boot: ESP-IDF v5.3.1-dirty 2nd stage bootloader[0m
[0;32mI (31) boot: compile time Jan  3 2025 20:09:16[0m
[0;32mI (31) boot: Multicore bootloader[0m
[0;32mI (36) boot: chip revision: v3.0[0m
[0;32mI (40) boot.esp32: SPI Speed      : 40MHz[0m
[0;32mI (44) boot.esp32: SPI Mode       : DIO[0m
[0;32mI (49) boot.esp32: SPI Flash Size : 4MB[0m
[0;32mI (53) boot: Enabling RNG early entropy source...[0m
[0;32mI (59) boot: Partition Table:[0m
[0;32mI (62) boot: ## Label            Usage          Type ST Offset   Length[0m
[0;32mI (70) boot:  0 nvs              WiFi data        01 02 00009000 00006000[0m
[0;32mI (77) boot:  1 phy_init         RF data          01 01 0000f000 00001000[0m
[0;32mI (85) boot:  2 factory          factory app      00 00 00010000 00100000[0m
[0;32mI (92) boot: End of partition table[0m
[0;32mI (96) esp_image: segment 0: paddr=00010020 vaddr=3f400020 size=2a088h (172168) map[0m
[0;32mI (164) esp_image: segment 1: paddr=0003a0b0 vaddr=3ffb0000 size=03f98h ( 16280) load[0m
[0;32mI (170) esp_image: segment 2: paddr=0003e050 vaddr=40080000 size=01fc8h (  8136) load[0m
[0;32mI (174) esp_image: segment 3: paddr=00040020 vaddr=400d0020 size=b4b98h (740248) map[0m
[0;32mI (432) esp_image: segment 4: paddr=000f4bc0 vaddr=40081fc8 size=173d4h ( 95188) load[0m
[0;32mI (482) boot: Loaded app from partition at offset 0x10000[0m
[0;32mI (482) boot: Disabling RNG early entropy source...[0m
[0;32mI (494) cpu_start: Multicore app[0m
[0;32mI (502) cpu_start: Pro cpu start user code[0m
[0;32mI (502) cpu_start: cpu freq: 160000000 Hz[0m
[0;32mI (502) app_init: Application information:[0m
[0;32mI (505) app_init: Project name:     Measure_Power_AC[0m
[0;32mI (511) app_init: App version:      6cc6703-dirty[0m
[0;32mI (516) app_init: Compile time:     Jan  3 2025 21:32:07[0m
[0;32mI (522) app_init: ELF file SHA256:  8042d6f67...[0m
[0;32mI (527) app_init: ESP-IDF:          v5.3.1-dirty[0m
[0;32mI (533) efuse_init: Min chip rev:     v0.0[0m
[0;32mI (537) efuse_init: Max chip rev:     v3.99 [0m
[0;32mI (542) efuse_init: Chip rev:         v3.0[0m
[0;32mI (548) heap_init: Initializing. RAM available for dynamic allocation:[0m
[0;32mI (555) heap_init: At 3FFAE6E0 len 00001920 (6 KiB): DRAM[0m
[0;32mI (561) heap_init: At 3FFB9B60 len 000264A0 (153 KiB): DRAM[0m
[0;32mI (567) heap_init: At 3FFE0440 len 00003AE0 (14 KiB): D/IRAM[0m
[0;32mI (573) heap_init: At 3FFE4350 len 0001BCB0 (111 KiB): D/IRAM[0m
[0;32mI (580) heap_init: At 4009939C len 00006C64 (27 KiB): IRAM[0m
[0;32mI (587) spi_flash: detected chip: generic[0m
[0;32mI (590) spi_flash: flash io: dio[0m
[0;33mW (595) i2c: This driver is an old driver, please migrate your application code to adapt `driver/i2c_master.h`[0m
[0;32mI (606) main_task: Started on CPU0[0m
[0;32mI (610) main_task: Calling app_main()[0m
RTC is running. Reading current data...
[0;32mI (648) gpio: GPIO[13]| InputEn: 1| OutputEn: 0| OpenDrain: 0| Pullup: 1| Pulldown: 0| Intr:3 [0m
[0;32mI (649) uart: queue free spaces: 10[0m
[0;32mI (657) main_task: Returned from app_main()[0m
I (658) wifi:wifi driver task: 3ffcbe34, prio:23, stack:6656, core=0
I (665) wifi:wifi firmware version: ccaebfa
I (667) wifi:wifi certification version: v7.0
I (671) wifi:config NVS flash: disabled
I (675) wifi:config nano formating: disabled
I (679) wifi:Init data frame dynamic rx buffer num: 32
I (684) wifi:Init static rx mgmt buffer num: 5
I (688) wifi:Init management short buffer num: 32
I (692) wifi:Init dynamic tx buffer num: 32
I (697) wifi:Init static rx buffer size: 1600
I (701) wifi:Init static rx buffer num: 15
I (704) wifi:Init dynamic rx buffer num: 32
[0;32mI (710) wifi_init: rx ba win: 6[0m
[0;32mI (712) wifi_init: accept mbox: 6[0m
[0;32mI (716) wifi_init: tcpip mbox: 32[0m
[0;32mI (720) wifi_init: udp mbox: 6[0m
[0;32mI (724) wifi_init: tcp mbox: 6[0m
[0;32mI (727) wifi_init: tcp tx win: 5760[0m
[0;32mI (732) wifi_init: tcp rx win: 5760[0m
[0;32mI (736) wifi_init: tcp mss: 1440[0m
[0;32mI (740) wifi_init: WiFi IRAM OP enabled[0m
[0;32mI (744) wifi_init: WiFi RX IRAM OP enabled[0m
[0;32mI (750) phy_init: phy_version 4830,54550f7,Jun 20 2024,14:22:08[0m
I (834) wifi:mode : sta (b8:d6:1a:6a:3d:0c)
I (835) wifi:enable tsf
E (838) wifi:NAN WiFi stop
I (839) wifi:flush txq
I (839) wifi:stop sw txq
I (839) wifi:lmac stop hw txq
I (842) wifi:mode : sta (b8:d6:1a:6a:3d:0c)
I (843) wifi:enable tsf
Starting WiFi Scan Round 1
Starting WiFi Scan Round 2
Starting WiFi Scan Round 3
[0;32mI (8355) scan: SSID 		Tiger[0m
[0;32mI (8356) scan: RSSI 		-52[0m
[0;32mI (8356) scan: Authmode 	WIFI_AUTH_WPA2_PSK[0m
[0;32mI (8357) scan: Pairwise Cipher 	WIFI_CIPHER_TYPE_CCMP[0m
[0;32mI (8363) scan: Group Cipher 	WIFI_CIPHER_TYPE_CCMP[0m
[0;32mI (8368) scan: Channel 		11
[0m
[0;32mI (8372) scan: SSID 		ABCD[0m
[0;32mI (8375) scan: RSSI 		-55[0m
[0;32mI (8378) scan: Authmode 	WIFI_AUTH_WPA_WPA2_PSK[0m
[0;32mI (8384) scan: Pairwise Cipher 	WIFI_CIPHER_TYPE_TKIP_CCMP[0m
[0;32mI (8390) scan: Group Cipher 	WIFI_CIPHER_TYPE_TKIP[0m
[0;32mI (8395) scan: Channel 		11
[0m
[0;32mI (8399) scan: SSID 		Nhan House[0m
[0;32mI (8403) scan: RSSI 		-58[0m
[0;32mI (8406) scan: Authmode 	WIFI_AUTH_WPA_WPA2_PSK[0m
[0;32mI (8411) scan: Pairwise Cipher 	WIFI_CIPHER_TYPE_TKIP_CCMP[0m
[0;32mI (8417) scan: Group Cipher 	WIFI_CIPHER_TYPE_TKIP[0m
[0;32mI (8423) scan: Channel 		2
[0m
[0;32mI (8426) scan: SSID 		ABC[0m
[0;32mI (8430) scan: RSSI 		-60[0m
[0;32mI (8433) scan: Authmode 	WIFI_AUTH_WPA2_PSK[0m
[0;32mI (8438) scan: Pairwise Cipher 	WIFI_CIPHER_TYPE_CCMP[0m
[0;32mI (8444) scan: Group Cipher 	WIFI_CIPHER_TYPE_CCMP[0m
[0;32mI (8449) scan: Channel 		6
[0m
[0;32mI (8453) scan: SSID 		Ngoi Nha Nho[0m
[0;32mI (8457) scan: RSSI 		-68[0m
[0;32mI (8460) scan: Authmode 	WIFI_AUTH_WPA_WPA2_PSK[0m
[0;32mI (8465) scan: Pairwise Cipher 	WIFI_CIPHER_TYPE_TKIP_CCMP[0m
[0;32mI (8471) scan: Group Cipher 	WIFI_CIPHER_TYPE_TKIP[0m
[0;32mI (8477) scan: Channel 		11
[0m
[0;32mI (8481) scan: SSID 		Dung Xai Ke[0m
[0;32mI (8485) scan: RSSI 		-69[0m
[0;32mI (8488) scan: Authmode 	WIFI_AUTH_WPA_WPA2_PSK[0m
[0;32mI (8493) scan: Pairwise Cipher 	WIFI_CIPHER_TYPE_TKIP_CCMP[0m
[0;32mI (8499) scan: Group Cipher 	WIFI_CIPHER_TYPE_TKIP[0m
[0;32mI (8505) scan: Channel 		11
[0m
[0;32mI (8508) scan: SSID 		PUKAS[0m
[0;32mI (8512) scan: RSSI 		-76[0m
[0;32mI (8515) scan: Authmode 	WIFI_AUTH_WPA_WPA2_PSK[0m
[0;32mI (8520) scan: Pairwise Cipher 	WIFI_CIPHER_TYPE_CCMP[0m
[0;32mI (8526) scan: Group Cipher 	WIFI_CIPHER_TYPE_CCMP[0m
[0;32mI (8531) scan: Channel 		11
[0m
[0;32mI (8535) scan: SSID 		Tuong Ly[0m
[0;32mI (8539) scan: RSSI 		-79[0m
[0;32mI (8542) scan: Authmode 	WIFI_AUTH_WPA_WPA2_PSK[0m
[0;32mI (8547) scan: Pairwise Cipher 	WIFI_CIPHER_TYPE_CCMP[0m
[0;32mI (8553) scan: Group Cipher 	WIFI_CIPHER_TYPE_CCMP[0m
[0;32mI (8559) scan: Channel 		11
[0m
[0;32mI (8562) scan: SSID 		NguyenHongThanh[0m
[0;32mI (8567) scan: RSSI 		-89[0m
[0;32mI (8570) scan: Authmode 	WIFI_AUTH_WPA_WPA2_PSK[0m
[0;32mI (8575) scan: Pairwise Cipher 	WIFI_CIPHER_TYPE_CCMP[0m
[0;32mI (8581) scan: Group Cipher 	WIFI_CIPHER_TYPE_TKIP[0m
[0;32mI (8586) scan: Channel 		1
[0m
Check matching Ssid
9
opening NVS Read handle Done 
opening NVS Read handle Done 
opening NVS Read handle Done 
opening NVS Read handle Done 
opening NVS Read handle Done 
opening NVS Read handle Done 
opening NVS Read handle Done 
opening NVS Read handle Done 
opening NVS Read handle Done 
opening NVS Read handle Done 
2
return 1
MatchingWIFIScan
E (8624) wifi:NAN WiFi stop
I (8625) wifi:flush txq
I (8627) wifi:stop sw txq
I (8630) wifi:lmac stop hw txq
I (8637) wifi:mode : sta (b8:d6:1a:6a:3d:0c)
I (8638) wifi:enable tsf
[0;32mI (8639) scan: Wifi_init_station finished.[0m
I (10120) wifi:new:<11,0>, old:<1,0>, ap:<255,255>, sta:<11,0>, prof:1, snd_ch_cfg:0x0
I (10122) wifi:state: init -> auth (0xb0)
I (10134) wifi:state: auth -> init (0x8a0)
I (10135) wifi:new:<11,0>, old:<11,0>, ap:<255,255>, sta:<11,0>, prof:1, snd_ch_cfg:0x0
[0;32mI (10139) scan: retry to connect to the AP[0m
[0;31mE (10140) scan: connect to the AP fail[0m
[0;32mI (12555) scan: retry to connect to the AP[0m
[0;31mE (12556) scan: connect to the AP fail[0m
I (12564) wifi:new:<11,0>, old:<11,0>, ap:<255,255>, sta:<11,0>, prof:1, snd_ch_cfg:0x0
I (12565) wifi:state: init -> auth (0xb0)
I (12574) wifi:state: auth -> assoc (0x0)
I (12600) wifi:state: assoc -> run (0x10)
I (12644) wifi:connected with Tiger, aid = 2, channel 11, BW20, bssid = 5c:18:dd:52:64:69
I (12645) wifi:security: WPA2-PSK, phy: bgn, rssi: -50
I (12647) wifi:pm start, type: 1

I (12650) wifi:dp: 1, bi: 102400, li: 3, scale listen interval from 307200 us to 307200 us
I (12671) wifi:<ba-add>idx:0 (ifx:0, 5c:18:dd:52:64:69), tid:7, ssn:0, winSize:64
I (12690) wifi:AP's beacon interval = 102400 us, DTIM period = 1
[0;32mI (13661) esp_netif_handlers: sta ip: 192.168.100.87, mask: 255.255.255.0, gw: 192.168.100.1[0m
[0;32mI (13662) scan: Connected to ap SSID:Tiger password:thanhTRI1972[0m
Connect OK_WIFICONECT
I (13687) wifi:<ba-add>idx:1 (ifx:0, 5c:18:dd:52:64:69), tid:6, ssn:2, winSize:64
I (13740) wifi:<ba-del>idx:1, tid:6
I (13762) wifi:<ba-add>idx:1 (ifx:0, 5c:18:dd:52:64:69), tid:0, ssn:0, winSize:64
Send energy
Send energy
Send energy
Send energy
Send energy
Send energy
Send energy
Send energy
Send energy
Send energy
[0;31mE (15365) mqtt_client: esp_mqtt_handle_transport_read_error: transport_read(): EOF[0m
[0;31mE (15366) mqtt_client: esp_mqtt_handle_transport_read_error: transport_read() error: errno=128[0m
[0;31mE (15373) mqtt_client: mqtt_process_receive: mqtt_message_receive() returned -2[0m
Send energy
Send energy
Send energy
Send energy
Send energy
Send energy
Send energy
Send energy
Send energy
Send energy
[0;31mE (27447) mqtt_client: esp_mqtt_handle_transport_read_error: transport_read(): EOF[0m
[0;31mE (27447) mqtt_client: esp_mqtt_handle_transport_read_error: transport_read() error: errno=128[0m
[0;31mE (27454) mqtt_client: mqtt_process_receive: mqtt_message_receive() returned -2[0m
