2019 12:21:46

rst:0xYï¿½ï¿½ï¿½j!ï¿½m[0m
[0;32mI (44) boot.esp32: SPI Mode       : DIO[0m
[0;32mI (49) boot.esp32: SPI Flash Size : 4MB[0m
[0;32mI (53) boot: Enabling ï¿½ets Jul 29 2019 12:21:46

rst:0x1 (POWERON_RESET),boot:0x13 (SPI_FAST_FLASH_BOOT)
configsip: 0, SPIWP:0xee
clk_drv:0x00,q_drv:0x00,d_drv:0x00,cs0_drv:0x00,hd_drv:0x00,wp_drv:0x00
mode:DIO, clock div:2
load:0x3fff0030,len:7176
load:0x40078000,len:15564
ho 0 tail 12 room 4
load:0x40080400,len:4
load:0x40080404,len:3904
entry 0x40080640
[0;32mI (31) boot: ESP-IDF v5.3.1-dirty 2nd stage bootloader[0m
[0;32mI (31) boot: compile time Jan  3 2025 20:09:16[0m
[0;32mI (31) boot: Multicore bootloader[0m
[0;32mI (36) boot: chip revision: v3.0[0m
[0;32mI (40) boot.esp32: SPI Speed      : 40MHz[0m
[0;32mI (44) boot.esp32: SPI Mode       : DIO[0m
[0;32mI (49) boot.esp32: SPI Flash Size : 4MB[0m
[0;32mI (53) boot: Enabling RNG early entropy source...[0m
[0;32mI (59) boot: Partition Table:[0m
[0;32mI (62) boot: ## Label            Usage          Type ST Offset   Length[0m
[0;32mI (70) boot:  0 nvs              WiFi data        01 02 00009000 00006000[0m
[0;32mI (77) boot:  1 phy_init         RF data          01 01 0000f000 00001000[0m
[0;32mI (85) boot:  2 factory          factory app      00 00 00010000 00100000[0m
[0;32mI (92) boot: End of partition table[0m
[0;32mI (96) esp_image: segment 0: paddr=00010020 vaddr=3f400020 size=2a1e0h (172512) map[0m
[0;32mI (164) esp_image: segment 1: paddr=0003a208 vaddr=3ffb0000 size=03f98h ( 16280) load[0m
[0;32mI (170) esp_image: segment 2: paddr=0003e1a8 vaddr=40080000 size=01e70h (  7792) load[0m
[0;32mI (174) esp_image: segment 3: paddr=00040020 vaddr=400d0020 size=b52d0h (742096) map[0m
[0;32mI (432) esp_image: segment 4: paddr=000f52f8 vaddr=40081e70 size=1754ch ( 95564) load[0m
[0;32mI (483) boot: Loaded app from partition at offset 0x10000[0m
[0;32mI (483) boot: Disabling RNG early entropy source...[0m
[0;32mI (495) cpu_start: Multicore app[0m
[0;32mI (503) cpu_start: Pro cpu start user code[0m
[0;32mI (503) cpu_start: cpu freq: 160000000 Hz[0m
[0;32mI (503) app_init: Application information:[0m
[0;32mI (506) app_init: Project name:     Measure_Power_AC[0m
[0;32mI (512) app_init: App version:      6cc6703-dirty[0m
[0;32mI (517) app_init: Compile time:     Jan  3 2025 23:33:51[0m
[0;32mI (523) app_init: ELF file SHA256:  298e0267a...[0m
[0;32mI (528) app_init: ESP-IDF:          v5.3.1-dirty[0m
[0;32mI (534) efuse_init: Min chip rev:     v0.0[0m
[0;32mI (539) efuse_init: Max chip rev:     v3.99 [0m
[0;32mI (543) efuse_init: Chip rev:         v3.0[0m
[0;32mI (549) heap_init: Initializing. RAM available for dynamic allocation:[0m
[0;32mI (556) heap_init: At 3FFAE6E0 len 00001920 (6 KiB): DRAM[0m
[0;32mI (562) heap_init: At 3FFB9B50 len 000264B0 (153 KiB): DRAM[0m
[0;32mI (568) heap_init: At 3FFE0440 len 00003AE0 (14 KiB): D/IRAM[0m
[0;32mI (574) heap_init: At 3FFE4350 len 0001BCB0 (111 KiB): D/IRAM[0m
[0;32mI (581) heap_init: At 400993BC len 00006C44 (27 KiB): IRAM[0m
[0;32mI (588) spi_flash: detected chip: generic[0m
[0;32mI (591) spi_flash: flash io: dio[0m
[0;33mW (596) i2c: This driver is an old driver, please migrate your application code to adapt `driver/i2c_master.h`[0m
[0;32mI (607) main_task: Started on CPU0[0m
[0;32mI (611) main_task: Calling app_main()[0m
RTC is running. Reading current data...
[0;32mI (648) gpio: GPIO[13]| InputEn: 1| OutputEn: 0| OpenDrain: 0| Pullup: 1| Pulldown: 0| Intr:3 [0m
[0;32mI (649) gpio: GPIO[2]| InputEn: 0| OutputEn: 1| OpenDrain: 0| Pullup: 0| Pulldown: 0| Intr:0 [0m
[0;32mI (658) uart: queue free spaces: 10[0m
Count: 1
Count: 2
Count: 3
Count: 4
Count: 5
Count: 6
Count: 7
I (668) wifi:wifi driver task: 3ffdc8f0, prio:23, stack:6656, core=1Count: 8

Count: 9
Count: 10
Count: 11
Count: 12
I (677) wifi:Count: 13
wifi firmware version: ccaebfaCount: 14
Count: 15
Count: 16
Count: 17
Count: 18
Count: 19
Count: 20
Count: 21
Count: 22
Count: 23
Count: 24
Count: 25
Count: 26
Count: 27
Count: 28
Count: 29
Count: 30
Count: 31
Count: 32

Count: 33
Count: 34
Count: 35
Count: 36
Count: 37
Count: 38
Count: 39
Count: 40
Count: 41
Count: 42
Count: 43
Count: 44
Count: 45
Count: 46
Count: 47
Count: 48
Count: 49
Count: 50
Count: 51
Count: 52
Count: 53
Count: 54
I (702) wifi:Count: 55
Count: 56
Count: 57
Count: 58
Count: 59
Count: 60
Count: 61
Count: 62
Count: 63
Count: 64
Count: 65
Count: 66
Count: 67
Count: 68
Count: 69
Count: 70
Count: 71
Count: 72
Count: 73
Count: 74
Count: 75
Count: 76
wifi certification version: v7.0Count: 77
Count: 78
Count: 79
Count: 80
Count: 81
Count: 82
Count: 83
Count: 84
Count: 85
Count: 86
Count: 87
Count: 88
Count: 89
Count: 90
Count: 91
Count: 92
Count: 93
Count: 94
Count: 95
Count: 96
Count: 97

Count: 98
Count: 99
Count: 100
Count: 101
Count: 102
Count: 103
Count: 104
Count: 105
Count: 106
Count: 107
Count: 108
Count: 109
Count: 110
Count: 111
Count: 112
Count: 113
Count: 114
Count: 115
Count: 116
Count: 117
Count: 118
Guru Meditation Error: Core  0 panic'ed (LoadProhibited). Exception was unhandled.

Core  0 register dump:
PC      : 0x4008c7d6  PS      : 0x00060933  A0      : 0x8008cd75  A1      : 0x3ffc2100  
A2      : 0x3ffb42e8  A3      : 0x3ffc23c4  A4      : 0xb33fffff  A5      : 0x00000000  
A6      : 0x00000001  A7      : 0x3ffaed24  A8      : 0x3ffd9e6c  A9      : 0xb33fffff  
A10     : 0x0000049f  A11     : 0x00000000  A12     : 0x3ffb4508  A13     : 0x00060023  
A14     : 0x00000001  A15     : 0x00000001  SAR     : 0x00000008  EXCCAUSE: 0x0000001c  
EXCVADDR: 0xb33fffff  LBEG    : 0x4000c2e0  LEND    : 0x4000c2f6  LCOUNT  : 0x00000000  


Backtrace: 0x4008c7d3:0x3ffc2100 0x4008cd72:0x3ffc2120 0x4008d450:0x3ffc2140 0x4008b460:0x3ffc2160 0x400eb077:0x3ffc21a0 0x400eb217:0x3ffc21e0 0x400dac66:0x3ffc22d0 0x400daaf2:0x3ffc2310 0x4008b815:0x3ffc2330




ELF file SHA256: 298e0267a

Rebooting...
ets Jul 29 2019 12:21:46

rst:0xc (SW_CPU_RESET),boot:0x13 (SPI_FAST_FLASH_BOOT)
configsip: 0, SPIWP:0xee
clk_drv:0x00,q_drv:0x00,d_drv:0x00,cs0_drv:0x00,hd_drv:0x00,wp_drv:0x00
mode:DIO, clock div:2
load:0x3fff0030,len:7176
load:0x40078000,len:15564
ho 0 tail 12 room 4
load:0x40080400,len:4
load:0x40080404,len:3904
entry 0x40080640
[0;32mI (31) boot: ESP-IDF v5.3.1-dirty 2nd stage bootloader[0m
[0;32mI (31) boot: compile time Jan  3 2025 20:09:16[0m
[0;32mI (31) boot: Multicore bootloader[0m
[0;32mI (36) boot: chip revision: v3.0[0m
[0;32mI (40) boot.esp32: SPI Speed      : 40MHz[0m
[0;32mI (44) boot.esp32: SPI Mode       : DIO[0m
[0;32mI (49) boot.esp32: SPI Flash Size : 4MB[0m
[0;32mI (53) boot: Enabling RNG early entropy source...[0m
[0;32mI (59) boot: Partition Table:[0m
[0;32mI (62) boot: ## Label            Usage          Type ST Offset   Length[0m
[0;32mI (70) boot:  0 nvs              WiFi data        01 02 00009000 00006000[0m
[0;32mI (77) boot:  1 phy_init         RF data          01 01 0000f000 00001000[0m
[0;32mI (85) boot:  2 factory          factory app      00 00 00010000 00100000[0m
[0;32mI (92) boot: End of partition table[0m
[0;32mI (96) esp_image: segment 0: paddr=00010020 vaddr=3f400020 size=2a1e0h (172512) map[0m
[0;32mI (164) esp_image: segment 1: paddr=0003a208 vaddr=3ffb0000 size=03f98h ( 16280) load[0m
[0;32mI (170) esp_image: segment 2: paddr=0003e1a8 vaddr=40080000 size=01e70h (  7792) load[0m
[0;32mI (173) esp_image: segment 3: paddr=00040020 vaddr=400d0020 size=b52d0h (742096) map[0m
[0;32mI (432) esp_image: segment 4: paddr=000f52f8 vaddr=40081e70 size=1754ch ( 95564) load[0m
[0;32mI (483) boot: Loaded app from partition at offset 0x10000[0m
[0;32mI (483) boot: Disabling RNG early entropy source...[0m
[0;32mI (495) cpu_start: Multicore app[0m
[0;32mI (503) cpu_start: Pro cpu start user code[0m
[0;32mI (503) cpu_start: cpu freq: 160000000 Hz[0m
[0;32mI (503) app_init: Application information:[0m
[0;32mI (506) app_init: Project name:     Measure_Power_AC[0m
[0;32mI (512) app_init: App version:      6cc6703-dirty[0m
[0;32mI (517) app_init: Compile time:     Jan  3 2025 23:33:51[0m
[0;32mI (523) app_init: ELF file SHA256:  298e0267a...[0m
[0;32mI (528) app_init: ESP-IDF:          v5.3.1-dirty[0m
[0;32mI (534) efuse_init: Min chip rev:     v0.0[0m
[0;32mI (538) efuse_init: Max chip rev:     v3.99 [0m
[0;32mI (543) efuse_init: Chip rev:         v3.0[0m
[0;32mI (548) heap_init: Initializing. RAM available for dynamic allocation:[0m
[0;32mI (556) heap_init: At 3FFAE6E0 len 00001920 (6 KiB): DRAM[0m
[0;32mI (561) heap_init: At 3FFB9B50 len 000264B0 (153 KiB): DRAM[0m
[0;32mI (568) heap_init: At 3FFE0440 len 00003AE0 (14 KiB): D/IRAM[0m
[0;32mI (574) heap_init: At 3FFE4350 len 0001BCB0 (111 KiB): D/IRAM[0m
[0;32mI (580) heap_init: At 400993BC len 00006C44 (27 KiB): IRAM[0m
[0;32mI (588) spi_flash: detected chip: generic[0m
[0;32mI (591) spi_flash: flash io: dio[0m
[0;33mW (595) i2c: This driver is an old driver, please migrate your application code to adapt `driver/i2c_master.h`[0m
[0;32mI (607) main_task: Started on CPU0[0m
[0;32mI (611) main_task: Calling app_main()[0m
RTC is running. Reading current data...
[0;32mI (648) gpio: GPIO[13]| InputEn: 1| OutputEn: 0| OpenDrain: 0| Pullup: 1| Pulldown: 0| Intr:3 [0m
[0;32mI (649) gpio: GPIO[2]| InputEn: 0| OutputEn: 1| OpenDrain: 0| Pullup: 0| Pulldown: 0| Intr:0 [0m
[0;32mI (658) uart: queue free spaces: 10[0m
Count: 1
Count: 2
Count: 3
Count: 4
Count: 5
Count: 6
Count: 7
Count: 8
I (669) wifi:Count: 9
wifi driver task: 3ffdc8f0, prio:23, stack:6656, core=1Count: 10

Count: 11
Count: 12
Count: 13
Count: 14
Count: 15
Count: 16
Count: 17
Count: 18
Count: 19
Count: 20
Count: 21
Count: 22
Count: 23
Count: 24
Count: 25
Count: 26
Count: 27
Count: 28
Count: 29
Count: 30
Count: 31
Count: 32
Count: 33
Count: 34
Count: 35
Count: 36
Count: 37
Count: 38
Count: 39
Count: 40
Count: 41
Count: 42
Count: 43
Count: 44
Count: 45
Count: 46
Count: 47
Count: 48
Count: 49
Count: 50
Count: 51
Count: 52
Count: 53
Count: 54
Count: 55
Count: 56
Count: 57
Count: 58
Count: 59
Count: 60
Count: 61
Count: 62
Count: 63
Count: 64
Count: 65
Count: 66
Count: 67
Count: 68
Count: 69
Count: 70
Count: 71
Count: 72
Count: 73
Count: 74
Count: 75
Count: 76
Count: 77
Count: 78
Count: 79
Count: 80
Count: 81
Count: 82
Count: 83
Count: 84
Count: 85
Count: 86
Count: 87
Count: 88
Count: 89
Count: 90
Count: 91
Count: 92
Count: 93
Count: 94
Count: 95
Count: 96
Count: 97
Count: 98
Count: 99
Count: 100
Count: 101
Count: 102
Count: 103
Count: 104
Count: 105
Count: 106
Count: 107
Count: 108
Count: 109
I (680) wifi:wifi firmware version: ccaebfa
Count: 110
I (776) wifi:Count: 111
Count: 112
Count: 113
Count: 114
Count: 115
Count: 116
Count: 117
Count: 118
Count: 119
Count: 120
Count: 121
Count: 122
Count: 123
Count: 124
Count: 125
Count: 126
Count: 127
Count: 128
Count: 129
Count: 130
Count: 131
Count: 132
Count: 133
Count: 134
Count: 135
Count: 136
Count: 137
Count: 138
Count: 139
Count: 140
Count: 141
Count: 142
Count: 143
Count: 144
Count: 145
Count: 146
Count: 147
Count: 148
Count: 149
Count: 150
Count: 151
Count: 152
Count: 153
Count: 154
Count: 155
Count: 156
Count: 157
Count: 158
Count: 159
Count: 160
Count: 161
Count: 162
Count: 163
Count: 164
Count: 165
Count: 166
Count: 167
Count: 168
Count: 169
Count: 170
Count: 171
Count: 172
Count: 173
Count: 174
Count: 175
Count: 176
Count: 177
Count: 178
Count: 179
Count: 180
ets Jul 29 2019 12:21:46

rst:0x7 (TG0WDT_SYS_RESET),boot:0x13 (SPI_FAST_FLASH_BOOT)
configsip: 0, SPIWP:0xee
clk_drv:0x00,q_drv:0x00,d_drv:0x00,cs0_drv:0x00,hd_drv:0x00,wp_drv:0x00
mode:DIO, clock div:2
load:0x3fff0030,len:7176
load:0x40078000,len:15564
ho 0 tail 12 room 4
load:0x40080400,len:4
load:0x40080404,len:3904
entry 0x40080640
[0;32mI (62) boot: ESP-IDF v5.3.1-dirty 2nd stage bootloader[0m
[0;32mI (62) boot: compile time Jan  3 2025 20:09:16[0m
[0;32mI (62) boot: Multicore bootloader[0m
[0;32mI (67) boot: chip revision: v3.0[0m
[0;32mI (71) boot.esp32: SPI Speed      : 40MHz[0m
[0;32mI (76) boot.esp32: SPI Mode       : DIO[0m
[0;32mI (80) boot.esp32: SPI Flash Size : 4MB[0m
[0;33mW (85) boot.esp32: PRO CPU has been reset by WDT.[0m
[0;33mW (90) boot.esp32: WDT reset info: PRO CPU PC=0x400d396b[0m
[0;33mW (96) boot.esp32: WDT reset info: APP CPU PC=0x400888f8[0m
[0;32mI (102) boot: Enabling RNG early entropy source...[0m
[0;32mI (108) boot: Partition Table:[0m
[0;32mI (111) boot: ## Label            Usage          Type ST Offset   Length[0m
[0;32mI (119) boot:  0 nvs              WiFi data        01 02 00009000 00006000[0m
[0;32mI (126) boot:  1 phy_init         RF data          01 01 0000f000 00001000[0m
[0;32mI (134) boot:  2 factory          factory app      00 00 00010000 00100000[0m
[0;32mI (141) boot: End of partition table[0m
[0;32mI (146) esp_image: segment 0: paddr=00010020 vaddr=3f400020 size=2a1e0h (172512) map[0m
[0;32mI (213) esp_image: segment 1: paddr=0003a208 vaddr=3ffb0000 size=03f98h ( 16280) load[0m
[0;32mI (219) esp_image: segment 2: paddr=0003e1a8 vaddr=40080000 size=01e70h (  7792) load[0m
[0;32mI (223) esp_image: segment 3: paddr=00040020 vaddr=400d0020 size=b52d0h (742096) map[0m
[0;32mI (482) esp_image: segment 4: paddr=000f52f8 vaddr=40081e70 size=1754ch ( 95564) load[0m
[0;32mI (532) boot: Loaded app from partition at offset 0x10000[0m
[0;32mI (532) boot: Disabling RNG early entropy source...[0m
[0;32mI (544) cpu_start: Multicore app[0m
[0;32mI (552) cpu_start: Pro cpu start user code[0m
[0;32mI (552) cpu_start: cpu freq: 160000000 Hz[0m
[0;32mI (553) app_init: Application information:[0m
[0;32mI (555) app_init: Project name:     Measure_Power_AC[0m
[0;32mI (561) app_init: App version:      6cc6703-dirty[0m
[0;32mI (566) app_init: Compile time:     Jan  3 2025 23:33:51[0m
[0;32mI (572) app_init: ELF file SHA256:  298e0267a...[0m
[0;32mI (578) app_init: ESP-IDF:          v5.3.1-dirty[0m
