2019 12:21:46

rst:0ï¿½     : 40MHz[0m
[0;32mI (44) boot.esp32: SPI Mode       : DIO[0m
[0;32mI (49) boot.esp32: SPI Flash Size : 4MB[0m
[0;32mI (53) boot: Enabling RNG early eï¿½ets Jul 29 2019 12:21:46

rst:0x1 (POWERON_RESET),boot:0x13 (SPI_FAST_FLASH_BOOT)
configsip: 0, SPIWP:0xee
clk_drv:0x00,q_drv:0x00,d_drv:0x00,cs0_drv:0x00,hd_drv:0x00,wp_drv:0x00
mode:DIO, clock div:2
load:0x3fff0030,len:7176
load:0x40078000,len:15564
ho 0 tail 12 room 4
load:0x40080400,len:4
load:0x40080404,len:3904
entry 0x40080640
[0;32mI (31) boot: ESP-IDF v5.3.1-dirty 2nd stage bootloader[0m
[0;32mI (31) boot: compile time Jan  3 2025 20:09:16[0m
[0;32mI (31) boot: Multicore bootloader[0m
[0;32mI (36) boot: chip revision: v3.0[0m
[0;32mI (40) boot.esp32: SPI Speed      : 40MHz[0m
[0;32mI (44) boot.esp32: SPI Mode       : DIO[0m
[0;32mI (49) boot.esp32: SPI Flash Size : 4MB[0m
[0;32mI (53) boot: Enabling RNG early entropy source...[0m
[0;32mI (59) boot: Partition Table:[0m
[0;32mI (62) boot: ## Label            Usage          Type ST Offset   Length[0m
[0;32mI (70) boot:  0 nvs              WiFi data        01 02 00009000 00006000[0m
[0;32mI (77) boot:  1 phy_init         RF data          01 01 0000f000 00001000[0m
[0;32mI (85) boot:  2 factory          factory app      00 00 00010000 00100000[0m
[0;32mI (92) boot: End of partition table[0m
[0;32mI (96) esp_image: segment 0: paddr=00010020 vaddr=3f400020 size=2a1b0h (172464) map[0m
[0;32mI (164) esp_image: segment 1: paddr=0003a1d8 vaddr=3ffb0000 size=03f98h ( 16280) load[0m
[0;32mI (170) esp_image: segment 2: paddr=0003e178 vaddr=40080000 size=01ea0h (  7840) load[0m
[0;32mI (174) esp_image: segment 3: paddr=00040020 vaddr=400d0020 size=b5094h (741524) map[0m
[0;32mI (432) esp_image: segment 4: paddr=000f50bc vaddr=40081ea0 size=1751ch ( 95516) load[0m
[0;32mI (482) boot: Loaded app from partition at offset 0x10000[0m
[0;32mI (483) boot: Disabling RNG early entropy source...[0m
[0;32mI (495) cpu_start: Multicore app[0m
[0;32mI (503) cpu_start: Pro cpu start user code[0m
[0;32mI (503) cpu_start: cpu freq: 160000000 Hz[0m
[0;32mI (503) app_init: Application information:[0m
[0;32mI (506) app_init: Project name:     Measure_Power_AC[0m
[0;32mI (512) app_init: App version:      6cc6703-dirty[0m
[0;32mI (517) app_init: Compile time:     Jan  3 2025 21:43:06[0m
[0;32mI (523) app_init: ELF file SHA256:  5dc9d70ee...[0m
[0;32mI (528) app_init: ESP-IDF:          v5.3.1-dirty[0m
[0;32mI (533) efuse_init: Min chip rev:     v0.0[0m
[0;32mI (538) efuse_init: Max chip rev:     v3.99 [0m
[0;32mI (543) efuse_init: Chip rev:         v3.0[0m
[0;32mI (548) heap_init: Initializing. RAM available for dynamic allocation:[0m
[0;32mI (555) heap_init: At 3FFAE6E0 len 00001920 (6 KiB): DRAM[0m
[0;32mI (561) heap_init: At 3FFB9B60 len 000264A0 (153 KiB): DRAM[0m
[0;32mI (568) heap_init: At 3FFE0440 len 00003AE0 (14 KiB): D/IRAM[0m
[0;32mI (574) heap_init: At 3FFE4350 len 0001BCB0 (111 KiB): D/IRAM[0m
[0;32mI (580) heap_init: At 400993BC len 00006C44 (27 KiB): IRAM[0m
[0;32mI (588) spi_flash: detected chip: generic[0m
[0;32mI (591) spi_flash: flash io: dio[0m
[0;33mW (595) i2c: This driver is an old driver, please migrate your application code to adapt `driver/i2c_master.h`[0m
[0;32mI (607) main_task: Started on CPU0[0m
[0;32mI (611) main_task: Calling app_main()[0m
RTC is running. Reading current data...
[0;32mI (648) gpio: GPIO[13]| InputEn: 1| OutputEn: 0| OpenDrain: 0| Pullup: 1| Pulldown: 0| Intr:3 [0m
[0;32mI (650) uart: queue free spaces: 10[0m
[0;32mI (657) main_task: Returned from app_main()[0m
I (659) wifi:wifi driver task: 3ffdc3a4, prio:23, stack:6656, core=0
I (666) wifi:wifi firmware version: ccaebfa
I (668) wifi:wifi certification version: v7.0
I (672) wifi:config NVS flash: disabled
I (676) wifi:config nano formating: disabled
I (680) wifi:Init data frame dynamic rx buffer num: 32
I (685) wifi:Init static rx mgmt buffer num: 5
I (689) wifi:Init management short buffer num: 32
I (693) wifi:Init dynamic tx buffer num: 32
I (697) wifi:Init static rx buffer size: 1600
I (701) wifi:Init static rx buffer num: 15
I (705) wifi:Init dynamic rx buffer num: 32
[0;32mI (710) wifi_init: rx ba win: 6[0m
[0;32mI (713) wifi_init: accept mbox: 6[0m
[0;32mI (717) wifi_init: tcpip mbox: 32[0m
[0;32mI (721) wifi_init: udp mbox: 6[0m
[0;32mI (724) wifi_init: tcp mbox: 6[0m
[0;32mI (728) wifi_init: tcp tx win: 5760[0m
[0;32mI (732) wifi_init: tcp rx win: 5760[0m
[0;32mI (736) wifi_init: tcp mss: 1440[0m
[0;32mI (740) wifi_init: WiFi IRAM OP enabled[0m
[0;32mI (745) wifi_init: WiFi RX IRAM OP enabled[0m
[0;32mI (750) phy_init: phy_version 4830,54550f7,Jun 20 2024,14:22:08[0m
I (834) wifi:mode : sta (b8:d6:1a:6a:3d:0c)
I (836) wifi:enable tsf
E (838) wifi:NAN WiFi stop
I (839) wifi:flush txq
I (839) wifi:stop sw txq
I (839) wifi:lmac stop hw txq
I (843) wifi:mode : sta (b8:d6:1a:6a:3d:0c)
I (844) wifi:enable tsf
Starting WiFi Scan Round 1
Starting WiFi Scan Round 2
Starting WiFi Scan Round 3
[0;32mI (8357) scan: SSID 		Nhan House[0m
[0;32mI (8357) scan: RSSI 		-56[0m
[0;32mI (8357) scan: Authmode 	WIFI_AUTH_WPA_WPA2_PSK[0m
[0;32mI (8359) scan: Pairwise Cipher 	WIFI_CIPHER_TYPE_TKIP_CCMP[0m
[0;32mI (8365) scan: Group Cipher 	WIFI_CIPHER_TYPE_TKIP[0m
[0;32mI (8370) scan: Channel 		2
[0m
[0;32mI (8374) scan: SSID 		Tiger[0m
[0;32mI (8377) scan: RSSI 		-58[0m
[0;32mI (8381) scan: Authmode 	WIFI_AUTH_WPA2_PSK[0m
[0;32mI (8385) scan: Pairwise Cipher 	WIFI_CIPHER_TYPE_CCMP[0m
[0;32mI (8391) scan: Group Cipher 	WIFI_CIPHER_TYPE_CCMP[0m
[0;32mI (8397) scan: Channel 		11
[0m
[0;32mI (8400) scan: SSID 		ABCD[0m
[0;32mI (8404) scan: RSSI 		-62[0m
[0;32mI (8407) scan: Authmode 	WIFI_AUTH_WPA_WPA2_PSK[0m
[0;32mI (8412) scan: Pairwise Cipher 	WIFI_CIPHER_TYPE_TKIP_CCMP[0m
[0;32mI (8418) scan: Group Cipher 	WIFI_CIPHER_TYPE_TKIP[0m
[0;32mI (8424) scan: Channel 		11
[0m
[0;32mI (8427) scan: SSID 		ABC[0m
[0;32mI (8431) scan: RSSI 		-67[0m
[0;32mI (8434) scan: Authmode 	WIFI_AUTH_WPA2_PSK[0m
[0;32mI (8439) scan: Pairwise Cipher 	WIFI_CIPHER_TYPE_CCMP[0m
[0;32mI (8445) scan: Group Cipher 	WIFI_CIPHER_TYPE_CCMP[0m
[0;32mI (8450) scan: Channel 		6
[0m
[0;32mI (8454) scan: SSID 		Dung Xai Ke[0m
[0;32mI (8458) scan: RSSI 		-67[0m
[0;32mI (8461) scan: Authmode 	WIFI_AUTH_WPA_WPA2_PSK[0m
[0;32mI (8466) scan: Pairwise Cipher 	WIFI_CIPHER_TYPE_TKIP_CCMP[0m
[0;32mI (8472) scan: Group Cipher 	WIFI_CIPHER_TYPE_TKIP[0m
[0;32mI (8478) scan: Channel 		11
[0m
[0;32mI (8481) scan: SSID 		Ngoi Nha Nho[0m
[0;32mI (8486) scan: RSSI 		-68[0m
[0;32mI (8489) scan: Authmode 	WIFI_AUTH_WPA_WPA2_PSK[0m
[0;32mI (8494) scan: Pairwise Cipher 	WIFI_CIPHER_TYPE_TKIP_CCMP[0m
[0;32mI (8500) scan: Group Cipher 	WIFI_CIPHER_TYPE_TKIP[0m
[0;32mI (8506) scan: Channel 		11
[0m
[0;32mI (8509) scan: SSID 		MAI[0m
[0;32mI (8513) scan: RSSI 		-78[0m
[0;32mI (8516) scan: Authmode 	WIFI_AUTH_WPA_WPA2_PSK[0m
[0;32mI (8521) scan: Pairwise Cipher 	WIFI_CIPHER_TYPE_CCMP[0m
[0;32mI (8527) scan: Group Cipher 	WIFI_CIPHER_TYPE_CCMP[0m
[0;32mI (8532) scan: Channel 		1
[0m
[0;32mI (8536) scan: SSID 		PUKAS[0m
[0;32mI (8539) scan: RSSI 		-78[0m
[0;32mI (8543) scan: Authmode 	WIFI_AUTH_WPA_WPA2_PSK[0m
[0;32mI (8548) scan: Pairwise Cipher 	WIFI_CIPHER_TYPE_CCMP[0m
[0;32mI (8554) scan: Group Cipher 	WIFI_CIPHER_TYPE_CCMP[0m
[0;32mI (8559) scan: Channel 		11
[0m
[0;32mI (8563) scan: SSID 		SEA[0m
[0;32mI (8566) scan: RSSI 		-82[0m
[0;32mI (8569) scan: Authmode 	WIFI_AUTH_WPA2_PSK[0m
[0;32mI (8574) scan: Pairwise Cipher 	WIFI_CIPHER_TYPE_CCMP[0m
[0;32mI (8580) scan: Group Cipher 	WIFI_CIPHER_TYPE_CCMP[0m
[0;32mI (8585) scan: Channel 		4
[0m
[0;32mI (8589) scan: SSID 		Le Bao Han[0m
[0;32mI (8593) scan: RSSI 		-82[0m
[0;32mI (8596) scan: Authmode 	WIFI_AUTH_WPA2_PSK[0m
[0;32mI (8601) scan: Pairwise Cipher 	WIFI_CIPHER_TYPE_CCMP[0m
[0;32mI (8607) scan: Group Cipher 	WIFI_CIPHER_TYPE_CCMP[0m
[0;32mI (8612) scan: Channel 		5
[0m
Check matching Ssid
0
Check matching Ssid
0
Check matching Ssid
0
Check matching Ssid
0
Check matching Ssid
0
Check matching Ssid
0
Check matching Ssid
0
Check matching Ssid
0
Check matching Ssid
0
Check matching Ssid
0
Check matching Ssid
0
return -1
I (8693) smartconfig: SC version: V3.0.1
I (13540) wifi:ic_enable_sniffer
I (13542) smartconfig: Start to find channel...
[0;32mI (13543) smartconfig: Scan done[0m
I (15842) smartconfig: TYPE: ESPTOUCH
I (15843) smartconfig: T|AP MAC: 5c:18:dd:52:64:69
I (15843) smartconfig: Found channel on 11-0. Start to get ssid and password...
[0;32mI (15847) smartconfig: Found channel[0m
I (18663) smartconfig: T|pswd: thanhTRI1972
I (18663) smartconfig: T|ssid: Tiger
I (18663) wifi:ic_disable_sniffer
[0;32mI (18664) smartconfig: Got SSID and password[0m
[0;32mI (18667) smartconfig: SSID:Tiger[0m
[0;32mI (18671) smartconfig: PASSWORD:thanhTRI1972[0m
W (18678) wifi:Password length matches WPA2 standards, authmode threshold changes from OPEN to WPA2
opening NVS Write handle Done 
opening NVS Write handle Done 
Store SSID and password to NVS
I (20168) wifi:new:<11,0>, old:<11,0>, ap:<255,255>, sta:<11,0>, prof:1, snd_ch_cfg:0x0
I (20169) wifi:state: init -> auth (0xb0)
I (20174) wifi:state: auth -> init (0x8a0)
I (20175) wifi:new:<11,0>, old:<11,0>, ap:<255,255>, sta:<11,0>, prof:1, snd_ch_cfg:0x0
I (22628) wifi:new:<11,0>, old:<11,0>, ap:<255,255>, sta:<11,0>, prof:1, snd_ch_cfg:0x0
I (22629) wifi:state: init -> auth (0xb0)
I (22637) wifi:state: auth -> assoc (0x0)
I (22667) wifi:state: assoc -> run (0x10)
I (22727) wifi:connected with Tiger, aid = 2, channel 11, BW20, bssid = 5c:18:dd:52:64:69
I (22728) wifi:security: WPA2-PSK, phy: bgn, rssi: -54
I (22730) wifi:pm start, type: 1

I (22733) wifi:dp: 1, bi: 102400, li: 3, scale listen interval from 307200 us to 307200 us
I (22768) wifi:<ba-add>idx:0 (ifx:0, 5c:18:dd:52:64:69), tid:7, ssn:0, winSize:64
I (22792) wifi:AP's beacon interval = 102400 us, DTIM period = 1
[0;32mI (23745) esp_netif_handlers: sta ip: 192.168.100.87, mask: 255.255.255.0, gw: 192.168.100.1[0m
[0;32mI (23746) smartconfig: WiFi Connected to ap[0m
I (24011) wifi:<ba-add>idx:1 (ifx:0, 5c:18:dd:52:64:69), tid:6, ssn:2, winSize:64
I (24026) wifi:<ba-del>idx:1, tid:6
I (24028) wifi:<ba-add>idx:1 (ifx:0, 5c:18:dd:52:64:69), tid:0, ssn:0, winSize:64
[0;32mI (26849) smartconfig: smartconfig over[0m
