46

rst:0xï¿½ï¿½ï¿½j!ï¿½m[0m
[0;32mI (44) boot.esp32: SPI Mode       : DIO[0m
[0;32mI (49) boot.esp32: SPI Flash Size : 4MB[0m
[0;32mI (53) boot: Enabling ï¿½ets Jul 29 2019 12:21:46

rst:0x1 (POWERON_RESET),boot:0x13 (SPI_FAST_FLASH_BOOT)
configsip: 0, SPIWP:0xee
clk_drv:0x00,q_drv:0x00,d_drv:0x00,cs0_drv:0x00,hd_drv:0x00,wp_drv:0x00
mode:DIO, clock div:2
load:0x3fff0030,len:7176
load:0x40078000,len:15564
ho 0 tail 12 room 4
load:0x40080400,len:4
load:0x40080404,len:3904
entry 0x40080640
[0;32mI (31) boot: ESP-IDF v5.3.1-dirty 2nd stage bootloader[0m
[0;32mI (31) boot: compile time Jan  3 2025 20:09:16[0m
[0;32mI (31) boot: Multicore bootloader[0m
[0;32mI (36) boot: chip revision: v3.0[0m
[0;32mI (40) boot.esp32: SPI Speed      : 40MHz[0m
[0;32mI (44) boot.esp32: SPI Mode       : DIO[0m
[0;32mI (49) boot.esp32: SPI Flash Size : 4MB[0m
[0;32mI (53) boot: Enabling RNG early entropy source...[0m
[0;32mI (59) boot: Partition Table:[0m
[0;32mI (62) boot: ## Label            Usage          Type ST Offset   Length[0m
[0;32mI (70) boot:  0 nvs              WiFi data        01 02 00009000 00006000[0m
[0;32mI (77) boot:  1 phy_init         RF data          01 01 0000f000 00001000[0m
[0;32mI (85) boot:  2 factory          factory app      00 00 00010000 00100000[0m
[0;32mI (92) boot: End of partition table[0m
[0;32mI (96) esp_image: segment 0: paddr=00010020 vaddr=3f400020 size=29f50h (171856) map[0m
[0;32mI (164) esp_image: segment 1: paddr=00039f78 vaddr=3ffb0000 size=03f98h ( 16280) load[0m
[0;32mI (170) esp_image: segment 2: paddr=0003df18 vaddr=40080000 size=02100h (  8448) load[0m
[0;32mI (174) esp_image: segment 3: paddr=00040020 vaddr=400d0020 size=b4768h (739176) map[0m
[0;32mI (431) esp_image: segment 4: paddr=000f4790 vaddr=40082100 size=17238h ( 94776) load[0m
[0;32mI (481) boot: Loaded app from partition at offset 0x10000[0m
[0;32mI (481) boot: Disabling RNG early entropy source...[0m
[0;32mI (493) cpu_start: Multicore app[0m
[0;32mI (502) cpu_start: Pro cpu start user code[0m
[0;32mI (502) cpu_start: cpu freq: 160000000 Hz[0m
[0;32mI (502) app_init: Application information:[0m
[0;32mI (505) app_init: Project name:     Measure_Power_AC[0m
[0;32mI (510) app_init: App version:      6cc6703-dirty[0m
[0;32mI (516) app_init: Compile time:     Jan  3 2025 23:33:51[0m
[0;32mI (522) app_init: ELF file SHA256:  19f0a6c42...[0m
[0;32mI (527) app_init: ESP-IDF:          v5.3.1-dirty[0m
[0;32mI (532) efuse_init: Min chip rev:     v0.0[0m
[0;32mI (537) efuse_init: Max chip rev:     v3.99 [0m
[0;32mI (542) efuse_init: Chip rev:         v3.0[0m
[0;32mI (547) heap_init: Initializing. RAM available for dynamic allocation:[0m
[0;32mI (554) heap_init: At 3FFAE6E0 len 00001920 (6 KiB): DRAM[0m
[0;32mI (560) heap_init: At 3FFB9B50 len 000264B0 (153 KiB): DRAM[0m
[0;32mI (566) heap_init: At 3FFE0440 len 00003AE0 (14 KiB): D/IRAM[0m
[0;32mI (573) heap_init: At 3FFE4350 len 0001BCB0 (111 KiB): D/IRAM[0m
[0;32mI (579) heap_init: At 40099338 len 00006CC8 (27 KiB): IRAM[0m
[0;32mI (587) spi_flash: detected chip: generic[0m
[0;32mI (590) spi_flash: flash io: dio[0m
[0;33mW (594) i2c: This driver is an old driver, please migrate your application code to adapt `driver/i2c_master.h`[0m
[0;32mI (605) main_task: Started on CPU0[0m
[0;32mI (609) main_task: Calling app_main()[0m
RTC is running. Reading current data...
[0;32mI (646) gpio: GPIO[13]| InputEn: 1| OutputEn: 0| OpenDrain: 0| Pullup: 1| Pulldown: 0| Intr:3 [0m
[0;32mI (647) gpio: GPIO[2]| InputEn: 0| OutputEn: 1| OpenDrain: 0| Pullup: 0| Pulldown: 0| Intr:0 [0m
[0;32mI (656) uart: queue free spaces: 10[0m
[0;31mE (5645) task_wdt: Task watchdog got triggered. The following tasks/users did not reset the watchdog in time:[0m
[0;31mE (5645) task_wdt:  - IDLE0 (CPU 0)[0m
[0;31mE (5645) task_wdt: Tasks currently running:[0m
[0;31mE (5645) task_wdt: CPU 0: Status_Led_task[0m
[0;31mE (5645) task_wdt: CPU 1: IDLE1[0m
[0;31mE (5645) task_wdt: Print CPU 0 (current core) backtrace[0m


Backtrace: 0x400E4BBB:0x3FFB1F60 0x400E4F80:0x3FFB1F80 0x400834C9:0x3FFB1FB0 0x400DA621:0x3FFC1740 0x4008B791:0x3FFC1760

