 2019 12:21:46

rst:0ï¿½ï¿½ï¿½j!ï¿½m[0m
[0;32mI (44) boot.esp32: SPI Mode       : DIO[0m
[0;32mI (49) boot.esp32: SPI Flash Size : 4MB[0m
[0;32mI (53) boot: Enabling RNG early eï¿½ets Jul 29 2019 12:21:46

rst:0x1 (POWERON_RESET),boot:0x13 (SPI_FAST_FLASH_BOOT)
configsip: 0, SPIWP:0xee
clk_drv:0x00,q_drv:0x00,d_drv:0x00,cs0_drv:0x00,hd_drv:0x00,wp_drv:0x00
mode:DIO, clock div:2
load:0x3fff0030,len:7176
load:0x40078000,len:15564
ho 0 tail 12 room 4
load:0x40080400,len:4
load:0x40080404,len:3904
entry 0x40080640
[0;32mI (31) boot: ESP-IDF v5.3.1-dirty 2nd stage bootloader[0m
[0;32mI (31) boot: compile time Jan  3 2025 20:09:16[0m
[0;32mI (31) boot: Multicore bootloader[0m
[0;32mI (36) boot: chip revision: v3.0[0m
[0;32mI (40) boot.esp32: SPI Speed      : 40MHz[0m
[0;32mI (44) boot.esp32: SPI Mode       : DIO[0m
[0;32mI (49) boot.esp32: SPI Flash Size : 4MB[0m
[0;32mI (53) boot: Enabling RNG early entropy source...[0m
[0;32mI (59) boot: Partition Table:[0m
[0;32mI (62) boot: ## Label            Usage          Type ST Offset   Length[0m
[0;32mI (70) boot:  0 nvs              WiFi data        01 02 00009000 00006000[0m
[0;32mI (77) boot:  1 phy_init         RF data          01 01 0000f000 00001000[0m
[0;32mI (85) boot:  2 factory          factory app      00 00 00010000 00100000[0m
[0;32mI (92) boot: End of partition table[0m
[0;32mI (96) esp_image: segment 0: paddr=00010020 vaddr=3f400020 size=2a998h (174488) map[0m
[0;32mI (165) esp_image: segment 1: paddr=0003a9c0 vaddr=3ffb0000 size=03f98h ( 16280) load[0m
[0;32mI (171) esp_image: segment 2: paddr=0003e960 vaddr=40080000 size=016b8h (  5816) load[0m
[0;32mI (173) esp_image: segment 3: paddr=00040020 vaddr=400d0020 size=b5c98h (744600) map[0m
[0;32mI (434) esp_image: segment 4: paddr=000f5cc0 vaddr=400816b8 size=17c80h ( 97408) load[0m
[0;32mI (485) boot: Loaded app from partition at offset 0x10000[0m
[0;32mI (485) boot: Disabling RNG early entropy source...[0m
[0;32mI (497) cpu_start: Multicore app[0m
[0;32mI (505) cpu_start: Pro cpu start user code[0m
[0;32mI (505) cpu_start: cpu freq: 160000000 Hz[0m
[0;32mI (505) app_init: Application information:[0m
[0;32mI (508) app_init: Project name:     Measure_Power_AC[0m
[0;32mI (514) app_init: App version:      6cc6703-dirty[0m
[0;32mI (519) app_init: Compile time:     Jan  3 2025 20:09:10[0m
[0;32mI (525) app_init: ELF file SHA256:  17e75f1a8...[0m
[0;32mI (531) app_init: ESP-IDF:          v5.3.1-dirty[0m
[0;32mI (536) efuse_init: Min chip rev:     v0.0[0m
[0;32mI (541) efuse_init: Max chip rev:     v3.99 [0m
[0;32mI (546) efuse_init: Chip rev:         v3.0[0m
[0;32mI (551) heap_init: Initializing. RAM available for dynamic allocation:[0m
[0;32mI (558) heap_init: At 3FFAE6E0 len 00001920 (6 KiB): DRAM[0m
[0;32mI (564) heap_init: At 3FFB9B58 len 000264A8 (153 KiB): DRAM[0m
[0;32mI (570) heap_init: At 3FFE0440 len 00003AE0 (14 KiB): D/IRAM[0m
[0;32mI (576) heap_init: At 3FFE4350 len 0001BCB0 (111 KiB): D/IRAM[0m
[0;32mI (583) heap_init: At 40099338 len 00006CC8 (27 KiB): IRAM[0m
[0;32mI (591) spi_flash: detected chip: generic[0m
[0;32mI (594) spi_flash: flash io: dio[0m
[0;33mW (598) i2c: This driver is an old driver, please migrate your application code to adapt `driver/i2c_master.h`[0m
[0;32mI (609) main_task: Started on CPU0[0m
[0;32mI (613) main_task: Calling app_main()[0m
RTC is running. Reading current data...
[0;32mI (649) gpio: GPIO[13]| InputEn: 1| OutputEn: 0| OpenDrain: 0| Pullup: 1| Pulldown: 0| Intr:3 [0m
[0;32mI (651) uart: queue free spaces: 10[0m
[0;32mI (658) main_task: Returned from app_main()[0m
I (660) wifi:wifi driver task: 3ffd8814, prio:23, stack:6656, core=0
I (667) wifi:wifi firmware version: ccaebfa
I (669) wifi:wifi certification version: v7.0
I (673) wifi:config NVS flash: disabled
I (677) wifi:config nano formating: disabled
I (681) wifi:Init data frame dynamic rx buffer num: 32
I (686) wifi:Init static rx mgmt buffer num: 5
I (690) wifi:Init management short buffer num: 32
I (694) wifi:Init dynamic tx buffer num: 32
I (698) wifi:Init static rx buffer size: 1600
I (702) wifi:Init static rx buffer num: 10
I (706) wifi:Init dynamic rx buffer num: 32
[0;32mI (711) wifi_init: rx ba win: 6[0m
[0;32mI (714) wifi_init: accept mbox: 6[0m
[0;32mI (718) wifi_init: tcpip mbox: 32[0m
[0;32mI (722) wifi_init: udp mbox: 6[0m
[0;32mI (726) wifi_init: tcp mbox: 6[0m
[0;32mI (729) wifi_init: tcp tx win: 5760[0m
[0;32mI (733) wifi_init: tcp rx win: 5760[0m
[0;32mI (738) wifi_init: tcp mss: 1440[0m
[0;32mI (741) wifi_init: WiFi IRAM OP enabled[0m
[0;32mI (746) wifi_init: WiFi RX IRAM OP enabled[0m
[0;32mI (752) phy_init: phy_version 4830,54550f7,Jun 20 2024,14:22:08[0m
I (834) wifi:mode : sta (b8:d6:1a:6a:3d:0c)
I (835) wifi:enable tsf
E (837) wifi:NAN WiFi stop
I (838) wifi:flush txq
I (838) wifi:stop sw txq
I (839) wifi:lmac stop hw txq
I (842) wifi:mode : sta (b8:d6:1a:6a:3d:0c)
I (843) wifi:enable tsf
[0;33mW (851) event: handler already registered, overwriting[0m
I (902) smartconfig: SC version: V3.0.1
E (903) smartconfig: smartconfig busy
ESP_ERROR_CHECK failed: esp_err_t 0xffffffff (ESP_FAIL) at 0x400db36a
file: "./Middleware/wifi/wifi.c" line 732
func: WIFI_SmartConfig
expression: esp_smartconfig_start(&cfg)

abort() was called at PC 0x4008aa9b on core 1


Backtrace: 0x40081bea:0x3ffe1450 0x4008aaa5:0x3ffe1470 0x40092fcd:0x3ffe1490 0x4008aa9b:0x3ffe1500 0x400db36a:0x3ffe1530 0x4008b791:0x3ffe1560




ELF file SHA256: 17e75f1a8

Rebooting...
ets Jul 29 2019 12:21:46

rst:0xc (SW_CPU_RESET),boot:0x13 (SPI_FAST_FLASH_BOOT)
configsip: 0, SPIWP:0xee
clk_drv:0x00,q_drv:0x00,d_drv:0x00,cs0_drv:0x00,hd_drv:0x00,wp_drv:0x00
mode:DIO, clock div:2
load:0x3fff0030,len:7176
load:0x40078000,len:15564
ho 0 tail 12 room 4
load:0x40080400,len:4
load:0x40080404,len:3904
entry 0x40080640
[0;32mI (31) boot: ESP-IDF v5.3.1-dirty 2nd stage bootloader[0m
[0;32mI (31) boot: compile time Jan  3 2025 20:09:16[0m
[0;32mI (31) boot: Multicore bootloader[0m
[0;32mI (36) boot: chip revision: v3.0[0m
[0;32mI (40) boot.esp32: SPI Speed      : 40MHz[0m
[0;32mI (44) boot.esp32: SPI Mode       : DIO[0m
[0;32mI (49) boot.esp32: SPI Flash Size : 4MB[0m
[0;32mI (53) boot: Enabling RNG early entropy source...[0m
[0;32mI (59) boot: Partition Table:[0m
[0;32mI (62) boot: ## Label            Usage          Type ST Offset   Length[0m
[0;32mI (70) boot:  0 nvs              WiFi data        01 02 00009000 00006000[0m
[0;32mI (77) boot:  1 phy_init         RF data          01 01 0000f000 00001000[0m
[0;32mI (85) boot:  2 factory          factory app      00 00 00010000 00100000[0m
[0;32mI (92) boot: End of partition table[0m
[0;32mI (96) esp_image: segment 0: paddr=00010020 vaddr=3f400020 size=2a998h (174488) map[0m
[0;32mI (165) esp_image: segment 1: paddr=0003a9c0 vaddr=3ffb0000 size=03f98h ( 16280) load[0m
[0;32mI (171) esp_image: segment 2: paddr=0003e960 vaddr=40080000 size=016b8h (  5816) load[0m
[0;32mI (173) esp_image: segment 3: paddr=00040020 vaddr=400d0020 size=b5c98h (744600) map[0m
[0;32mI (434) esp_image: segment 4: paddr=000f5cc0 vaddr=400816b8 size=17c80h ( 97408) load[0m
[0;32mI (485) boot: Loaded app from partition at offset 0x10000[0m
[0;32mI (485) boot: Disabling RNG early entropy source...[0m
[0;32mI (497) cpu_start: Multicore app[0m
[0;32mI (505) cpu_start: Pro cpu start user code[0m
[0;32mI (505) cpu_start: cpu freq: 160000000 Hz[0m
[0;32mI (505) app_init: Application information:[0m
[0;32mI (508) app_init: Project name:     Measure_Power_AC[0m
[0;32mI (514) app_init: App version:      6cc6703-dirty[0m
[0;32mI (519) app_init: Compile time:     Jan  3 2025 20:09:10[0m
[0;32mI (525) app_init: ELF file SHA256:  17e75f1a8...[0m
[0;32mI (530) app_init: ESP-IDF:          v5.3.1-dirty[0m
[0;32mI (536) efuse_init: Min chip rev:     v0.0[0m
[0;32mI (540) efuse_init: Max chip rev:     v3.99 [0m
[0;32mI (545) efuse_init: Chip rev:         v3.0[0m
[0;32mI (550) heap_init: Initializing. RAM available for dynamic allocation:[0m
[0;32mI (558) heap_init: At 3FFAE6E0 len 00001920 (6 KiB): DRAM[0m
[0;32mI (563) heap_init: At 3FFB9B58 len 000264A8 (153 KiB): DRAM[0m
[0;32mI (570) heap_init: At 3FFE0440 len 00003AE0 (14 KiB): D/IRAM[0m
[0;32mI (576) heap_init: At 3FFE4350 len 0001BCB0 (111 KiB): D/IRAM[0m
[0;32mI (582) heap_init: At 40099338 len 00006CC8 (27 KiB): IRAM[0m
[0;32mI (590) spi_flash: detected chip: generic[0m
[0;32mI (593) spi_flash: flash io: dio[0m
[0;33mW (597) i2c: This driver is an old driver, please migrate your application code to adapt `driver/i2c_master.h`[0m
[0;32mI (609) main_task: Started on CPU0[0m
[0;32mI (613) main_task: Calling app_main()[0m
RTC is running. Reading current data...
[0;32mI (649) gpio: GPIO[13]| InputEn: 1| OutputEn: 0| OpenDrain: 0| Pullup: 1| Pulldown: 0| Intr:3 [0m
[0;32mI (651) uart: queue free spaces: 10[0m
[0;32mI (658) main_task: Returned from app_main()[0m
I (660) wifi:wifi driver task: 3ffd8814, prio:23, stack:6656, core=0
I (667) wifi:wifi firmware version: ccaebfa
I (669) wifi:wifi certification version: v7.0
I (673) wifi:config NVS flash: disabled
I (677) wifi:config nano formating: disabled
I (681) wifi:Init data frame dynamic rx buffer num: 32
I (686) wifi:Init static rx mgmt buffer num: 5
I (690) wifi:Init management short buffer num: 32
I (694) wifi:Init dynamic tx buffer num: 32
I (698) wifi:Init static rx buffer size: 1600
I (702) wifi:Init static rx buffer num: 10
I (706) wifi:Init dynamic rx buffer num: 32
[0;32mI (711) wifi_init: rx ba win: 6[0m
[0;32mI (714) wifi_init: accept mbox: 6[0m
[0;32mI (718) wifi_init: tcpip mbox: 32[0m
[0;32mI (722) wifi_init: udp mbox: 6[0m
[0;32mI (726) wifi_init: tcp mbox: 6[0m
[0;32mI (729) wifi_init: tcp tx win: 5760[0m
[0;32mI (733) wifi_init: tcp rx win: 5760[0m
[0;32mI (738) wifi_init: tcp mss: 1440[0m
[0;32mI (741) wifi_init: WiFi IRAM OP enabled[0m
[0;32mI (746) wifi_init: WiFi RX IRAM OP enabled[0m
[0;32mI (752) phy_init: phy_version 4830,54550f7,Jun 20 2024,14:22:08[0m
I (836) wifi:mode : sta (b8:d6:1a:6a:3d:0c)
I (837) wifi:enable tsf
E (840) wifi:NAN WiFi stop
I (841) wifi:flush txq
I (841) wifi:stop sw txq
I (841) wifi:lmac stop hw txq
I (845) wifi:mode : sta (b8:d6:1a:6a:3d:0c)
I (846) wifi:enable tsf
[0;33mW (854) event: handler already registered, overwriting[0m
I (906) smartconfig: SC version: V3.0.1
E (908) smartconfig: smartconfig busy
ESP_ERROR_CHECK failed: esp_err_t 0xffffffff (ESP_FAIL) at 0x400db36a
file: "./Middleware/wifi/wifi.c" line 732
func: WIFI_SmartConfig
expression: esp_smartconfig_start(&cfg)

abort() was called at PC 0x4008aa9b on core 1


Backtrace: 0x40081bea:0x3ffe1450 0x4008aaa5:0x3ffe1470 0x40092fcd:0x3ffe1490 0x4008aa9b:0x3ffe1500 0x400db36a:0x3ffe1530 0x4008b791:0x3ffe1560




ELF file SHA256: 17e75f1a8

Rebooting...
ets Jul 29 2019 12:21:46

rst:0xc (SW_CPU_RESET),boot:0x13 (SPI_FAST_FLASH_BOOT)
configsip: 0, SPIWP:0xee
clk_drv:0x00,q_drv:0x00,d_drv:0x00,cs0_drv:0x00,hd_drv:0x00,wp_drv:0x00
mode:DIO, clock div:2
load:0x3fff0030,len:7176
load:0x40078000,len:15564
ho 0 tail 12 room 4
load:0x40080400,len:4
load:0x40080404,len:3904
entry 0x40080640
[0;32mI (31) boot: ESP-IDF v5.3.1-dirty 2nd stage bootloader[0m
[0;32mI (31) boot: compile time Jan  3 2025 20:09:16[0m
[0;32mI (31) boot: Multicore bootloader[0m
[0;32mI (36) boot: chip revision: v3.0[0m
[0;32mI (40) boot.esp32: SPI Speed      : 40MHz[0m
[0;32mI (44) boot.esp32: SPI Mode       : DIO[0m
[0;32mI (49) boot.esp32: SPI Flash Size : 4MB[0m
[0;32mI (53) boot: Enabling RNG early entropy source...[0m
[0;32mI (59) boot: Partition Table:[0m
[0;32mI (62) boot: ## Label            Usage          Type ST Offset   Length[0m
[0;32mI (70) boot:  0 nvs              WiFi data        01 02 00009000 00006000[0m
[0;32mI (77) boot:  1 phy_init         RF data          01 01 0000f000 00001000[0m
[0;32mI (85) boot:  2 factory          factory app      00 00 00010000 00100000[0m
[0;32mI (92) boot: End of partition table[0m
[0;32mI (96) esp_image: segment 0: paddr=00010020 vaddr=3f400020 size=2a998h (174488) map[0m
[0;32mI (165) esp_image: segment 1: paddr=0003a9c0 vaddr=3ffb0000 size=03f98h ( 16280) load[0m
[0;32mI (171) esp_image: segment 2: paddr=0003e960 vaddr=40080000 size=016b8h (  5816) load[0m
[0;32mI (173) esp_image: segment 3: paddr=00040020 vaddr=400d0020 size=b5c98h (744600) map[0m
[0;32mI (434) esp_image: segment 4: paddr=000f5cc0 vaddr=400816b8 size=17c80h ( 97408) load[0m
[0;32mI (485) boot: Loaded app from partition at offset 0x10000[0m
[0;32mI (485) boot: Disabling RNG early entropy source...[0m
