ip: 0, SPIWHhï¿½Úšï¿½j%ï¿½(49) boot.esp32: SPI Flash Size : 4MB[0m
[0;32mI (53) boot: Enabling RNG early enets Jul 29 2019 12:21:46

rst:0x1 (POWERON_RESET),boot:0x13 (SPI_FAST_FLASH_BOOT)
configsip: 0, SPIWP:0xee
clk_drv:0x00,q_drv:0x00,d_drv:0x00,cs0_drv:0x00,hd_drv:0x00,wp_drv:0x00
mode:DIO, clock div:2
load:0x3fff0030,len:7176
load:0x40078000,len:15564
ho 0 tail 12 room 4
load:0x40080400,len:4
load:0x40080404,len:3904
entry 0x40080640
[0;32mI (31) boot: ESP-IDF v5.3.1-dirty 2nd stage bootloader[0m
[0;32mI (31) boot: compile time Jan  3 2025 20:09:16[0m
[0;32mI (31) boot: Multicore bootloader[0m
[0;32mI (36) boot: chip revision: v3.0[0m
[0;32mI (40) boot.esp32: SPI Speed      : 40MHz[0m
[0;32mI (44) boot.esp32: SPI Mode       : DIO[0m
[0;32mI (49) boot.esp32: SPI Flash Size : 4MB[0m
[0;32mI (53) boot: Enabling RNG early entropy source...[0m
[0;32mI (59) boot: Partition Table:[0m
[0;32mI (62) boot: ## Label            Usage          Type ST Offset   Length[0m
[0;32mI (70) boot:  0 nvs              WiFi data        01 02 00009000 00006000[0m
[0;32mI (77) boot:  1 phy_init         RF data          01 01 0000f000 00001000[0m
[0;32mI (85) boot:  2 factory          factory app      00 00 00010000 00100000[0m
[0;32mI (92) boot: End of partition table[0m
[0;32mI (96) esp_image: segment 0: paddr=00010020 vaddr=3f400020 size=29f60h (171872) map[0m
[0;32mI (164) esp_image: segment 1: paddr=00039f88 vaddr=3ffb0000 size=03f98h ( 16280) load[0m
[0;32mI (170) esp_image: segment 2: paddr=0003df28 vaddr=40080000 size=020f0h (  8432) load[0m
[0;32mI (174) esp_image: segment 3: paddr=00040020 vaddr=400d0020 size=b4760h (739168) map[0m
[0;32mI (431) esp_image: segment 4: paddr=000f4788 vaddr=400820f0 size=17248h ( 94792) load[0m
[0;32mI (481) boot: Loaded app from partition at offset 0x10000[0m
[0;32mI (481) boot: Disabling RNG early entropy source...[0m
[0;32mI (493) cpu_start: Multicore app[0m
[0;32mI (502) cpu_start: Pro cpu start user code[0m
[0;32mI (502) cpu_start: cpu freq: 160000000 Hz[0m
[0;32mI (502) app_init: Application information:[0m
[0;32mI (505) app_init: Project name:     Measure_Power_AC[0m
[0;32mI (510) app_init: App version:      6cc6703-dirty[0m
[0;32mI (516) app_init: Compile time:     Jan  3 2025 23:33:51[0m
[0;32mI (522) app_init: ELF file SHA256:  1895c2b94...[0m
[0;32mI (527) app_init: ESP-IDF:          v5.3.1-dirty[0m
[0;32mI (532) efuse_init: Min chip rev:     v0.0[0m
[0;32mI (537) efuse_init: Max chip rev:     v3.99 [0m
[0;32mI (542) efuse_init: Chip rev:         v3.0[0m
[0;32mI (547) heap_init: Initializing. RAM available for dynamic allocation:[0m
[0;32mI (554) heap_init: At 3FFAE6E0 len 00001920 (6 KiB): DRAM[0m
[0;32mI (560) heap_init: At 3FFB9B50 len 000264B0 (153 KiB): DRAM[0m
[0;32mI (566) heap_init: At 3FFE0440 len 00003AE0 (14 KiB): D/IRAM[0m
[0;32mI (573) heap_init: At 3FFE4350 len 0001BCB0 (111 KiB): D/IRAM[0m
[0;32mI (579) heap_init: At 40099338 len 00006CC8 (27 KiB): IRAM[0m
[0;32mI (587) spi_flash: detected chip: generic[0m
[0;32mI (590) spi_flash: flash io: dio[0m
[0;33mW (594) i2c: This driver is an old driver, please migrate your application code to adapt `driver/i2c_master.h`[0m
[0;32mI (605) main_task: Started on CPU0[0m
[0;32mI (609) main_task: Calling app_main()[0m
RTC is running. Reading current data...
[0;32mI (646) gpio: GPIO[13]| InputEn: 1| OutputEn: 0| OpenDrain: 0| Pullup: 1| Pulldown: 0| Intr:3 [0m
[0;32mI (648) gpio: GPIO[2]| InputEn: 0| OutputEn: 1| OpenDrain: 0| Pullup: 0| Pulldown: 0| Intr:0 [0m
[0;32mI (657) uart: queue free spaces: 10[0m
Count: 0
[0;32mI (665) main_task: Returned from app_main()[0m
I (666) wifi:wifi driver task: 3ffcb250, prio:23, stack:6656, core=1
I (674) wifi:wifi firmware version: ccaebfa
I (676) wifi:wifi certification version: v7.0
I (680) wifi:config NVS flash: disabled
I (684) wifi:config nano formating: disabled
I (688) wifi:Init data frame dynamic rx buffer num: 32
I (693) wifi:Init static rx mgmt buffer num: 5
I (697) wifi:Init management short buffer num: 32
I (701) wifi:Init dynamic tx buffer num: 32
I (705) wifi:Init static rx buffer size: 1600
I (709) wifi:Init static rx buffer num: 15
I (713) wifi:Init dynamic rx buffer num: 32
[0;32mI (718) wifi_init: rx ba win: 6[0m
[0;32mI (721) wifi_init: accept mbox: 6[0m
[0;32mI (725) wifi_init: tcpip mbox: 32[0m
[0;32mI (729) wifi_init: udp mbox: 6[0m
[0;32mI (732) wifi_init: tcp mbox: 6[0m
[0;32mI (736) wifi_init: tcp tx win: 5760[0m
[0;32mI (740) wifi_init: tcp rx win: 5760[0m
[0;32mI (745) wifi_init: tcp mss: 1440[0m
[0;32mI (748) wifi_init: WiFi IRAM OP enabled[0m
[0;32mI (753) wifi_init: WiFi RX IRAM OP enabled[0m
[0;32mI (758) phy_init: phy_version 4830,54550f7,Jun 20 2024,14:22:08[0m
I (840) wifi:mode : sta (b8:d6:1a:6a:3d:0c)
I (841) wifi:enable tsf
E (844) wifi:NAN WiFi stop
I (845) wifi:flush txq
I (845) wifi:stop sw txq
I (845) wifi:lmac stop hw txq
I (849) wifi:mode : sta (b8:d6:1a:6a:3d:0c)
I (849) wifi:enable tsf
Starting WiFi Scan Round 1
Starting WiFi Scan Round 2
Starting WiFi Scan Round 3
[0;32mI (8359) scan: SSID 		Tiger[0m
[0;32mI (8359) scan: RSSI 		-47[0m
[0;32mI (8359) scan: Authmode 	WIFI_AUTH_WPA2_PSK[0m
[0;32mI (8361) scan: Pairwise Cipher 	WIFI_CIPHER_TYPE_CCMP[0m
[0;32mI (8366) scan: Group Cipher 	WIFI_CIPHER_TYPE_CCMP[0m
[0;32mI (8372) scan: Channel 		11
[0m
[0;32mI (8375) scan: SSID 		Nhan House[0m
[0;32mI (8379) scan: RSSI 		-52[0m
[0;32mI (8383) scan: Authmode 	WIFI_AUTH_WPA_WPA2_PSK[0m
[0;32mI (8388) scan: Pairwise Cipher 	WIFI_CIPHER_TYPE_TKIP_CCMP[0m
[0;32mI (8394) scan: Group Cipher 	WIFI_CIPHER_TYPE_TKIP[0m
[0;32mI (8399) scan: Channel 		4
[0m
[0;32mI (8403) scan: SSID 		ABCD[0m
[0;32mI (8406) scan: RSSI 		-58[0m
[0;32mI (8410) scan: Authmode 	WIFI_AUTH_WPA_WPA2_PSK[0m
[0;32mI (8415) scan: Pairwise Cipher 	WIFI_CIPHER_TYPE_TKIP_CCMP[0m
[0;32mI (8421) scan: Group Cipher 	WIFI_CIPHER_TYPE_TKIP[0m
[0;32mI (8427) scan: Channel 		11
[0m
[0;32mI (8430) scan: SSID 		ABC[0m
[0;32mI (8433) scan: RSSI 		-61[0m
[0;32mI (8437) scan: Authmode 	WIFI_AUTH_WPA2_PSK[0m
[0;32mI (8442) scan: Pairwise Cipher 	WIFI_CIPHER_TYPE_CCMP[0m
[0;32mI (8447) scan: Group Cipher 	WIFI_CIPHER_TYPE_CCMP[0m
[0;32mI (8453) scan: Channel 		6
[0m
[0;32mI (8456) scan: SSID 		Dung Xai Ke[0m
[0;32mI (8460) scan: RSSI 		-70[0m
[0;32mI (8464) scan: Authmode 	WIFI_AUTH_WPA_WPA2_PSK[0m
[0;32mI (8469) scan: Pairwise Cipher 	WIFI_CIPHER_TYPE_TKIP_CCMP[0m
[0;32mI (8475) scan: Group Cipher 	WIFI_CIPHER_TYPE_TKIP[0m
[0;32mI (8481) scan: Channel 		11
[0m
[0;32mI (8484) scan: SSID 		Ngoi Nha Nho[0m
[0;32mI (8488) scan: RSSI 		-75[0m
[0;32mI (8492) scan: Authmode 	WIFI_AUTH_WPA_WPA2_PSK[0m
[0;32mI (8497) scan: Pairwise Cipher 	WIFI_CIPHER_TYPE_TKIP_CCMP[0m
[0;32mI (8503) scan: Group Cipher 	WIFI_CIPHER_TYPE_TKIP[0m
[0;32mI (8508) scan: Channel 		11
[0m
[0;32mI (8512) scan: SSID 		SEA[0m
[0;32mI (8515) scan: RSSI 		-82[0m
[0;32mI (8519) scan: Authmode 	WIFI_AUTH_WPA2_PSK[0m
[0;32mI (8523) scan: Pairwise Cipher 	WIFI_CIPHER_TYPE_CCMP[0m
[0;32mI (8529) scan: Group Cipher 	WIFI_CIPHER_TYPE_CCMP[0m
[0;32mI (8535) scan: Channel 		4
[0m
[0;32mI (8538) scan: SSID 		Tuong Ly[0m
[0;32mI (8542) scan: RSSI 		-83[0m
[0;32mI (8545) scan: Authmode 	WIFI_AUTH_WPA_WPA2_PSK[0m
[0;32mI (8550) scan: Pairwise Cipher 	WIFI_CIPHER_TYPE_CCMP[0m
[0;32mI (8556) scan: Group Cipher 	WIFI_CIPHER_TYPE_CCMP[0m
[0;32mI (8562) scan: Channel 		11
[0m
[0;32mI (8565) scan: SSID 		PUKAS[0m
[0;32mI (8569) scan: RSSI 		-83[0m
[0;32mI (8572) scan: Authmode 	WIFI_AUTH_WPA_WPA2_PSK[0m
[0;32mI (8577) scan: Pairwise Cipher 	WIFI_CIPHER_TYPE_CCMP[0m
[0;32mI (8583) scan: Group Cipher 	WIFI_CIPHER_TYPE_CCMP[0m
[0;32mI (8588) scan: Channel 		11
[0m
[0;32mI (8592) scan: SSID 		Dau Tay[0m
[0;32mI (8596) scan: RSSI 		-84[0m
[0;32mI (8599) scan: Authmode 	WIFI_AUTH_WPA_WPA2_PSK[0m
[0;32mI (8604) scan: Pairwise Cipher 	WIFI_CIPHER_TYPE_CCMP[0m
[0;32mI (8610) scan: Group Cipher 	WIFI_CIPHER_TYPE_CCMP[0m
[0;32mI (8615) scan: Channel 		4
[0m
Check matching Ssid
1
opening NVS Read handle Done 
opening NVS Read handle Done 
2
return 1
Found Matching SSID and Password
E (8632) wifi:NAN WiFi stop
I (8634) wifi:flush txq
I (8636) wifi:stop sw txq
I (8638) wifi:lmac stop hw txq
I (8645) wifi:mode : sta (b8:d6:1a:6a:3d:0c)
I (8645) wifi:enable tsf
[0;32mI (8648) scan: Wifi_init_station finished.[0m
I (10122) wifi:new:<11,0>, old:<1,0>, ap:<255,255>, sta:<11,0>, prof:1, snd_ch_cfg:0x0
I (10124) wifi:state: init -> auth (0xb0)
I (10127) wifi:state: auth -> init (0x8a0)
I (10128) wifi:new:<11,0>, old:<11,0>, ap:<255,255>, sta:<11,0>, prof:1, snd_ch_cfg:0x0
[0;32mI (10138) scan: retry to connect to the AP[0m
[0;31mE (10139) scan: connect to the AP fail[0m
[0;32mI (12551) scan: retry to connect to the AP[0m
[0;31mE (12551) scan: connect to the AP fail[0m
I (12560) wifi:new:<11,0>, old:<11,0>, ap:<255,255>, sta:<11,0>, prof:1, snd_ch_cfg:0x0
I (12561) wifi:state: init -> auth (0xb0)
I (12568) wifi:state: auth -> assoc (0x0)
I (12595) wifi:state: assoc -> run (0x10)
I (12631) wifi:connected with Tiger, aid = 2, channel 11, BW20, bssid = 5c:18:dd:52:64:69
I (12632) wifi:security: WPA2-PSK, phy: bgn, rssi: -45
I (12633) wifi:pm start, type: 1

I (12636) wifi:dp: 1, bi: 102400, li: 3, scale listen interval from 307200 us to 307200 us
I (12655) wifi:<ba-add>idx:0 (ifx:0, 5c:18:dd:52:64:69), tid:7, ssn:0, winSize:64
I (12706) wifi:AP's beacon interval = 102400 us, DTIM period = 1
[0;32mI (13647) esp_netif_handlers: sta ip: 192.168.100.87, mask: 255.255.255.0, gw: 192.168.100.1[0m
[0;32mI (13648) scan: Connected to ap SSID:Tiger password:thanhTRI1972[0m
Connect Wifi
1
I (13663) wifi:<ba-add>idx:1 (ifx:0, 5c:18:dd:52:64:69), tid:6, ssn:2, winSize:64
I (13708) wifi:<ba-del>idx:1, tid:6
I (13710) wifi:<ba-add>idx:1 (ifx:0, 5c:18:dd:52:64:69), tid:0, ssn:0, winSize:64
