46

rst:0xd      : 40MHz[0m
[0;32mI (44) boot.esp32: SPI Mode       : DIO[0m
[0;32mI (49) boot.esp32: SPI Flash Size : 4MB[0m
[0;32mI (53) boot: Enabling ï¿½ets Jul 29 2019 12:21:46

rst:0x1 (POWERON_RESET),boot:0x13 (SPI_FAST_FLASH_BOOT)
configsip: 0, SPIWP:0xee
clk_drv:0x00,q_drv:0x00,d_drv:0x00,cs0_drv:0x00,hd_drv:0x00,wp_drv:0x00
mode:DIO, clock div:2
load:0x3fff0030,len:7176
load:0x40078000,len:15564
ho 0 tail 12 room 4
load:0x40080400,len:4
load:0x40080404,len:3904
entry 0x40080640
[0;32mI (31) boot: ESP-IDF v5.3.1-dirty 2nd stage bootloader[0m
[0;32mI (31) boot: compile time Jan  3 2025 20:09:16[0m
[0;32mI (31) boot: Multicore bootloader[0m
[0;32mI (36) boot: chip revision: v3.0[0m
[0;32mI (40) boot.esp32: SPI Speed      : 40MHz[0m
[0;32mI (44) boot.esp32: SPI Mode       : DIO[0m
[0;32mI (49) boot.esp32: SPI Flash Size : 4MB[0m
[0;32mI (53) boot: Enabling RNG early entropy source...[0m
[0;32mI (59) boot: Partition Table:[0m
[0;32mI (62) boot: ## Label            Usage          Type ST Offset   Length[0m
[0;32mI (70) boot:  0 nvs              WiFi data        01 02 00009000 00006000[0m
[0;32mI (77) boot:  1 phy_init         RF data          01 01 0000f000 00001000[0m
[0;32mI (85) boot:  2 factory          factory app      00 00 00010000 00100000[0m
[0;32mI (92) boot: End of partition table[0m
[0;32mI (96) esp_image: segment 0: paddr=00010020 vaddr=3f400020 size=2a1b0h (172464) map[0m
[0;32mI (164) esp_image: segment 1: paddr=0003a1d8 vaddr=3ffb0000 size=03f98h ( 16280) load[0m
[0;32mI (170) esp_image: segment 2: paddr=0003e178 vaddr=40080000 size=01ea0h (  7840) load[0m
[0;32mI (174) esp_image: segment 3: paddr=00040020 vaddr=400d0020 size=b5074h (741492) map[0m
[0;32mI (432) esp_image: segment 4: paddr=000f509c vaddr=40081ea0 size=1751ch ( 95516) load[0m
[0;32mI (482) boot: Loaded app from partition at offset 0x10000[0m
[0;32mI (483) boot: Disabling RNG early entropy source...[0m
[0;32mI (495) cpu_start: Multicore app[0m
[0;32mI (503) cpu_start: Pro cpu start user code[0m
[0;32mI (503) cpu_start: cpu freq: 160000000 Hz[0m
[0;32mI (503) app_init: Application information:[0m
[0;32mI (506) app_init: Project name:     Measure_Power_AC[0m
[0;32mI (512) app_init: App version:      6cc6703-dirty[0m
[0;32mI (517) app_init: Compile time:     Jan  3 2025 21:43:06[0m
[0;32mI (523) app_init: ELF file SHA256:  5105f5b2c...[0m
[0;32mI (528) app_init: ESP-IDF:          v5.3.1-dirty[0m
[0;32mI (533) efuse_init: Min chip rev:     v0.0[0m
[0;32mI (538) efuse_init: Max chip rev:     v3.99 [0m
[0;32mI (543) efuse_init: Chip rev:         v3.0[0m
[0;32mI (548) heap_init: Initializing. RAM available for dynamic allocation:[0m
[0;32mI (555) heap_init: At 3FFAE6E0 len 00001920 (6 KiB): DRAM[0m
[0;32mI (561) heap_init: At 3FFB9B60 len 000264A0 (153 KiB): DRAM[0m
[0;32mI (568) heap_init: At 3FFE0440 len 00003AE0 (14 KiB): D/IRAM[0m
[0;32mI (574) heap_init: At 3FFE4350 len 0001BCB0 (111 KiB): D/IRAM[0m
[0;32mI (580) heap_init: At 400993BC len 00006C44 (27 KiB): IRAM[0m
[0;32mI (588) spi_flash: detected chip: generic[0m
[0;32mI (591) spi_flash: flash io: dio[0m
[0;33mW (595) i2c: This driver is an old driver, please migrate your application code to adapt `driver/i2c_master.h`[0m
[0;32mI (607) main_task: Started on CPU0[0m
[0;32mI (611) main_task: Calling app_main()[0m
RTC is running. Reading current data...
[0;32mI (648) gpio: GPIO[13]| InputEn: 1| OutputEn: 0| OpenDrain: 0| Pullup: 1| Pulldown: 0| Intr:3 [0m
[0;32mI (650) uart: queue free spaces: 10[0m
[0;32mI (657) main_task: Returned from app_main()[0m
I (659) wifi:wifi driver task: 3ffdc3a4, prio:23, stack:6656, core=0
I (666) wifi:wifi firmware version: ccaebfa
I (668) wifi:wifi certification version: v7.0
I (672) wifi:config NVS flash: disabled
I (676) wifi:config nano formating: disabled
I (680) wifi:Init data frame dynamic rx buffer num: 32
I (685) wifi:Init static rx mgmt buffer num: 5
I (689) wifi:Init management short buffer num: 32
I (693) wifi:Init dynamic tx buffer num: 32
I (697) wifi:Init static rx buffer size: 1600
I (701) wifi:Init static rx buffer num: 15
I (705) wifi:Init dynamic rx buffer num: 32
[0;32mI (710) wifi_init: rx ba win: 6[0m
[0;32mI (713) wifi_init: accept mbox: 6[0m
[0;32mI (717) wifi_init: tcpip mbox: 32[0m
[0;32mI (721) wifi_init: udp mbox: 6[0m
[0;32mI (724) wifi_init: tcp mbox: 6[0m
[0;32mI (728) wifi_init: tcp tx win: 5760[0m
[0;32mI (732) wifi_init: tcp rx win: 5760[0m
[0;32mI (736) wifi_init: tcp mss: 1440[0m
[0;32mI (740) wifi_init: WiFi IRAM OP enabled[0m
[0;32mI (745) wifi_init: WiFi RX IRAM OP enabled[0m
[0;32mI (750) phy_init: phy_version 4830,54550f7,Jun 20 2024,14:22:08[0m
[0;33mW (832) phy_init: saving new calibration data because of checksum failure, mode(0)[0m
Guru Meditation Error: Core  1 panic'ed (LoadProhibited). Exception was unhandled.

Core  1 register dump:
PC      : 0x400da6f2  PS      : 0x00060430  A0      : 0x8008b818  A1      : 0x3ffc4c70  
A2      : 0x00000000  A3      : 0x00000000  A4      : 0x3ffb4508  A5      : 0x00060023  
A6      : 0x00000001  A7      : 0x00000001  A8      : 0x0d33332b  A9      : 0x3ffc4c40  
A10     : 0x00000005  A11     : 0x3ffc4c70  A12     : 0xffffffff  A13     : 0x0000ff00  
A14     : 0x00ff0000  A15     : 0xff000000  SAR     : 0x00000000  EXCCAUSE: 0x0000001c  
EXCVADDR: 0x0d33332b  LBEG    : 0x4000c2e0  LEND    : 0x4000c2f6  LCOUNT  : 0xffffffff  


Backtrace: 0x400da6ef:0x3ffc4c70 0x4008b815:0x3ffc4ca0




ELF file SHA256: 5105f5b2c

Rebooting...
ets Jul 29 2019 12:21:46

rst:0xc (SW_CPU_RESET),boot:0x13 (SPI_FAST_FLASH_BOOT)
configsip: 0, SPIWP:0xee
clk_drv:0x00,q_drv:0x00,d_drv:0x00,cs0_drv:0x00,hd_drv:0x00,wp_drv:0x00
mode:DIO, clock div:2
load:0x3fff0030,len:7176
load:0x40078000,len:15564
ho 0 tail 12 room 4
load:0x40080400,len:4
load:0x40080404,len:3904
entry 0x40080640
[0;32mI (31) boot: ESP-IDF v5.3.1-dirty 2nd stage bootloader[0m
[0;32mI (31) boot: compile time Jan  3 2025 20:09:16[0m
[0;32mI (31) boot: Multicore bootloader[0m
[0;32mI (36) boot: chip revision: v3.0[0m
[0;32mI (40) boot.esp32: SPI Speed      : 40MHz[0m
[0;32mI (44) boot.esp32: SPI Mode       : DIO[0m
[0;32mI (49) boot.esp32: SPI Flash Size : 4MB[0m
[0;32mI (53) boot: Enabling RNG early entropy source...[0m
[0;32mI (59) boot: Partition Table:[0m
[0;32mI (62) boot: ## Label            Usage          Type ST Offset   Length[0m
[0;32mI (70) boot:  0 nvs              WiFi data        01 02 00009000 00006000[0m
[0;32mI (77) boot:  1 phy_init         RF data          01 01 0000f000 00001000[0m
[0;32mI (85) boot:  2 factory          factory app      00 00 00010000 00100000[0m
[0;32mI (92) boot: End of partition table[0m
[0;32mI (96) esp_image: segment 0: paddr=00010020 vaddr=3f400020 size=2a1b0h (172464) map[0m
[0;32mI (164) esp_image: segment 1: paddr=0003a1d8 vaddr=3ffb0000 size=03f98h ( 16280) load[0m
[0;32mI (170) esp_image: segment 2: paddr=0003e178 vaddr=40080000 size=01ea0h (  7840) load[0m
[0;32mI (173) esp_image: segment 3: paddr=00040020 vaddr=400d0020 size=b5074h (741492) map[0m
[0;32mI (432) esp_image: segment 4: paddr=000f509c vaddr=40081ea0 size=1751ch ( 95516) load[0m
[0;32mI (482) boot: Loaded app from partition at offset 0x10000[0m
[0;32mI (482) boot: Disabling RNG early entropy source...[0m
[0;32mI (494) cpu_start: Multicore app[0m
[0;32mI (503) cpu_start: Pro cpu start user code[0m
[0;32mI (503) cpu_start: cpu freq: 160000000 Hz[0m
[0;32mI (503) app_init: Application information:[0m
[0;32mI (506) app_init: Project name:     Measure_Power_AC[0m
[0;32mI (511) app_init: App version:      6cc6703-dirty[0m
[0;32mI (517) app_init: Compile time:     Jan  3 2025 21:43:06[0m
[0;32mI (523) app_init: ELF file SHA256:  5105f5b2c...[0m
[0;32mI (528) app_init: ESP-IDF:          v5.3.1-dirty[0m
[0;32mI (533) efuse_init: Min chip rev:     v0.0[0m
[0;32mI (538) efuse_init: Max chip rev:     v3.99 [0m
[0;32mI (543) efuse_init: Chip rev:         v3.0[0m
[0;32mI (548) heap_init: Initializing. RAM available for dynamic allocation:[0m
[0;32mI (555) heap_init: At 3FFAE6E0 len 00001920 (6 KiB): DRAM[0m
[0;32mI (561) heap_init: At 3FFB9B60 len 000264A0 (153 KiB): DRAM[0m
[0;32mI (567) heap_init: At 3FFE0440 len 00003AE0 (14 KiB): D/IRAM[0m
[0;32mI (574) heap_init: At 3FFE4350 len 0001BCB0 (111 KiB): D/IRAM[0m
[0;32mI (580) heap_init: At 400993BC len 00006C44 (27 KiB): IRAM[0m
[0;32mI (588) spi_flash: detected chip: generic[0m
[0;32mI (591) spi_flash: flash io: dio[0m
[0;33mW (595) i2c: This driver is an old driver, please migrate your application code to adapt `driver/i2c_master.h`[0m
[0;32mI (606) main_task: Started on CPU0[0m
[0;32mI (610) main_task: Calling app_main()[0m
RTC is running. Reading current data...
[0;32mI (658) gpio: GPIO[13]| InputEn: 1| OutputEn: 0| OpenDrain: 0| Pullup: 1| Pulldown: 0| Intr:3 [0m
[0;32mI (660) uart: queue free spaces: 10[0m
[0;32mI (667) main_task: Returned from app_main()[0m
I (669) wifi:wifi driver task: 3ffdc3a4, prio:23, stack:6656, core=0
I (676) wifi:wifi firmware version: ccaebfa
I (678) wifi:wifi certification version: v7.0
I (682) wifi:config NVS flash: disabled
I (685) wifi:config nano formating: disabled
I (690) wifi:Init data frame dynamic rx buffer num: 32
I (695) wifi:Init static rx mgmt buffer num: 5
I (698) wifi:Init management short buffer num: 32
I (703) wifi:Init dynamic tx buffer num: 32
I (707) wifi:Init static rx buffer size: 1600
I (711) wifi:Init static rx buffer num: 15
I (715) wifi:Init dynamic rx buffer num: 32
[0;32mI (720) wifi_init: rx ba win: 6[0m
[0;32mI (722) wifi_init: accept mbox: 6[0m
[0;32mI (726) wifi_init: tcpip mbox: 32[0m
[0;32mI (730) wifi_init: udp mbox: 6[0m
[0;32mI (734) wifi_init: tcp mbox: 6[0m
[0;32mI (738) wifi_init: tcp tx win: 5760[0m
[0;32mI (742) wifi_init: tcp rx win: 5760[0m
[0;32mI (746) wifi_init: tcp mss: 1440[0m
[0;32mI (750) wifi_init: WiFi IRAM OP enabled[0m
[0;32mI (755) wifi_init: WiFi RX IRAM OP enabled[0m
[0;32mI (760) phy_init: phy_version 4830,54550f7,Jun 20 2024,14:22:08[0m
I (849) wifi:mode : sta (b8:d6:1a:6a:3d:0c)
I (851) wifi:enable tsf
E (853) wifi:NAN WiFi stop
I (854) wifi:flush txq
I (854) wifi:stop sw txq
I (854) wifi:lmac stop hw txq
I (858) wifi:mode : sta (b8:d6:1a:6a:3d:0c)
I (859) wifi:enable tsf
Starting WiFi Scan Round 1
Starting WiFi Scan Round 2
Starting WiFi Scan Round 3
[0;32mI (8372) scan: SSID 		ABCD[0m
[0;32mI (8372) scan: RSSI 		-57[0m
[0;32mI (8372) scan: Authmode 	WIFI_AUTH_WPA_WPA2_PSK[0m
[0;32mI (8373) scan: Pairwise Cipher 	WIFI_CIPHER_TYPE_TKIP_CCMP[0m
[0;32mI (8379) scan: Group Cipher 	WIFI_CIPHER_TYPE_TKIP[0m
[0;32mI (8385) scan: Channel 		11
[0m
[0;32mI (8388) scan: SSID 		Nhan House[0m
[0;32mI (8392) scan: RSSI 		-59[0m
[0;32mI (8396) scan: Authmode 	WIFI_AUTH_WPA_WPA2_PSK[0m
[0;32mI (8401) scan: Pairwise Cipher 	WIFI_CIPHER_TYPE_TKIP_CCMP[0m
[0;32mI (8407) scan: Group Cipher 	WIFI_CIPHER_TYPE_TKIP[0m
[0;32mI (8412) scan: Channel 		2
[0m
[0;32mI (8416) scan: SSID 		ABC[0m
[0;32mI (8419) scan: RSSI 		-60[0m
[0;32mI (8423) scan: Authmode 	WIFI_AUTH_WPA2_PSK[0m
[0;32mI (8427) scan: Pairwise Cipher 	WIFI_CIPHER_TYPE_CCMP[0m
[0;32mI (8433) scan: Group Cipher 	WIFI_CIPHER_TYPE_CCMP[0m
[0;32mI (8439) scan: Channel 		6
[0m
[0;32mI (8442) scan: SSID 		Tiger[0m
[0;32mI (8446) scan: RSSI 		-60[0m
[0;32mI (8449) scan: Authmode 	WIFI_AUTH_WPA2_PSK[0m
[0;32mI (8454) scan: Pairwise Cipher 	WIFI_CIPHER_TYPE_CCMP[0m
[0;32mI (8460) scan: Group Cipher 	WIFI_CIPHER_TYPE_CCMP[0m
[0;32mI (8465) scan: Channel 		11
[0m
[0;32mI (8469) scan: SSID 		Dung Xai Ke[0m
[0;32mI (8473) scan: RSSI 		-70[0m
[0;32mI (8476) scan: Authmode 	WIFI_AUTH_WPA_WPA2_PSK[0m
[0;32mI (8481) scan: Pairwise Cipher 	WIFI_CIPHER_TYPE_TKIP_CCMP[0m
[0;32mI (8487) scan: Group Cipher 	WIFI_CIPHER_TYPE_TKIP[0m
[0;32mI (8493) scan: Channel 		11
[0m
[0;32mI (8496) scan: SSID 		Ngoi Nha Nho[0m
[0;32mI (8501) scan: RSSI 		-73[0m
[0;32mI (8504) scan: Authmode 	WIFI_AUTH_WPA_WPA2_PSK[0m
[0;32mI (8509) scan: Pairwise Cipher 	WIFI_CIPHER_TYPE_TKIP_CCMP[0m
[0;32mI (8515) scan: Group Cipher 	WIFI_CIPHER_TYPE_TKIP[0m
[0;32mI (8521) scan: Channel 		11
[0m
[0;32mI (8524) scan: SSID 		Ngoc Vu[0m
[0;32mI (8528) scan: RSSI 		-92[0m
[0;32mI (8531) scan: Authmode 	WIFI_AUTH_WPA_WPA2_PSK[0m
[0;32mI (8536) scan: Pairwise Cipher 	WIFI_CIPHER_TYPE_TKIP_CCMP[0m
[0;32mI (8543) scan: Group Cipher 	WIFI_CIPHER_TYPE_TKIP[0m
[0;32mI (8548) scan: Channel 		1
[0m
[0;32mI (8552) scan: SSID 		THUY TIEN[0m
[0;32mI (8555) scan: RSSI 		-92[0m
[0;32mI (8559) scan: Authmode 	WIFI_AUTH_WPA_WPA2_PSK[0m
[0;32mI (8564) scan: Pairwise Cipher 	WIFI_CIPHER_TYPE_TKIP_CCMP[0m
[0;32mI (8570) scan: Group Cipher 	WIFI_CIPHER_TYPE_TKIP[0m
[0;32mI (8576) scan: Channel 		3
[0m
Check matching Ssid
9
opening NVS Read handle Done 
opening NVS Read handle Done 
opening NVS Read handle Done 
opening NVS Read handle Done 
opening NVS Read handle Done 
opening NVS Read handle Done 
opening NVS Read handle Done 
opening NVS Read handle Done 
opening NVS Read handle Done 
Check matching Ssid
9
opening NVS Read handle Done 
opening NVS Read handle Done 
opening NVS Read handle Done 
opening NVS Read handle Done 
opening NVS Read handle Done 
opening NVS Read handle Done 
opening NVS Read handle Done 
opening NVS Read handle Done 
opening NVS Read handle Done 
Check matching Ssid
9
opening NVS Read handle Done 
opening NVS Read handle Done 
opening NVS Read handle Done 
opening NVS Read handle Done 
opening NVS Read handle Done 
opening NVS Read handle Done 
opening NVS Read handle Done 
opening NVS Read handle Done 
opening NVS Read handle Done 
Check matching Ssid
9
opening NVS Read handle Done 
opening NVS Read handle Done 
opening NVS Read handle Done 
opening NVS Read handle Done 
opening NVS Read handle Done 
opening NVS Read handle Done 
opening NVS Read handle Done 
opening NVS Read handle Done 
opening NVS Read handle Done 
opening NVS Read handle Done 
2
return 1
MatchingWIFIScan
E (8695) wifi:NAN WiFi stop
I (8696) wifi:flush txq
I (8698) wifi:stop sw txq
I (8701) wifi:lmac stop hw txq
I (8708) wifi:mode : sta (b8:d6:1a:6a:3d:0c)
I (8709) wifi:enable tsf
[0;32mI (8710) scan: Wifi_init_station finished.[0m
I (10193) wifi:new:<11,0>, old:<1,0>, ap:<255,255>, sta:<11,0>, prof:1, snd_ch_cfg:0x0
I (10195) wifi:state: init -> auth (0xb0)
I (10198) wifi:state: auth -> init (0x8a0)
I (10199) wifi:new:<11,0>, old:<11,0>, ap:<255,255>, sta:<11,0>, prof:1, snd_ch_cfg:0x0
[0;32mI (10209) scan: retry to connect to the AP[0m
[0;31mE (10210) scan: connect to the AP fail[0m
[0;32mI (12626) scan: retry to connect to the AP[0m
[0;31mE (12627) scan: connect to the AP fail[0m
I (12638) wifi:new:<11,0>, old:<11,0>, ap:<255,255>, sta:<11,0>, prof:1, snd_ch_cfg:0x0
I (12639) wifi:state: init -> auth (0xb0)
I (12655) wifi:state: auth -> assoc (0x0)
I (12675) wifi:state: assoc -> run (0x10)
I (12711) wifi:connected with Tiger, aid = 2, channel 11, BW20, bssid = 5c:18:dd:52:64:69
I (12712) wifi:security: WPA2-PSK, phy: bgn, rssi: -57
I (12714) wifi:pm start, type: 1

I (12717) wifi:dp: 1, bi: 102400, li: 3, scale listen interval from 307200 us to 307200 us
I (12738) wifi:AP's beacon interval = 102400 us, DTIM period = 1
I (12745) wifi:<ba-add>idx:0 (ifx:0, 5c:18:dd:52:64:69), tid:7, ssn:0, winSize:64
[0;32mI (13729) esp_netif_handlers: sta ip: 192.168.100.87, mask: 255.255.255.0, gw: 192.168.100.1[0m
[0;32mI (13730) scan: Connected to ap SSID:Tiger password:thanhTRI1972[0m
Connect OK_WIFICONECT
I (13754) wifi:<ba-add>idx:1 (ifx:0, 5c:18:dd:52:64:69), tid:6, ssn:2, winSize:64
I (13768) wifi:<ba-del>idx:1, tid:6
I (13770) wifi:<ba-add>idx:1 (ifx:0, 5c:18:dd:52:64:69), tid:0, ssn:0, winSize:64
Send energy
Send energy
Send energy
Send energy
Send energy
Send energy
Send energy
Send energy
Send energy
Send energy
Send energy
Send energy
Send energy
Send energy
Send energy
Send energy
Pressing
NVS namespace 'Num_ssid_nvs' erased successfully.
Releasing
Send energy
Send energy
Send energy
Send energy
Send energy
Send energy
Send energy
Send energy
Send energy
Send energy
Send energy
Send energy
Pressing
NVS namespace 'Num_ssid_nvs' erased successfully.
Send energy
Releasing
Send energy
Send energy
Send energy
Send energy
Send energy
Send energy
Send energy
Send energy
Send energy
Send energy
Send energy
Send energy
Send energy
Send energy
Send energy
