:0x13 (SPI_Fë‹¹esp32: SPI Mode       : DIO[0m
[0;32mI (49) boot.esp32: SPI Flash Size : 4MB[0m
[0;32ï¿½ets Jul 29 2019 12:21:46

rst:0x1 (POWERON_RESET),boot:0x13 (SPI_FAST_FLASH_BOOT)
configsip: 0, SPIWP:0xee
clk_drv:0x00,q_drv:0x00,d_drv:0x00,cs0_drv:0x00,hd_drv:0x00,wp_drv:0x00
mode:DIO, clock div:2
load:0x3fff0030,len:7176
load:0x40078000,len:15564
ho 0 tail 12 room 4
load:0x40080400,len:4
load:0x40080404,len:3904
entry 0x40080640
[0;32mI (31) boot: ESP-IDF v5.3.1-dirty 2nd stage bootloader[0m
[0;32mI (31) boot: compile time Jan  3 2025 20:09:16[0m
[0;32mI (31) boot: Multicore bootloader[0m
[0;32mI (36) boot: chip revision: v3.0[0m
[0;32mI (40) boot.esp32: SPI Speed      : 40MHz[0m
[0;32mI (44) boot.esp32: SPI Mode       : DIO[0m
[0;32mI (49) boot.esp32: SPI Flash Size : 4MB[0m
[0;32mI (53) boot: Enabling RNG early entropy source...[0m
[0;32mI (59) boot: Partition Table:[0m
[0;32mI (62) boot: ## Label            Usage          Type ST Offset   Length[0m
[0;32mI (70) boot:  0 nvs              WiFi data        01 02 00009000 00006000[0m
[0;32mI (77) boot:  1 phy_init         RF data          01 01 0000f000 00001000[0m
[0;32mI (85) boot:  2 factory          factory app      00 00 00010000 00100000[0m
[0;32mI (92) boot: End of partition table[0m
[0;32mI (96) esp_image: segment 0: paddr=00010020 vaddr=3f400020 size=29dc8h (171464) map[0m
[0;32mI (164) esp_image: segment 1: paddr=00039df0 vaddr=3ffb0000 size=03f98h ( 16280) load[0m
[0;32mI (170) esp_image: segment 2: paddr=0003dd90 vaddr=40080000 size=02288h (  8840) load[0m
[0;32mI (174) esp_image: segment 3: paddr=00040020 vaddr=400d0020 size=b4764h (739172) map[0m
[0;32mI (431) esp_image: segment 4: paddr=000f478c vaddr=40082288 size=170b0h ( 94384) load[0m
[0;32mI (481) boot: Loaded app from partition at offset 0x10000[0m
[0;32mI (481) boot: Disabling RNG early entropy source...[0m
[0;32mI (493) cpu_start: Multicore app[0m
[0;32mI (501) cpu_start: Pro cpu start user code[0m
[0;32mI (501) cpu_start: cpu freq: 160000000 Hz[0m
[0;32mI (501) app_init: Application information:[0m
[0;32mI (504) app_init: Project name:     Measure_Power_AC[0m
[0;32mI (510) app_init: App version:      6cc6703-dirty[0m
[0;32mI (515) app_init: Compile time:     Jan  3 2025 20:09:10[0m
[0;32mI (521) app_init: ELF file SHA256:  749bb7be5...[0m
[0;32mI (527) app_init: ESP-IDF:          v5.3.1-dirty[0m
[0;32mI (532) efuse_init: Min chip rev:     v0.0[0m
[0;32mI (537) efuse_init: Max chip rev:     v3.99 [0m
[0;32mI (542) efuse_init: Chip rev:         v3.0[0m
[0;32mI (547) heap_init: Initializing. RAM available for dynamic allocation:[0m
[0;32mI (554) heap_init: At 3FFAE6E0 len 00001920 (6 KiB): DRAM[0m
[0;32mI (560) heap_init: At 3FFB9A48 len 000265B8 (153 KiB): DRAM[0m
[0;32mI (566) heap_init: At 3FFE0440 len 00003AE0 (14 KiB): D/IRAM[0m
[0;32mI (572) heap_init: At 3FFE4350 len 0001BCB0 (111 KiB): D/IRAM[0m
[0;32mI (579) heap_init: At 40099338 len 00006CC8 (27 KiB): IRAM[0m
[0;32mI (587) spi_flash: detected chip: generic[0m
[0;32mI (590) spi_flash: flash io: dio[0m
[0;33mW (594) i2c: This driver is an old driver, please migrate your application code to adapt `driver/i2c_master.h`[0m
[0;32mI (605) main_task: Started on CPU0[0m
[0;32mI (609) main_task: Calling app_main()[0m
RTC is running. Reading current data...
[0;32mI (645) gpio: GPIO[13]| InputEn: 1| OutputEn: 0| OpenDrain: 0| Pullup: 1| Pulldown: 0| Intr:3 [0m
[0;32mI (646) uart: queue free spaces: 10[0m
[0;32mI (653) main_task: Returned from app_main()[0m
I (655) wifi:wifi driver task: 3ffd8704, prio:23, stack:6656, core=0
I (662) wifi:wifi firmware version: ccaebfa
I (664) wifi:wifi certification version: v7.0
I (668) wifi:config NVS flash: disabled
I (672) wifi:config nano formating: disabled
I (676) wifi:Init data frame dynamic rx buffer num: 32
I (681) wifi:Init static rx mgmt buffer num: 5
I (685) wifi:Init management short buffer num: 32
I (689) wifi:Init dynamic tx buffer num: 32
I (693) wifi:Init static rx buffer size: 1600
I (698) wifi:Init static rx buffer num: 10
I (701) wifi:Init dynamic rx buffer num: 32
[0;32mI (706) wifi_init: rx ba win: 6[0m
[0;32mI (709) wifi_init: accept mbox: 6[0m
[0;32mI (713) wifi_init: tcpip mbox: 32[0m
[0;32mI (717) wifi_init: udp mbox: 6[0m
[0;32mI (721) wifi_init: tcp mbox: 6[0m
[0;32mI (724) wifi_init: tcp tx win: 5760[0m
[0;32mI (728) wifi_init: tcp rx win: 5760[0m
[0;32mI (733) wifi_init: tcp mss: 1440[0m
[0;32mI (737) wifi_init: WiFi IRAM OP enabled[0m
[0;32mI (741) wifi_init: WiFi RX IRAM OP enabled[0m
[0;32mI (747) phy_init: phy_version 4830,54550f7,Jun 20 2024,14:22:08[0m
I (829) wifi:mode : sta (b8:d6:1a:6a:3d:0c)
I (830) wifi:enable tsf
[0;31mE (837) esp-tls: couldn't get hostname for :demo.thingsboard.io: getaddrinfo() returns 202, addrinfo=0x0[0m
[0;31mE (838) transport_base: Failed to open a new connection: 32769[0m
[0;31mE (844) mqtt_client: Error transport connect[0m
I (889) smartconfig: SC version: V3.0.1
I (5735) wifi:ic_enable_sniffer
I (5737) smartconfig: Start to find channel...
[0;32mI (5737) smartconfig: Scan done[0m
[0;31mE (15850) esp-tls: couldn't get hostname for :demo.thingsboard.io: getaddrinfo() returns 202, addrinfo=0x0[0m
[0;31mE (15850) transport_base: Failed to open a new connection: 32769[0m
[0;31mE (15856) mqtt_client: Error transport connect[0m
[0;31mE (30862) esp-tls: couldn't get hostname for :demo.thingsboard.io: getaddrinfo() returns 202, addrinfo=0x0[0m
[0;31mE (30862) transport_base: Failed to open a new connection: 32769[0m
[0;31mE (30868) mqtt_client: Error transport connect[0m
[0;31mE (45874) esp-tls: couldn't get hostname for :demo.thingsboard.io: getaddrinfo() returns 202, addrinfo=0x0[0m
[0;31mE (45874) transport_base: Failed to open a new connection: 32769[0m
[0;31mE (45880) mqtt_client: Error transport connect[0m
[0;31mE (60885) esp-tls: couldn't get hostname for :demo.thingsboard.io: getaddrinfo() returns 202, addrinfo=0x0[0m
[0;31mE (60886) transport_base: Failed to open a new connection: 32769[0m
[0;31mE (60892) mqtt_client: Error transport connect[0m
[0;31mE (75897) esp-tls: couldn't get hostname for :demo.thingsboard.io: getaddrinfo() returns 202, addrinfo=0x0[0m
[0;31mE (75898) transport_base: Failed to open a new connection: 32769[0m
[0;31mE (75903) mqtt_client: Error transport connect[0m
I (87042) smartconfig: TYPE: ESPTOUCH
I (87042) smartconfig: Found channel on 11-0. Start to get ssid and password...
[0;32mI (87043) smartconfig: Found channel[0m
[0;31mE (90910) esp-tls: couldn't get hostname for :demo.thingsboard.io: getaddrinfo() returns 202, addrinfo=0x0[0m
[0;31mE (90910) transport_base: Failed to open a new connection: 32769[0m
[0;31mE (90916) mqtt_client: Error transport connect[0m
[0;31mE (105921) esp-tls: couldn't get hostname for :demo.thingsboard.io: getaddrinfo() returns 202, addrinfo=0x0[0m
[0;31mE (105922) transport_base: Failed to open a new connection: 32769[0m
[0;31mE (105928) mqtt_client: Error transport connect[0m
I (106425) smartconfig: F|pswd: 17122003
I (106425) smartconfig: F|ssid: QUOCTHANG
I (106425) wifi:ic_disable_sniffer
[0;32mI (106426) smartconfig: Got SSID and password[0m
[0;32mI (106429) smartconfig: SSID:QUOCTHANG[0m
[0;32mI (106434) smartconfig: PASSWORD:17122003[0m
W (106440) wifi:Password length matches WPA2 standards, authmode threshold changes from OPEN to WPA2
opening NVS Write handle Done 
opening NVS Write handle Done 
Store SSID and password to NVS
I (107929) wifi:new:<11,2>, old:<11,0>, ap:<255,255>, sta:<11,2>, prof:1, snd_ch_cfg:0x0
I (107931) wifi:state: init -> auth (0xb0)
I (107941) wifi:state: auth -> assoc (0x0)
I (107948) wifi:state: assoc -> run (0x10)
I (108147) wifi:connected with QUOCTHANG, aid = 9, channel 11, 40D, bssid = 3e:0a:f3:11:8e:7b
I (108148) wifi:security: WPA2-PSK, phy: bgn, rssi: -41
I (108151) wifi:pm start, type: 1

I (108154) wifi:dp: 1, bi: 102400, li: 3, scale listen interval from 307200 us to 307200 us
I (108201) wifi:AP's beacon interval = 102400 us, DTIM period = 1
I (108253) wifi:<ba-add>idx:0 (ifx:0, 3e:0a:f3:11:8e:7b), tid:0, ssn:4, winSize:64
[0;32mI (109166) esp_netif_handlers: sta ip: 192.168.137.67, mask: 255.255.255.0, gw: 192.168.137.1[0m
[0;32mI (109167) smartconfig: WiFi Connected to ap[0m
[0;32mI (112293) smartconfig: smartconfig over[0m
Send energy
Send energy
Send energy
Send energy
Send energy
Send energy
Send energy
Send energy
Send energy
Send energy
Send energy
Send energy
Send energy
Send energy
Send energy
Send energy
Send energy
Send energy
Send energy
Send energy
Send energy
Send energy
Send energy
Send energy
Send energy
Send energy
Send energy
Send energy
Send energy
Send energy
Send energy
Send energy
Send energy
Send energy
Send energy
Send energy
Send energy
Send energy
Send energy
Send energy
Send energy
Send energy
