46

rst:0xï¿½ë‹¹esp32: SPI Speed      : 40MHz[0m
[0;32mI (46) boot.esp32: SPI Mode       : DIO[0m
[0;32mI (51) boot.esp32: SPI Flash Size : 4MB[0m
[0;32mI (55) boot:ï¿½ets Jul 29 2019 12:21:46

rst:0x1 (POWERON_RESET),boot:0x13 (SPI_FAST_FLASH_BOOT)
configsip: 0, SPIWP:0xee
clk_drv:0x00,q_drv:0x00,d_drv:0x00,cs0_drv:0x00,hd_drv:0x00,wp_drv:0x00
mode:DIO, clock div:2
load:0x3fff0030,len:7116
ho 0 tail 12 room 4
load:0x40078000,len:15624
ho 0 tail 12 room 4
load:0x40080400,len:4
load:0x40080404,len:3876
entry 0x4008064c
[0;32mI (33) boot: ESP-IDF v5.1.5-dirty 2nd stage bootloader[0m
[0;32mI (33) boot: compile time Jan  8 2025 01:05:09[0m
[0;32mI (33) boot: Multicore bootloader[0m
[0;32mI (38) boot: chip revision: v3.0[0m
[0;32mI (42) boot.esp32: SPI Speed      : 40MHz[0m
[0;32mI (46) boot.esp32: SPI Mode       : DIO[0m
[0;32mI (51) boot.esp32: SPI Flash Size : 4MB[0m
[0;32mI (55) boot: Enabling RNG early entropy source...[0m
[0;32mI (61) boot: Partition Table:[0m
[0;32mI (64) boot: ## Label            Usage          Type ST Offset   Length[0m
[0;32mI (72) boot:  0 nvs              WiFi data        01 02 00009000 00006000[0m
[0;32mI (79) boot:  1 phy_init         RF data          01 01 0000f000 00001000[0m
[0;32mI (86) boot:  2 factory          factory app      00 00 00010000 00100000[0m
[0;32mI (94) boot: End of partition table[0m
[0;32mI (98) esp_image: segment 0: paddr=00010020 vaddr=3f400020 size=29c34h (171060) map[0m
[0;32mI (168) esp_image: segment 1: paddr=00039c5c vaddr=3ffb0000 size=03cb8h ( 15544) load[0m
[0;32mI (175) esp_image: segment 2: paddr=0003d91c vaddr=40080000 size=026fch (  9980) load[0m
[0;32mI (179) esp_image: segment 3: paddr=00040020 vaddr=400d0020 size=b6b50h (748368) map[0m
[0;32mI (453) esp_image: segment 4: paddr=000f6b78 vaddr=400826fc size=15d30h ( 89392) load[0m
[0;32mI (502) boot: Loaded app from partition at offset 0x10000[0m
[0;32mI (502) boot: Disabling RNG early entropy source...[0m
[0;32mI (514) cpu_start: Multicore app[0m
[0;32mI (515) cpu_start: Pro cpu up.[0m
[0;32mI (515) cpu_start: Starting app cpu, entry point is 0x40081528[0m
[0;32mI (0) cpu_start: App cpu up.[0m
[0;32mI (532) cpu_start: Pro cpu start user code[0m
[0;32mI (532) cpu_start: cpu freq: 160000000 Hz[0m
[0;32mI (532) cpu_start: Application information:[0m
[0;32mI (537) cpu_start: Project name:     Measure_Power_AC[0m
[0;32mI (543) cpu_start: App version:      4dfe763-dirty[0m
[0;32mI (548) cpu_start: Compile time:     Jan  8 2025 01:04:57[0m
[0;32mI (554) cpu_start: ELF file SHA256:  2528eb8b...[0m
[0;32mI (560) cpu_start: ESP-IDF:          v5.1.5-dirty[0m
[0;32mI (565) cpu_start: Min chip rev:     v0.0[0m
[0;32mI (570) cpu_start: Max chip rev:     v3.99 [0m
[0;32mI (574) cpu_start: Chip rev:         v3.0[0m
[0;32mI (579) heap_init: Initializing. RAM available for dynamic allocation:[0m
[0;32mI (587) heap_init: At 3FFAE6E0 len 00001920 (6 KiB): DRAM[0m
[0;32mI (592) heap_init: At 3FFB96C0 len 00026940 (154 KiB): DRAM[0m
[0;32mI (599) heap_init: At 3FFE0440 len 00003AE0 (14 KiB): D/IRAM[0m
[0;32mI (605) heap_init: At 3FFE4350 len 0001BCB0 (111 KiB): D/IRAM[0m
[0;32mI (611) heap_init: At 4009842C len 00007BD4 (30 KiB): IRAM[0m
[0;32mI (619) spi_flash: detected chip: generic[0m
[0;32mI (622) spi_flash: flash io: dio[0m
[0;32mI (627) app_start: Starting scheduler on CPU0[0m
[0;32mI (631) app_start: Starting scheduler on CPU1[0m
[0;32mI (631) main_task: Started on CPU0[0m
[0;32mI (641) main_task: Calling app_main()[0m
RTC is running. Reading current data...
[0;32mI (679) gpio: GPIO[13]| InputEn: 1| OutputEn: 0| OpenDrain: 0| Pullup: 1| Pulldown: 0| Intr:3 [0m
[0;32mI (680) gpio: GPIO[2]| InputEn: 0| OutputEn: 1| OpenDrain: 0| Pullup: 0| Pulldown: 0| Intr:0 [0m
[0;32mI (691) main_task: Returned from app_main()[0m
[0;32mI (695) wifi:wifi driver task: 3ffda684, prio:23, stack:6656, core=1[0m
[0;32mI (702) wifi:wifi firmware version: bbd58fc31[0m
[0;32mI (704) wifi:wifi certification version: v7.0[0m
[0;32mI (708) wifi:config NVS flash: disabled[0m
[0;32mI (711) wifi:config nano formating: disabled[0m
[0;32mI (716) wifi:Init data frame dynamic rx buffer num: 32[0m
[0;32mI (721) wifi:Init static rx mgmt buffer num: 5[0m
[0;32mI (724) wifi:Init management short buffer num: 32[0m
[0;32mI (729) wifi:Init dynamic tx buffer num: 32[0m
[0;32mI (733) wifi:Init static rx buffer size: 1600[0m
[0;32mI (737) wifi:Init static rx buffer num: 15[0m
[0;32mI (741) wifi:Init dynamic rx buffer num: 32[0m
[0;32mI (746) wifi_init: rx ba win: 6[0m
[0;32mI (748) wifi_init: tcpip mbox: 32[0m
[0;32mI (752) wifi_init: udp mbox: 6[0m
[0;32mI (756) wifi_init: tcp mbox: 6[0m
[0;32mI (760) wifi_init: tcp tx win: 5760[0m
[0;32mI (764) wifi_init: tcp rx win: 5760[0m
[0;32mI (768) wifi_init: tcp mss: 1440[0m
[0;32mI (772) wifi_init: WiFi IRAM OP enabled[0m
[0;32mI (777) wifi_init: WiFi RX IRAM OP enabled[0m
[0;32mI (782) phy_init: phy_version 4840,02e0d70,Sep  2 2024,19:39:07[0m
[0;32mI (866) wifi:mode : sta (b8:d6:1a:6a:3d:0c)[0m
[0;32mI (867) wifi:enable tsf[0m
[1;31mE (871) wifi:NAN WiFi stop[0m
[0;32mI (871) wifi:flush txq[0m
[0;32mI (872) wifi:stop sw txq[0m
[0;32mI (872) wifi:lmac stop hw txq[0m
[0;32mI (875) wifi:mode : sta (b8:d6:1a:6a:3d:0c)[0m
[0;32mI (876) wifi:enable tsf[0m
Starting WiFi Scan Round 1
Starting WiFi Scan Round 2
Starting WiFi Scan Round 3
[0;32mI (8386) scan: SSID 		Tiger[0m
[0;32mI (8386) scan: RSSI 		-47[0m
[0;32mI (8386) scan: Authmode 	WIFI_AUTH_WPA2_PSK[0m
[0;32mI (8388) scan: Pairwise Cipher 	WIFI_CIPHER_TYPE_CCMP[0m
[0;32mI (8393) scan: Group Cipher 	WIFI_CIPHER_TYPE_CCMP[0m
[0;32mI (8399) scan: Channel 		11
[0m
[0;32mI (8402) scan: SSID 		Nhan House[0m
[0;32mI (8406) scan: RSSI 		-57[0m
[0;32mI (8410) scan: Authmode 	WIFI_AUTH_WPA_WPA2_PSK[0m
[0;32mI (8415) scan: Pairwise Cipher 	WIFI_CIPHER_TYPE_TKIP_CCMP[0m
[0;32mI (8421) scan: Group Cipher 	WIFI_CIPHER_TYPE_TKIP[0m
[0;32mI (8426) scan: Channel 		5
[0m
[0;32mI (8430) scan: SSID 		ABCD[0m
[0;32mI (8433) scan: RSSI 		-59[0m
[0;32mI (8437) scan: Authmode 	WIFI_AUTH_WPA_WPA2_PSK[0m
[0;32mI (8442) scan: Pairwise Cipher 	WIFI_CIPHER_TYPE_TKIP_CCMP[0m
[0;32mI (8448) scan: Group Cipher 	WIFI_CIPHER_TYPE_TKIP[0m
[0;32mI (8454) scan: Channel 		11
[0m
[0;32mI (8457) scan: SSID 		ABC[0m
[0;32mI (8460) scan: RSSI 		-62[0m
[0;32mI (8464) scan: Authmode 	WIFI_AUTH_WPA2_PSK[0m
[0;32mI (8469) scan: Pairwise Cipher 	WIFI_CIPHER_TYPE_CCMP[0m
[0;32mI (8474) scan: Group Cipher 	WIFI_CIPHER_TYPE_CCMP[0m
[0;32mI (8480) scan: Channel 		1
[0m
[0;32mI (8483) scan: SSID 		Ngoi Nha Nho[0m
[0;32mI (8487) scan: RSSI 		-66[0m
[0;32mI (8491) scan: Authmode 	WIFI_AUTH_WPA_WPA2_PSK[0m
[0;32mI (8496) scan: Pairwise Cipher 	WIFI_CIPHER_TYPE_TKIP_CCMP[0m
[0;32mI (8502) scan: Group Cipher 	WIFI_CIPHER_TYPE_TKIP[0m
[0;32mI (8508) scan: Channel 		11
[0m
[0;32mI (8511) scan: SSID 		FAFIN[0m
[0;32mI (8515) scan: RSSI 		-82[0m
[0;32mI (8518) scan: Authmode 	WIFI_AUTH_WPA_WPA2_PSK[0m
[0;32mI (8523) scan: Pairwise Cipher 	WIFI_CIPHER_TYPE_CCMP[0m
[0;32mI (8529) scan: Group Cipher 	WIFI_CIPHER_TYPE_CCMP[0m
[0;32mI (8534) scan: Channel 		2
[0m
[0;32mI (8538) scan: SSID 		Gang[0m
[0;32mI (8541) scan: RSSI 		-85[0m
[0;32mI (8545) scan: Authmode 	WIFI_AUTH_WPA_WPA2_PSK[0m
[0;32mI (8550) scan: Pairwise Cipher 	WIFI_CIPHER_TYPE_TKIP_CCMP[0m
[0;32mI (8556) scan: Group Cipher 	WIFI_CIPHER_TYPE_TKIP[0m
[0;32mI (8562) scan: Channel 		2
[0m
[0;32mI (8565) scan: SSID 		DIEM[0m
[0;32mI (8568) scan: RSSI 		-88[0m
[0;32mI (8572) scan: Authmode 	WIFI_AUTH_WPA_WPA2_PSK[0m
[0;32mI (8577) scan: Pairwise Cipher 	WIFI_CIPHER_TYPE_TKIP_CCMP[0m
[0;32mI (8583) scan: Group Cipher 	WIFI_CIPHER_TYPE_TKIP[0m
[0;32mI (8589) scan: Channel 		4
[0m
Check matching Ssid
0
Check matching Ssid
0
Check matching Ssid
0
Check matching Ssid
0
Check matching Ssid
0
Check matching Ssid
0
Check matching Ssid
0
Check matching Ssid
0
Check matching Ssid
0
return -1
[0;32mI (8665) smartconfig: SC version: V3.0.1[0m
Guru Meditation Error: Core  0 panic'ed (LoadProhibited). Exception was unhandled.

Core  0 register dump:
PC      : 0x4008b879  PS      : 0x00060a33  A0      : 0x8008c56d  A1      : 0x3ffd5bd0  
A2      : 0x0000001e  A3      : 0xffffffff  A4      : 0x0000cdcd  A5      : 0x00060a23  
A6      : 0x3ffb267c  A7      : 0xff000000  A8      : 0x8008dc7d  A9      : 0x3ffd5bd0  
A10     : 0x00000003  A11     : 0x00060a23  A12     : 0x00060a20  A13     : 0x40131f84  
A14     : 0x3ffb267c  A15     : 0x00000000  SAR     : 0x0000001a  EXCCAUSE: 0x0000001c  
EXCVADDR: 0x0000001e  LBEG    : 0x4000c2e0  LEND    : 0x4000c2f6  LCOUNT  : 0xffffffff  


Backtrace: 0x4008b876:0x3ffd5bd0 0x4008c56a:0x3ffd5c00 0x400d9391:0x3ffd5c30 0x400d8a44:0x3ffd5c60 0x400d8bce:0x3ffd5c80 0x4008b749:0x3ffd5cb0




ELF file SHA256: 2528eb8b

Rebooting...
ets Jul 29 2019 12:21:46

rst:0xc (SW_CPU_RESET),boot:0x13 (SPI_FAST_FLASH_BOOT)
configsip: 0, SPIWP:0xee
clk_drv:0x00,q_drv:0x00,d_drv:0x00,cs0_drv:0x00,hd_drv:0x00,wp_drv:0x00
mode:DIO, clock div:2
load:0x3fff0030,len:7116
ho 0 tail 12 room 4
load:0x40078000,len:15624
ho 0 tail 12 room 4
load:0x40080400,len:4
load:0x40080404,len:3876
entry 0x4008064c
[0;32mI (32) boot: ESP-IDF v5.1.5-dirty 2nd stage bootloader[0m
[0;32mI (33) boot: compile time Jan  8 2025 01:05:09[0m
[0;32mI (33) boot: Multicore bootloader[0m
[0;32mI (38) boot: chip revision: v3.0[0m
[0;32mI (41) boot.esp32: SPI Speed      : 40MHz[0m
[0;32mI (46) boot.esp32: SPI Mode       : DIO[0m
[0;32mI (51) boot.esp32: SPI Flash Size : 4MB[0m
[0;32mI (55) boot: Enabling RNG early entropy source...[0m
[0;32mI (61) boot: Partition Table:[0m
[0;32mI (64) boot: ## Label            Usage          Type ST Offset   Length[0m
[0;32mI (71) boot:  0 nvs              WiFi data        01 02 00009000 00006000[0m
[0;32mI (79) boot:  1 phy_init         RF data          01 01 0000f000 00001000[0m
[0;32mI (86) boot:  2 factory          factory app      00 00 00010000 00100000[0m
[0;32mI (94) boot: End of partition table[0m
[0;32mI (98) esp_image: segment 0: paddr=00010020 vaddr=3f400020 size=29c34h (171060) map[0m
[0;32mI (168) esp_image: segment 1: paddr=00039c5c vaddr=3ffb0000 size=03cb8h ( 15544) load[0m
[0;32mI (175) esp_image: segment 2: paddr=0003d91c vaddr=40080000 size=026fch (  9980) load[0m
[0;32mI (179) esp_image: segment 3: paddr=00040020 vaddr=400d0020 size=b6b50h (748368) map[0m
[0;32mI (453) esp_image: segment 4: paddr=000f6b78 vaddr=400826fc size=15d30h ( 89392) load[0m
