sip: 0, SPIWï¿½Hhï¿½Úšï¿½j%ï¿½(49) boot.esp32: SPI Flash Size : 4MB[0m
[0;32mI (53) boot: Enabling ï¿½ets Jul 29 2019 12:21:46

rst:0x1 (POWERON_RESET),boot:0x13 (SPI_FAST_FLASH_BOOT)
configsip: 0, SPIWP:0xee
clk_drv:0x00,q_drv:0x00,d_drv:0x00,cs0_drv:0x00,hd_drv:0x00,wp_drv:0x00
mode:DIO, clock div:2
load:0x3fff0030,len:7176
load:0x40078000,len:15564
ho 0 tail 12 room 4
load:0x40080400,len:4
load:0x40080404,len:3904
entry 0x40080640
[0;32mI (31) boot: ESP-IDF v5.3.1-dirty 2nd stage bootloader[0m
[0;32mI (31) boot: compile time Jan  3 2025 20:09:16[0m
[0;32mI (31) boot: Multicore bootloader[0m
[0;32mI (36) boot: chip revision: v3.0[0m
[0;32mI (40) boot.esp32: SPI Speed      : 40MHz[0m
[0;32mI (44) boot.esp32: SPI Mode       : DIO[0m
[0;32mI (49) boot.esp32: SPI Flash Size : 4MB[0m
[0;32mI (53) boot: Enabling RNG early entropy source...[0m
[0;32mI (59) boot: Partition Table:[0m
[0;32mI (62) boot: ## Label            Usage          Type ST Offset   Length[0m
[0;32mI (70) boot:  0 nvs              WiFi data        01 02 00009000 00006000[0m
[0;32mI (77) boot:  1 phy_init         RF data          01 01 0000f000 00001000[0m
[0;32mI (85) boot:  2 factory          factory app      00 00 00010000 00100000[0m
[0;32mI (92) boot: End of partition table[0m
[0;32mI (96) esp_image: segment 0: paddr=00010020 vaddr=3f400020 size=2a1d0h (172496) map[0m
[0;32mI (164) esp_image: segment 1: paddr=0003a1f8 vaddr=3ffb0000 size=03f98h ( 16280) load[0m
[0;32mI (170) esp_image: segment 2: paddr=0003e198 vaddr=40080000 size=01e80h (  7808) load[0m
[0;32mI (174) esp_image: segment 3: paddr=00040020 vaddr=400d0020 size=b529ch (742044) map[0m
[0;32mI (432) esp_image: segment 4: paddr=000f52c4 vaddr=40081e80 size=1753ch ( 95548) load[0m
[0;32mI (483) boot: Loaded app from partition at offset 0x10000[0m
[0;32mI (483) boot: Disabling RNG early entropy source...[0m
[0;32mI (495) cpu_start: Multicore app[0m
[0;32mI (503) cpu_start: Pro cpu start user code[0m
[0;32mI (503) cpu_start: cpu freq: 160000000 Hz[0m
[0;32mI (503) app_init: Application information:[0m
[0;32mI (506) app_init: Project name:     Measure_Power_AC[0m
[0;32mI (512) app_init: App version:      6cc6703-dirty[0m
[0;32mI (517) app_init: Compile time:     Jan  3 2025 23:33:51[0m
[0;32mI (523) app_init: ELF file SHA256:  30e54b129...[0m
[0;32mI (528) app_init: ESP-IDF:          v5.3.1-dirty[0m
[0;32mI (534) efuse_init: Min chip rev:     v0.0[0m
[0;32mI (538) efuse_init: Max chip rev:     v3.99 [0m
[0;32mI (543) efuse_init: Chip rev:         v3.0[0m
[0;32mI (549) heap_init: Initializing. RAM available for dynamic allocation:[0m
[0;32mI (556) heap_init: At 3FFAE6E0 len 00001920 (6 KiB): DRAM[0m
[0;32mI (562) heap_init: At 3FFB9B50 len 000264B0 (153 KiB): DRAM[0m
[0;32mI (568) heap_init: At 3FFE0440 len 00003AE0 (14 KiB): D/IRAM[0m
[0;32mI (574) heap_init: At 3FFE4350 len 0001BCB0 (111 KiB): D/IRAM[0m
[0;32mI (581) heap_init: At 400993BC len 00006C44 (27 KiB): IRAM[0m
[0;32mI (588) spi_flash: detected chip: generic[0m
[0;32mI (591) spi_flash: flash io: dio[0m
[0;33mW (595) i2c: This driver is an old driver, please migrate your application code to adapt `driver/i2c_master.h`[0m
[0;32mI (607) main_task: Started on CPU0[0m
[0;32mI (611) main_task: Calling app_main()[0m
RTC is running. Reading current data...
[0;32mI (648) gpio: GPIO[13]| InputEn: 1| OutputEn: 0| OpenDrain: 0| Pullup: 1| Pulldown: 0| Intr:3 [0m
[0;32mI (649) gpio: GPIO[2]| InputEn: 0| OutputEn: 1| OpenDrain: 0| Pullup: 0| Pulldown: 0| Intr:0 [0m
[0;32mI (658) uart: queue free spaces: 10[0m
Guru Meditation Error: Core  1 panic'ed (LoadProhibited). Exception was unhandled.

Core  1 register dump:
PC      : 0x4018155e  PS      : 0x00060a30  A0      : 0x801816ed  A1      : 0x3ffc9b60  
A2      : 0x3ffd8e40  A3      : 0x00000005  A4      : 0x400edd04  A5      : 0x00000000  
A6      : 0x3f403d30  A7      : 0x3ffd8e40  A8      : 0x00000a64  A9      : 0x6e756f43  
A10     : 0x00000000  A11     : 0xffffffff  A12     : 0x00060a20  A13     : 0x00060a23  
A14     : 0x00000001  A15     : 0x0000abab  SAR     : 0x0000001a  EXCCAUSE: 0x0000001c  
EXCVADDR: 0x00000a64  LBEG    : 0x4000c2e0  LEND    : 0x4000c2f6  LCOUNT  : 0xffffffff  


Backtrace: 0x4018155b:0x3ffc9b60 0x401816ea:0x3ffc9b90 0x40181d07:0x3ffc9bc0 0x40181d2e:0x3ffc9c00 0x40181319:0x3ffc9c30 0x400ede4e:0x3ffc9c50 0x400edf3f:0x3ffc9c70 0x400edf9c:0x3ffc9c90 0x400dbcd4:0x3ffc9cc0 0x400db4af:0x3ffc9dc0 0x4008b815:0x3ffc9df0




ELF file SHA256: 30e54b129

Rebooting...
ets Jul 29 2019 12:21:46

rst:0xc (SW_CPU_RESET),boot:0x13 (SPI_FAST_FLASH_BOOT)
configsip: 0, SPIWP:0xee
clk_drv:0x00,q_drv:0x00,d_drv:0x00,cs0_drv:0x00,hd_drv:0x00,wp_drv:0x00
mode:DIO, clock div:2
load:0x3fff0030,len:7176
load:0x40078000,len:15564
ho 0 tail 12 room 4
load:0x40080400,len:4
load:0x40080404,len:3904
entry 0x40080640
[0;32mI (31) boot: ESP-IDF v5.3.1-dirty 2nd stage bootloader[0m
[0;32mI (31) boot: compile time Jan  3 2025 20:09:16[0m
[0;32mI (31) boot: Multicore bootloader[0m
[0;32mI (36) boot: chip revision: v3.0[0m
[0;32mI (40) boot.esp32: SPI Speed      : 40MHz[0m
[0;32mI (44) boot.esp32: SPI Mode       : DIO[0m
[0;32mI (49) boot.esp32: SPI Flash Size : 4MB[0m
[0;32mI (53) boot: Enabling RNG early entropy source...[0m
[0;32mI (59) boot: Partition Table:[0m
[0;32mI (62) boot: ## Label            Usage          Type ST Offset   Length[0m
[0;32mI (70) boot:  0 nvs              WiFi data        01 02 00009000 00006000[0m
[0;32mI (77) boot:  1 phy_init         RF data          01 01 0000f000 00001000[0m
[0;32mI (85) boot:  2 factory          factory app      00 00 00010000 00100000[0m
[0;32mI (92) boot: End of partition table[0m
[0;32mI (96) esp_image: segment 0: paddr=00010020 vaddr=3f400020 size=2a1d0h (172496) map[0m
[0;32mI (164) esp_image: segment 1: paddr=0003a1f8 vaddr=3ffb0000 size=03f98h ( 16280) load[0m
[0;32mI (170) esp_image: segment 2: paddr=0003e198 vaddr=40080000 size=01e80h (  7808) load[0m
[0;32mI (173) esp_image: segment 3: paddr=00040020 vaddr=400d0020 size=b529ch (742044) map[0m
[0;32mI (432) esp_image: segment 4: paddr=000f52c4 vaddr=40081e80 size=1753ch ( 95548) load[0m
[0;32mI (483) boot: Loaded app from partition at offset 0x10000[0m
[0;32mI (483) boot: Disabling RNG early entropy source...[0m
[0;32mI (495) cpu_start: Multicore app[0m
[0;32mI (503) cpu_start: Pro cpu start user code[0m
[0;32mI (503) cpu_start: cpu freq: 160000000 Hz[0m
[0;32mI (503) app_init: Application information:[0m
[0;32mI (506) app_init: Project name:     Measure_Power_AC[0m
[0;32mI (512) app_init: App version:      6cc6703-dirty[0m
[0;32mI (517) app_init: Compile time:     Jan  3 2025 23:33:51[0m
[0;32mI (523) app_init: ELF file SHA256:  30e54b129...[0m
[0;32mI (528) app_init: ESP-IDF:          v5.3.1-dirty[0m
[0;32mI (534) efuse_init: Min chip rev:     v0.0[0m
[0;32mI (538) efuse_init: Max chip rev:     v3.99 [0m
[0;32mI (543) efuse_init: Chip rev:         v3.0[0m
[0;32mI (548) heap_init: Initializing. RAM available for dynamic allocation:[0m
[0;32mI (555) heap_init: At 3FFAE6E0 len 00001920 (6 KiB): DRAM[0m
[0;32mI (561) heap_init: At 3FFB9B50 len 000264B0 (153 KiB): DRAM[0m
[0;32mI (568) heap_init: At 3FFE0440 len 00003AE0 (14 KiB): D/IRAM[0m
[0;32mI (574) heap_init: At 3FFE4350 len 0001BCB0 (111 KiB): D/IRAM[0m
[0;32mI (580) heap_init: At 400993BC len 00006C44 (27 KiB): IRAM[0m
[0;32mI (588) spi_flash: detected chip: generic[0m
[0;32mI (591) spi_flash: flash io: dio[0m
[0;33mW (595) i2c: This driver is an old driver, please migrate your application code to adapt `driver/i2c_master.h`[0m
[0;32mI (607) main_task: Started on CPU0[0m
[0;32mI (611) main_task: Calling app_main()[0m
RTC is running. Reading current data...
[0;32mI (648) gpio: GPIO[13]| InputEn: 1| OutputEn: 0| OpenDrain: 0| Pullup: 1| Pulldown: 0| Intr:3 [0m
[0;32mI (649) gpio: GPIO[2]| InputEn: 0| OutputEn: 1| OpenDrain: 0| Pullup: 0| Pulldown: 0| Intr:0 [0m
[0;32mI (658) uart: queue free spaces: 10[0m
Count: 1
[0;32mI (667) main_task: Returned from app_main()[0m
I (669) wifi:wifi driver task: 3ffdc8f0, prio:23, stack:6656, core=1
I (676) wifi:wifi firmware version: ccaebfa
I (678) wifi:wifi certification version: v7.0
I (682) wifi:config NVS flash: disabled
I (685) wifi:config nano formating: disabled
I (690) wifi:Init data frame dynamic rx buffer num: 32
I (695) wifi:Init static rx mgmt buffer num: 5
I (698) wifi:Init management short buffer num: 32
I (703) wifi:Init dynamic tx buffer num: 32
I (707) wifi:Init static rx buffer size: 1600
I (711) wifi:Init static rx buffer num: 15
I (715) wifi:Init dynamic rx buffer num: 32
[0;32mI (720) wifi_init: rx ba win: 6[0m
[0;32mI (722) wifi_init: accept mbox: 6[0m
[0;32mI (726) wifi_init: tcpip mbox: 32[0m
[0;32mI (730) wifi_init: udp mbox: 6[0m
[0;32mI (734) wifi_init: tcp mbox: 6[0m
[0;32mI (738) wifi_init: tcp tx win: 5760[0m
[0;32mI (742) wifi_init: tcp rx win: 5760[0m
[0;32mI (746) wifi_init: tcp mss: 1440[0m
[0;32mI (750) wifi_init: WiFi IRAM OP enabled[0m
[0;32mI (755) wifi_init: WiFi RX IRAM OP enabled[0m
[0;32mI (760) phy_init: phy_version 4830,54550f7,Jun 20 2024,14:22:08[0m
Count: 2
I (843) wifi:mode : sta (b8:d6:1a:6a:3d:0c)
I (844) wifi:enable tsf
E (848) wifi:NAN WiFi stop
I (848) wifi:flush txq
I (849) wifi:stop sw txq
I (849) wifi:lmac stop hw txq
I (852) wifi:mode : sta (b8:d6:1a:6a:3d:0c)
I (853) wifi:enable tsf
Count: 3
Count: 4
Count: 5
