0x13 (SPI_FÑ¹esp32: SPI Mode       : DIO[0m
[0;32mI (49) boot.esp32: SPI Flash Size : 4MB[0m
[0;32ï¿½ets Jul 29 2019 12:21:46

rst:0x1 (POWERON_RESET),boot:0x13 (SPI_FAST_FLASH_BOOT)
configsip: 0, SPIWP:0xee
clk_drv:0x00,q_drv:0x00,d_drv:0x00,cs0_drv:0x00,hd_drv:0x00,wp_drv:0x00
mode:DIO, clock div:2
load:0x3fff0030,len:7176
load:0x40078000,len:15564
ho 0 tail 12 room 4
load:0x40080400,len:4
load:0x40080404,len:3904
entry 0x40080640
[0;32mI (31) boot: ESP-IDF v5.3.1-dirty 2nd stage bootloader[0m
[0;32mI (31) boot: compile time Jan  3 2025 20:09:16[0m
[0;32mI (31) boot: Multicore bootloader[0m
[0;32mI (36) boot: chip revision: v3.0[0m
[0;32mI (40) boot.esp32: SPI Speed      : 40MHz[0m
[0;32mI (44) boot.esp32: SPI Mode       : DIO[0m
[0;32mI (49) boot.esp32: SPI Flash Size : 4MB[0m
[0;32mI (53) boot: Enabling RNG early entropy source...[0m
[0;32mI (59) boot: Partition Table:[0m
[0;32mI (62) boot: ## Label            Usage          Type ST Offset   Length[0m
[0;32mI (70) boot:  0 nvs              WiFi data        01 02 00009000 00006000[0m
[0;32mI (77) boot:  1 phy_init         RF data          01 01 0000f000 00001000[0m
[0;32mI (85) boot:  2 factory          factory app      00 00 00010000 00100000[0m
[0;32mI (92) boot: End of partition table[0m
[0;32mI (96) esp_image: segment 0: paddr=00010020 vaddr=3f400020 size=0bfd8h ( 49112) map[0m
[0;32mI (122) esp_image: segment 1: paddr=0001c000 vaddr=3ffb0000 size=0249ch (  9372) load[0m
[0;32mI (125) esp_image: segment 2: paddr=0001e4a4 vaddr=40080000 size=01b74h (  7028) load[0m
[0;32mI (130) esp_image: segment 3: paddr=00020020 vaddr=400d0020 size=1bcb0h (113840) map[0m
[0;32mI (175) esp_image: segment 4: paddr=0003bcd8 vaddr=40081b74 size=0dfe4h ( 57316) load[0m
[0;32mI (205) boot: Loaded app from partition at offset 0x10000[0m
[0;32mI (206) boot: Disabling RNG early entropy source...[0m
[0;32mI (217) cpu_start: Multicore app[0m
[0;32mI (226) cpu_start: Pro cpu start user code[0m
[0;32mI (226) cpu_start: cpu freq: 160000000 Hz[0m
[0;32mI (226) app_init: Application information:[0m
[0;32mI (229) app_init: Project name:     Measure_Power_AC[0m
[0;32mI (234) app_init: App version:      6cc6703-dirty[0m
[0;32mI (240) app_init: Compile time:     Jan  3 2025 23:33:51[0m
[0;32mI (246) app_init: ELF file SHA256:  9390e8d0b...[0m
[0;32mI (251) app_init: ESP-IDF:          v5.3.1-dirty[0m
[0;32mI (256) efuse_init: Min chip rev:     v0.0[0m
[0;32mI (261) efuse_init: Max chip rev:     v3.99 [0m
[0;32mI (266) efuse_init: Chip rev:         v3.0[0m
[0;32mI (271) heap_init: Initializing. RAM available for dynamic allocation:[0m
[0;32mI (278) heap_init: At 3FFAE6E0 len 00001920 (6 KiB): DRAM[0m
[0;32mI (284) heap_init: At 3FFB39F8 len 0002C608 (177 KiB): DRAM[0m
[0;32mI (290) heap_init: At 3FFE0440 len 00003AE0 (14 KiB): D/IRAM[0m
[0;32mI (297) heap_init: At 3FFE4350 len 0001BCB0 (111 KiB): D/IRAM[0m
[0;32mI (303) heap_init: At 4008FB58 len 000104A8 (65 KiB): IRAM[0m
[0;32mI (311) spi_flash: detected chip: generic[0m
[0;32mI (314) spi_flash: flash io: dio[0m
[0;33mW (318) i2c: This driver is an old driver, please migrate your application code to adapt `driver/i2c_master.h`[0m
[0;32mI (330) main_task: Started on CPU0[0m
[0;32mI (334) main_task: Calling app_main()[0m
RTC is running. Reading current data...
[0;32mI (372) gpio: GPIO[13]| InputEn: 1| OutputEn: 0| OpenDrain: 0| Pullup: 1| Pulldown: 0| Intr:3 [0m
[0;32mI (373) gpio: GPIO[2]| InputEn: 0| OutputEn: 1| OpenDrain: 0| Pullup: 0| Pulldown: 0| Intr:0 [0m
[0;32mI (382) uart: queue free spaces: 10[0m
Count: 0
[0;32mI (387) main_task: Returned from app_main()[0m
Count: 100
Count: 200
Count: 300
Count: 400
Count: 500
Count: 600
Count: 700
Count: 800
Count: 900
Count: 1000
Count: 1100
Count: 1200
Count: 1300
Count: 1400
Count: 1500
Count: 1600
Count: 1700
Count: 1800
Count: 1900
Count: 2000
Count: 2100
Count: 2200
Count: 2300
Count: 2400
Count: 2500
Count: 2600
Count: 2700
Count: 2800
Count: 2900
Count: 3000
Count: 3100
Count: 3200
Count: 3300
Count: 3400
Count: 3500
Count: 3600
Count: 3700
Count: 3800
Count: 3900
Count: 4000
Count: 4100
Count: 4200
Count: 4300
Count: 4400
Count: 4500
Count: 4600
Count: 4700
Count: 4800
Count: 4900
Count: 5000
Count: 5100
Count: 5200
Count: 5300
Count: 5400
Count: 5500
Count: 5600
Count: 5700
Count: 5800
Count: 5900
Count: 6000
Count: 6100
Count: 6200
Count: 6300
Count: 6400
Count: 6500
Count: 6600
Count: 6700
Count: 6800
Count: 6900
Count: 7000
Count: 7100
Count: 7200
Count: 7300
Count: 7400
Count: 7500
Count: 7600
Count: 7700
Count: 7800
Count: 7900
Count: 8000
Count: 8100
Count: 8200
Count: 8300
Count: 8400
Count: 8500
Count: 8600
Count: 8700
Count: 8800
Count: 8900
Count: 9000
Count: 9100
Count: 9200
Count: 9300
Count: 9400
Count: 9500
Count: 9600
Count: 9700
Count: 9800
Count: 9900
Count: 10000
Count: 10100
Count: 10200
Count: 10300
Count: 10400
Count: 10500
Count: 10600
Count: 10700
Count: 10800
Count: 10900
Count: 11000
Count: 11100
Count: 11200
Count: 11300
Count: 11400
Count: 11500
Count: 11600
Count: 11700
Count: 11800
Count: 11900
Count: 12000
Count: 12100
Count: 12200
Count: 12300
Count: 12400
Count: 12500
Count: 12600
Count: 12700
Count: 12800
Count: 12900
Count: 13000
Count: 13100
Count: 13200
Count: 13300
Count: 13400
Count: 13500
Count: 13600
Count: 13700
Count: 13800
Count: 13900
Count: 14000
Count: 14100
Count: 14200
Count: 14300
Count: 14400
Count: 14500
Count: 14600
Count: 14700
Count: 14800
Count: 14900
Count: 15000
Count: 15100
Count: 15200
Count: 15300
Count: 15400
Count: 15500
Count: 15600
Count: 15700
Count: 15800
Count: 15900
Count: 16000
Count: 16100
Count: 16200
Count: 16300
Count: 16400
Count: 16500
Count: 16600
Count: 16700
Count: 16800
Count: 16900
Count: 17000
Count: 17100
Count: 17200
Count: 17300
Count: 17400
Count: 17500
Count: 17600
Count: 17700
Count: 17800
Count: 17900
Count: 18000
Count: 18100
Count: 18200
Count: 18300
Count: 18400
Count: 18500
Count: 18600
Count: 18700
Count: 18800
Count: 18900
Count: 19000
Count: 19100
Count: 19200
Count: 19300
Count: 19400
Count: 19500
Count: 19600
Count: 19700
Count: 19800
Count: 19900
Count: 20000
Count: 20100
Count: 20200
Count: 20300
Count: 20400
Count: 20500
Count: 20600
Count: 20700
Count: 20800
Count: 20900
Count: 21000
Count: 21100
Count: 21200
Count: 21300
Count: 21400
Count: 21500
Count: 21600
Count: 21700
Count: 21800
Count: 21900
Count: 22000
Count: 22100
Count: 22200
Count: 22300
Count: 22400
Count: 22500
Count: 22600
Count: 22700
Count: 22800
Count: 22900
Count: 23000
Count: 23100
Count: 23200
Count: 23300
Count: 23400
Count: 23500
Count: 23600
Count: 23700
Count: 23800
Count: 23900
Count: 24000
Count: 24100
Count: 24200
Count: 24300
Count: 24400
Count: 24500
Count: 24600
