Hï¿½ë‹±ï¿½ï¿½ï¿½ï¿½ï¿½m[0m
[ï¿½ets Jul 29 2019 12:21:46

rst:0x1 (POWERON_RESET),boot:0x13 (SPI_FAST_FLASH_BOOT)
configsip: 0, SPIWP:0xee
clk_drv:0x00,q_drv:0x00,d_drv:0x00,cs0_drv:0x00,hd_drv:0x00,wp_drv:0x00
mode:DIO, clock div:2
load:0x3fff0030,len:7172
load:0x40078000,len:15540
load:0x40080400,len:4
ho 8 tail 4 room 4
load:0x40080404,len:3904
entry 0x40080640
[0;32mI (31) boot: ESP-IDF v5.2.2-dirty 2nd stage bootloader[0m
[0;32mI (31) boot: compile time Dec  4 2024 01:03:04[0m
[0;32mI (31) boot: Multicore bootloader[0m
[0;32mI (36) boot: chip revision: v3.0[0m
[0;32mI (40) boot.esp32: SPI Speed      : 40MHz[0m
[0;32mI (44) boot.esp32: SPI Mode       : DIO[0m
[0;32mI (49) boot.esp32: SPI Flash Size : 4MB[0m
[0;32mI (53) boot: Enabling RNG early entropy source...[0m
[0;32mI (59) boot: Partition Table:[0m
[0;32mI (62) boot: ## Label            Usage          Type ST Offset   Length[0m
[0;32mI (70) boot:  0 nvs              WiFi data        01 02 00009000 00006000[0m
[0;32mI (77) boot:  1 phy_init         RF data          01 01 0000f000 00001000[0m
[0;32mI (85) boot:  2 factory          factory app      00 00 00010000 00100000[0m
[0;32mI (92) boot: End of partition table[0m
[0;32mI (96) esp_image: segment 0: paddr=00010020 vaddr=3f400020 size=273a8h (160680) map[0m
[0;32mI (160) esp_image: segment 1: paddr=000373d0 vaddr=3ffb0000 size=03bb4h ( 15284) load[0m
[0;32mI (166) esp_image: segment 2: paddr=0003af8c vaddr=40080000 size=0508ch ( 20620) load[0m
[0;32mI (174) esp_image: segment 3: paddr=00040020 vaddr=400d0020 size=ae5c0h (714176) map[0m
[0;32mI (419) esp_image: segment 4: paddr=000ee5e8 vaddr=4008508c size=119f0h ( 72176) load[0m
[0;32mI (459) boot: Loaded app from partition at offset 0x10000[0m
[0;32mI (459) boot: Disabling RNG early entropy source...[0m
[0;32mI (470) cpu_start: Multicore app[0m
[0;32mI (479) cpu_start: Pro cpu start user code[0m
[0;32mI (479) cpu_start: cpu freq: 160000000 Hz[0m
[0;32mI (479) cpu_start: Application information:[0m
[0;32mI (482) cpu_start: Project name:     Measure_Power_AC[0m
[0;32mI (488) cpu_start: App version:      e92003d-dirty[0m
[0;32mI (494) cpu_start: Compile time:     Dec  4 2024 01:02:53[0m
[0;32mI (500) cpu_start: ELF file SHA256:  ca5f2a31d...[0m
[0;32mI (505) cpu_start: ESP-IDF:          v5.2.2-dirty[0m
[0;32mI (510) cpu_start: Min chip rev:     v0.0[0m
[0;32mI (515) cpu_start: Max chip rev:     v3.99 [0m
[0;32mI (520) cpu_start: Chip rev:         v3.0[0m
[0;32mI (525) heap_init: Initializing. RAM available for dynamic allocation:[0m
[0;32mI (532) heap_init: At 3FFAE6E0 len 00001920 (6 KiB): DRAM[0m
[0;32mI (538) heap_init: At 3FFB8EF0 len 00027110 (156 KiB): DRAM[0m
[0;32mI (544) heap_init: At 3FFE0440 len 00003AE0 (14 KiB): D/IRAM[0m
[0;32mI (550) heap_init: At 3FFE4350 len 0001BCB0 (111 KiB): D/IRAM[0m
[0;32mI (557) heap_init: At 40096A7C len 00009584 (37 KiB): IRAM[0m
[0;32mI (565) spi_flash: detected chip: generic[0m
[0;32mI (568) spi_flash: flash io: dio[0m
[0;32mI (573) main_task: Started on CPU0[0m
[0;32mI (577) main_task: Calling app_main()[0m
[0;32mI (598) main_task: Returned from app_main()[0m
I (602) wifi:wifi driver task: 3ffbab50, prio:23, stack:6656, core=0
I (604) wifi:wifi firmware version: 3e0076f
I (604) wifi:wifi certification version: v7.0
I (607) wifi:config NVS flash: disabled
I (611) wifi:config nano formating: disabled
I (615) wifi:Init data frame dynamic rx buffer num: 32
I (620) wifi:Init static rx mgmt buffer num: 5
I (624) wifi:Init management short buffer num: 32
I (628) wifi:Init dynamic tx buffer num: 32
I (632) wifi:Init static rx buffer size: 1600
I (636) wifi:Init static rx buffer num: 10
I (640) wifi:Init dynamic rx buffer num: 32
[0;32mI (645) wifi_init: rx ba win: 6[0m
[0;32mI (648) wifi_init: tcpip mbox: 32[0m
[0;32mI (652) wifi_init: udp mbox: 6[0m
[0;32mI (655) wifi_init: tcp mbox: 6[0m
[0;32mI (659) wifi_init: tcp tx win: 5760[0m
[0;32mI (663) wifi_init: tcp rx win: 5760[0m
[0;32mI (667) wifi_init: tcp mss: 1440[0m
[0;32mI (671) wifi_init: WiFi IRAM OP enabled[0m
[0;32mI (676) wifi_init: WiFi RX IRAM OP enabled[0m
[0;32mI (682) phy_init: phy_version 4791,2c4672b,Dec 20 2023,16:06:06[0m
[0;33mW (688) phy_init: failed to load RF calibration data (0xffffffff), falling back to full calibration[0m
I (782) wifi:mode : sta (b8:d6:1a:6a:3d:0c)
I (783) wifi:enable tsf
[0;31mE (789) esp-tls: couldn't get hostname for :demo.thingsboard.io: getaddrinfo() returns 202, addrinfo=0x0[0m
[0;31mE (790) transport_base: Failed to open a new connection: 32769[0m
[0;31mE (796) mqtt_client: Error transport connect[0m
I (840) smartconfig: SC version: V3.0.1
0.75251
0.78335
0.76474
0.76474
0.78335
I (5681) wifi:ic_enable_sniffer
I (5682) smartconfig: Start to find channel...
[0;32mI (5683) smartconfig: Scan done[0m
I (5739) smartconfig: TYPE: ESPTOUCH
I (5740) smartconfig: T|AP MAC: f0:9f:c2:7d:67:b0
I (5741) smartconfig: Found channel on 1-0. Start to get ssid and password...
[0;32mI (5744) smartconfig: Found channel[0m
0.76474
0.76474
0.78335
0.76474
0.76474
I (10583) smartconfig: T|pswd: camonban
I (10584) smartconfig: T|ssid: KAI Coffee
I (10584) wifi:ic_disable_sniffer
[0;32mI (10585) smartconfig: Got SSID and password[0m
[0;31mE (10803) esp-tls: couldn't get hostname for :demo.thingsboard.io: getaddrinfo() returns 202, addrinfo=0x0[0m
[0;31mE (10804) transport_base: Failed to open a new connection: 32769[0m
[0;31mE (10809) mqtt_client: Error transport connect[0m
I (10855) wifi:new:<1,0>, old:<1,0>, ap:<255,255>, sta:<1,0>, prof:1
I (10856) wifi:state: init -> auth (b0)
I (10860) wifi:state: auth -> assoc (0)
I (10867) wifi:state: assoc -> run (10)
I (10882) wifi:connected with KAI Coffee, aid = 2, channel 1, BW20, bssid = f0:9f:c2:7d:67:b0
I (10883) wifi:security: WPA2-PSK, phy: bgn, rssi: -50
I (10885) wifi:pm start, type: 1

I (10888) wifi:dp: 1, bi: 102400, li: 3, scale listen interval from 307200 us to 307200 us
I (10906) wifi:<ba-add>idx:0 (ifx:0, f0:9f:c2:7d:67:b0), tid:0, ssn:0, winSize:64
I (10949) wifi:AP's beacon interval = 102400 us, DTIM period = 1
0.78335
[0;32mI (11900) esp_netif_handlers: sta ip: 192.168.0.232, mask: 255.255.255.0, gw: 192.168.1.1[0m
[0;32mI (11901) smartconfig: WiFi Connected to ap[0m
I (11904) wifi:<ba-add>idx:1 (ifx:0, f0:9f:c2:7d:67:b0), tid:1, ssn:0, winSize:64
0.76474
0.76474
0.78335
[0;32mI (15035) smartconfig: smartconfig over[0m
0.76474
0.76474
0.78335
0.76474
0.76474
0.78335
0.76474
0.76474
0.78335
0.76474
0.76474
0.78335
